Archive member included to satisfy reference by file (symbol)

D:/Apps/STM32CubeIDE/STM32CubeIDE_1.16.1/STM32CubeIDE/plugins/com.st.stm32cube.ide.mcu.externaltools.gnu-tools-for-stm32.12.3.rel1.win32_1.0.200.202406191623/tools/bin/../lib/gcc/arm-none-eabi/12.3.1/../../../../arm-none-eabi/lib/thumb/v7e-m+fp/hard\libc_nano.a(libc_a-atof.o)
                              ./Core/Src/Neo_6m.o (atof)
D:/Apps/STM32CubeIDE/STM32CubeIDE_1.16.1/STM32CubeIDE/plugins/com.st.stm32cube.ide.mcu.externaltools.gnu-tools-for-stm32.12.3.rel1.win32_1.0.200.202406191623/tools/bin/../lib/gcc/arm-none-eabi/12.3.1/../../../../arm-none-eabi/lib/thumb/v7e-m+fp/hard\libc_nano.a(libc_a-atoi.o)
                              ./Core/Src/Neo_6m.o (atoi)
D:/Apps/STM32CubeIDE/STM32CubeIDE_1.16.1/STM32CubeIDE/plugins/com.st.stm32cube.ide.mcu.externaltools.gnu-tools-for-stm32.12.3.rel1.win32_1.0.200.202406191623/tools/bin/../lib/gcc/arm-none-eabi/12.3.1/../../../../arm-none-eabi/lib/thumb/v7e-m+fp/hard\libc_nano.a(libc_a-exit.o)
                              D:/Apps/STM32CubeIDE/STM32CubeIDE_1.16.1/STM32CubeIDE/plugins/com.st.stm32cube.ide.mcu.externaltools.gnu-tools-for-stm32.12.3.rel1.win32_1.0.200.202406191623/tools/bin/../lib/gcc/arm-none-eabi/12.3.1/../../../../arm-none-eabi/lib/thumb/v7e-m+fp/hard/crt0.o (exit)
D:/Apps/STM32CubeIDE/STM32CubeIDE_1.16.1/STM32CubeIDE/plugins/com.st.stm32cube.ide.mcu.externaltools.gnu-tools-for-stm32.12.3.rel1.win32_1.0.200.202406191623/tools/bin/../lib/gcc/arm-none-eabi/12.3.1/../../../../arm-none-eabi/lib/thumb/v7e-m+fp/hard\libc_nano.a(libc_a-strtod.o)
                              D:/Apps/STM32CubeIDE/STM32CubeIDE_1.16.1/STM32CubeIDE/plugins/com.st.stm32cube.ide.mcu.externaltools.gnu-tools-for-stm32.12.3.rel1.win32_1.0.200.202406191623/tools/bin/../lib/gcc/arm-none-eabi/12.3.1/../../../../arm-none-eabi/lib/thumb/v7e-m+fp/hard\libc_nano.a(libc_a-atof.o) (strtod)
D:/Apps/STM32CubeIDE/STM32CubeIDE_1.16.1/STM32CubeIDE/plugins/com.st.stm32cube.ide.mcu.externaltools.gnu-tools-for-stm32.12.3.rel1.win32_1.0.200.202406191623/tools/bin/../lib/gcc/arm-none-eabi/12.3.1/../../../../arm-none-eabi/lib/thumb/v7e-m+fp/hard\libc_nano.a(libc_a-strtol.o)
                              D:/Apps/STM32CubeIDE/STM32CubeIDE_1.16.1/STM32CubeIDE/plugins/com.st.stm32cube.ide.mcu.externaltools.gnu-tools-for-stm32.12.3.rel1.win32_1.0.200.202406191623/tools/bin/../lib/gcc/arm-none-eabi/12.3.1/../../../../arm-none-eabi/lib/thumb/v7e-m+fp/hard\libc_nano.a(libc_a-atoi.o) (_strtol_r)
D:/Apps/STM32CubeIDE/STM32CubeIDE_1.16.1/STM32CubeIDE/plugins/com.st.stm32cube.ide.mcu.externaltools.gnu-tools-for-stm32.12.3.rel1.win32_1.0.200.202406191623/tools/bin/../lib/gcc/arm-none-eabi/12.3.1/../../../../arm-none-eabi/lib/thumb/v7e-m+fp/hard\libc_nano.a(libc_a-ctype_.o)
                              D:/Apps/STM32CubeIDE/STM32CubeIDE_1.16.1/STM32CubeIDE/plugins/com.st.stm32cube.ide.mcu.externaltools.gnu-tools-for-stm32.12.3.rel1.win32_1.0.200.202406191623/tools/bin/../lib/gcc/arm-none-eabi/12.3.1/../../../../arm-none-eabi/lib/thumb/v7e-m+fp/hard\libc_nano.a(libc_a-strtol.o) (_ctype_)
D:/Apps/STM32CubeIDE/STM32CubeIDE_1.16.1/STM32CubeIDE/plugins/com.st.stm32cube.ide.mcu.externaltools.gnu-tools-for-stm32.12.3.rel1.win32_1.0.200.202406191623/tools/bin/../lib/gcc/arm-none-eabi/12.3.1/../../../../arm-none-eabi/lib/thumb/v7e-m+fp/hard\libc_nano.a(libc_a-findfp.o)
                              D:/Apps/STM32CubeIDE/STM32CubeIDE_1.16.1/STM32CubeIDE/plugins/com.st.stm32cube.ide.mcu.externaltools.gnu-tools-for-stm32.12.3.rel1.win32_1.0.200.202406191623/tools/bin/../lib/gcc/arm-none-eabi/12.3.1/../../../../arm-none-eabi/lib/thumb/v7e-m+fp/hard\libc_nano.a(libc_a-exit.o) (__stdio_exit_handler)
D:/Apps/STM32CubeIDE/STM32CubeIDE_1.16.1/STM32CubeIDE/plugins/com.st.stm32cube.ide.mcu.externaltools.gnu-tools-for-stm32.12.3.rel1.win32_1.0.200.202406191623/tools/bin/../lib/gcc/arm-none-eabi/12.3.1/../../../../arm-none-eabi/lib/thumb/v7e-m+fp/hard\libc_nano.a(libc_a-fwalk.o)
                              D:/Apps/STM32CubeIDE/STM32CubeIDE_1.16.1/STM32CubeIDE/plugins/com.st.stm32cube.ide.mcu.externaltools.gnu-tools-for-stm32.12.3.rel1.win32_1.0.200.202406191623/tools/bin/../lib/gcc/arm-none-eabi/12.3.1/../../../../arm-none-eabi/lib/thumb/v7e-m+fp/hard\libc_nano.a(libc_a-findfp.o) (_fwalk_sglue)
D:/Apps/STM32CubeIDE/STM32CubeIDE_1.16.1/STM32CubeIDE/plugins/com.st.stm32cube.ide.mcu.externaltools.gnu-tools-for-stm32.12.3.rel1.win32_1.0.200.202406191623/tools/bin/../lib/gcc/arm-none-eabi/12.3.1/../../../../arm-none-eabi/lib/thumb/v7e-m+fp/hard\libc_nano.a(libc_a-stdio.o)
                              D:/Apps/STM32CubeIDE/STM32CubeIDE_1.16.1/STM32CubeIDE/plugins/com.st.stm32cube.ide.mcu.externaltools.gnu-tools-for-stm32.12.3.rel1.win32_1.0.200.202406191623/tools/bin/../lib/gcc/arm-none-eabi/12.3.1/../../../../arm-none-eabi/lib/thumb/v7e-m+fp/hard\libc_nano.a(libc_a-findfp.o) (__sread)
[...]
Memory Configuration

Name             Origin             Length             Attributes
RAM              0x20000000         0x00020000         xrw
FLASH            0x08000000         0x00080000         xr
*default*        0x00000000         0xffffffff

Linker script and memory map

LOAD D:/Apps/STM32CubeIDE/STM32CubeIDE_1.16.1/STM32CubeIDE/plugins/com.st.stm32cube.ide.mcu.externaltools.gnu-tools-for-stm32.12.3.rel1.win32_1.0.200.202406191623/tools/bin/../lib/gcc/arm-none-eabi/12.3.1/thumb/v7e-m+fp/hard/crti.o
LOAD D:/Apps/STM32CubeIDE/STM32CubeIDE_1.16.1/STM32CubeIDE/plugins/com.st.stm32cube.ide.mcu.externaltools.gnu-tools-for-stm32.12.3.rel1.win32_1.0.200.202406191623/tools/bin/../lib/gcc/arm-none-eabi/12.3.1/thumb/v7e-m+fp/hard/crtbegin.o
LOAD D:/Apps/STM32CubeIDE/STM32CubeIDE_1.16.1/STM32CubeIDE/plugins/com.st.stm32cube.ide.mcu.externaltools.gnu-tools-for-stm32.12.3.rel1.win32_1.0.200.202406191623/tools/bin/../lib/gcc/arm-none-eabi/12.3.1/../../../../arm-none-eabi/lib/thumb/v7e-m+fp/hard/crt0.o
LOAD ./Core/Src/Neo_6m.o
LOAD ./Core/Src/adc1.o
LOAD ./Core/Src/bme280.o
LOAD ./Core/Src/clock.o
LOAD ./Core/Src/gpio.o
LOAD ./Core/Src/hc-sr04.o
LOAD ./Core/Src/i2c1.o
LOAD ./Core/Src/main.o
LOAD ./Core/Src/syscalls.o
LOAD ./Core/Src/sysmem.o
LOAD ./Core/Src/system_stm32f4xx.o
LOAD ./Core/Src/tim2.o
LOAD ./Core/Src/uart2.o
LOAD ./Core/Startup/startup_stm32f446retx.o
LOAD ./Core/lsm6ds3.o
LOAD ./Drivers/STM32F4xx_HAL_Driver/Src/stm32f4xx_hal.o
LOAD ./Drivers/STM32F4xx_HAL_Driver/Src/stm32f4xx_hal_cortex.o
LOAD ./Drivers/STM32F4xx_HAL_Driver/Src/stm32f4xx_hal_dma.o
LOAD ./Drivers/STM32F4xx_HAL_Driver/Src/stm32f4xx_hal_dma_ex.o
LOAD ./Drivers/STM32F4xx_HAL_Driver/Src/stm32f4xx_hal_exti.o
LOAD ./Drivers/STM32F4xx_HAL_Driver/Src/stm32f4xx_hal_flash.o
LOAD ./Drivers/STM32F4xx_HAL_Driver/Src/stm32f4xx_hal_flash_ex.o
LOAD ./Drivers/STM32F4xx_HAL_Driver/Src/stm32f4xx_hal_flash_ramfunc.o
LOAD ./Drivers/STM32F4xx_HAL_Driver/Src/stm32f4xx_hal_gpio.o
LOAD ./Drivers/STM32F4xx_HAL_Driver/Src/stm32f4xx_hal_pwr.o
LOAD ./Drivers/STM32F4xx_HAL_Driver/Src/stm32f4xx_hal_pwr_ex.o
LOAD ./Drivers/STM32F4xx_HAL_Driver/Src/stm32f4xx_hal_rcc.o
LOAD ./Drivers/STM32F4xx_HAL_Driver/Src/stm32f4xx_hal_rcc_ex.o
LOAD ./Drivers/STM32F4xx_HAL_Driver/Src/stm32f4xx_hal_tim.o
LOAD ./Drivers/STM32F4xx_HAL_Driver/Src/stm32f4xx_hal_tim_ex.o
LOAD ./Drivers/STM32F4xx_HAL_Driver/Src/stm32f4xx_hal_uart.o
START GROUP
LOAD D:/Apps/STM32CubeIDE/STM32CubeIDE_1.16.1/STM32CubeIDE/plugins/com.st.stm32cube.ide.mcu.externaltools.gnu-tools-for-stm32.12.3.rel1.win32_1.0.200.202406191623/tools/bin/../lib/gcc/arm-none-eabi/12.3.1/../../../../arm-none-eabi/lib/thumb/v7e-m+fp/hard\libc_nano.a
LOAD D:/Apps/STM32CubeIDE/STM32CubeIDE_1.16.1/STM32CubeIDE/plugins/com.st.stm32cube.ide.mcu.externaltools.gnu-tools-for-stm32.12.3.rel1.win32_1.0.200.202406191623/tools/bin/../lib/gcc/arm-none-eabi/12.3.1/../../../../arm-none-eabi/lib/thumb/v7e-m+fp/hard\libm.a
END GROUP
START GROUP
LOAD D:/Apps/STM32CubeIDE/STM32CubeIDE_1.16.1/STM32CubeIDE/plugins/com.st.stm32cube.ide.mcu.externaltools.gnu-tools-for-stm32.12.3.rel1.win32_1.0.200.202406191623/tools/bin/../lib/gcc/arm-none-eabi/12.3.1/thumb/v7e-m+fp/hard\libgcc.a
LOAD D:/Apps/STM32CubeIDE/STM32CubeIDE_1.16.1/STM32CubeIDE/plugins/com.st.stm32cube.ide.mcu.externaltools.gnu-tools-for-stm32.12.3.rel1.win32_1.0.200.202406191623/tools/bin/../lib/gcc/arm-none-eabi/12.3.1/../../../../arm-none-eabi/lib/thumb/v7e-m+fp/hard\libc_nano.a
END GROUP
START GROUP
LOAD D:/Apps/STM32CubeIDE/STM32CubeIDE_1.16.1/STM32CubeIDE/plugins/com.st.stm32cube.ide.mcu.externaltools.gnu-tools-for-stm32.12.3.rel1.win32_1.0.200.202406191623/tools/bin/../lib/gcc/arm-none-eabi/12.3.1/thumb/v7e-m+fp/hard\libgcc.a
LOAD D:/Apps/STM32CubeIDE/STM32CubeIDE_1.16.1/STM32CubeIDE/plugins/com.st.stm32cube.ide.mcu.externaltools.gnu-tools-for-stm32.12.3.rel1.win32_1.0.200.202406191623/tools/bin/../lib/gcc/arm-none-eabi/12.3.1/../../../../arm-none-eabi/lib/thumb/v7e-m+fp/hard\libc_nano.a
LOAD D:/Apps/STM32CubeIDE/STM32CubeIDE_1.16.1/STM32CubeIDE/plugins/com.st.stm32cube.ide.mcu.externaltools.gnu-tools-for-stm32.12.3.rel1.win32_1.0.200.202406191623/tools/bin/../lib/gcc/arm-none-eabi/12.3.1/../../../../arm-none-eabi/lib/thumb/v7e-m+fp/hard\libnosys.a
END GROUP
START GROUP
LOAD D:/Apps/STM32CubeIDE/STM32CubeIDE_1.16.1/STM32CubeIDE/plugins/com.st.stm32cube.ide.mcu.externaltools.gnu-tools-for-stm32.12.3.rel1.win32_1.0.200.202406191623/tools/bin/../lib/gcc/arm-none-eabi/12.3.1/thumb/v7e-m+fp/hard\libgcc.a
LOAD D:/Apps/STM32CubeIDE/STM32CubeIDE_1.16.1/STM32CubeIDE/plugins/com.st.stm32cube.ide.mcu.externaltools.gnu-tools-for-stm32.12.3.rel1.win32_1.0.200.202406191623/tools/bin/../lib/gcc/arm-none-eabi/12.3.1/../../../../arm-none-eabi/lib/thumb/v7e-m+fp/hard\libc_nano.a
LOAD D:/Apps/STM32CubeIDE/STM32CubeIDE_1.16.1/STM32CubeIDE/plugins/com.st.stm32cube.ide.mcu.externaltools.gnu-tools-for-stm32.12.3.rel1.win32_1.0.200.202406191623/tools/bin/../lib/gcc/arm-none-eabi/12.3.1/../../../../arm-none-eabi/lib/thumb/v7e-m+fp/hard\libnosys.a
END GROUP
LOAD D:/Apps/STM32CubeIDE/STM32CubeIDE_1.16.1/STM32CubeIDE/plugins/com.st.stm32cube.ide.mcu.externaltools.gnu-tools-for-stm32.12.3.rel1.win32_1.0.200.202406191623/tools/bin/../lib/gcc/arm-none-eabi/12.3.1/thumb/v7e-m+fp/hard/crtend.o
LOAD D:/Apps/STM32CubeIDE/STM32CubeIDE_1.16.1/STM32CubeIDE/plugins/com.st.stm32cube.ide.mcu.externaltools.gnu-tools-for-stm32.12.3.rel1.win32_1.0.200.202406191623/tools/bin/../lib/gcc/arm-none-eabi/12.3.1/thumb/v7e-m+fp/hard/crtn.o
                0x20020000                        _estack = (ORIGIN (RAM) + LENGTH (RAM))
                0x00000200                        _Min_Heap_Size = 0x200
                0x00000400                        _Min_Stack_Size = 0x400

.isr_vector     0x08000000      0x1c4
                0x08000000                        . = ALIGN (0x4)
 *(.isr_vector)
 .isr_vector    0x08000000      0x1c4 ./Core/Startup/startup_stm32f446retx.o
                0x08000000                g_pfnVectors
                0x080001c4                        . = ALIGN (0x4)

.text           0x080001c4     0x1ca0
                0x080001c4                        . = ALIGN (0x4)
 *(.text)
 .text          0x080001c4       0x40 D:/Apps/STM32CubeIDE/STM32CubeIDE_1.16.1/STM32CubeIDE/plugins/com.st.stm32cube.ide.mcu.externaltools.gnu-tools-for-stm32.12.3.rel1.win32_1.0.200.202406191623/tools/bin/../lib/gcc/arm-none-eabi/12.3.1/thumb/v7e-m+fp/hard/crtbegin.o
 .text          0x08000204       0x30 D:/Apps/STM32CubeIDE/STM32CubeIDE_1.16.1/STM32CubeIDE/plugins/com.st.stm32cube.ide.mcu.externaltools.gnu-tools-for-stm32.12.3.rel1.win32_1.0.200.202406191623/tools/bin/../lib/gcc/arm-none-eabi/12.3.1/thumb/v7e-m+fp/hard\libgcc.a(_aeabi_uldivmod.o)
                0x08000204                __aeabi_uldivmod
 .text          0x08000234      0x2bc D:/Apps/STM32CubeIDE/STM32CubeIDE_1.16.1/STM32CubeIDE/plugins/com.st.stm32cube.ide.mcu.externaltools.gnu-tools-for-stm32.12.3.rel1.win32_1.0.200.202406191623/tools/bin/../lib/gcc/arm-none-eabi/12.3.1/thumb/v7e-m+fp/hard\libgcc.a(_udivmoddi4.o)
                0x08000234                __udivmoddi4
 .text          0x080004f0        0x4 D:/Apps/STM32CubeIDE/STM32CubeIDE_1.16.1/STM32CubeIDE/plugins/com.st.stm32cube.ide.mcu.externaltools.gnu-tools-for-stm32.12.3.rel1.win32_1.0.200.202406191623/tools/bin/../lib/gcc/arm-none-eabi/12.3.1/thumb/v7e-m+fp/hard\libgcc.a(_dvmd_tls.o)
                0x080004f0                __aeabi_idiv0
                0x080004f0                __aeabi_ldiv0
 *(.text*)
 .text.GPS_Init
                0x080004f4       0x2c ./Core/Src/Neo_6m.o
                0x080004f4                GPS_Init
 .text.HCSR04_Init
                0x08000520       0x88 ./Core/Src/hc-sr04.o
                0x08000520                HCSR04_Init
 .text.I2C1_Init
                0x080005a8      0x10c ./Core/Src/i2c1.o
                0x080005a8                I2C1_Init
 .text.main     0x080006b4       0x34 ./Core/Src/main.o
                0x080006b4                main
 .text.SystemClock_Config
                0x080006e8       0xdc ./Core/Src/main.o
                0x080006e8                SystemClock_Config
 .text.MX_USART1_UART_Init
                0x080007c4       0x54 ./Core/Src/main.o
 .text.MX_GPIO_Init
                0x08000818       0x34 ./Core/Src/main.o
 .text.Error_Handler
                0x0800084c        0xc ./Core/Src/main.o
                0x0800084c                Error_Handler
 .text.SystemInit
                0x08000858       0x24 ./Core/Src/system_stm32f4xx.o
                0x08000858                SystemInit
 .text.TIM2_Init
                0x0800087c       0x40 ./Core/Src/tim2.o
                0x0800087c                TIM2_Init
 .text.UART2_Init
                0x080008bc       0xd0 ./Core/Src/uart2.o
                0x080008bc                UART2_Init
 .text.USART2_IRQHandler
                0x0800098c       0x5c ./Core/Src/uart2.o
                0x0800098c                USART2_IRQHandler
 .text.Reset_Handler
                0x080009e8       0x50 ./Core/Startup/startup_stm32f446retx.o
                0x080009e8                Reset_Handler
 .text.Default_Handler
                0x08000a38        0x2 ./Core/Startup/startup_stm32f446retx.o
                0x08000a38                RTC_Alarm_IRQHandler
                0x08000a38                EXTI2_IRQHandler
                0x08000a38                TIM8_CC_IRQHandler
                0x08000a38                DebugMon_Handler
                0x08000a38                FMPI2C1_EV_IRQHandler
                0x08000a38                SPI4_IRQHandler
                0x08000a38                TIM1_CC_IRQHandler
                0x08000a38                DMA2_Stream5_IRQHandler
                0x08000a38                HardFault_Handler
                0x08000a38                DMA1_Stream5_IRQHandler
                0x08000a38                SysTick_Handler
                0x08000a38                PVD_IRQHandler
                0x08000a38                SDIO_IRQHandler
                0x08000a38                TAMP_STAMP_IRQHandler
                0x08000a38                PendSV_Handler
                0x08000a38                NMI_Handler
                0x08000a38                CAN2_RX1_IRQHandler
                0x08000a38                EXTI3_IRQHandler
                0x08000a38                TIM8_TRG_COM_TIM14_IRQHandler
                0x08000a38                TIM1_UP_TIM10_IRQHandler
                0x08000a38                TIM8_UP_TIM13_IRQHandler
                0x08000a38                I2C3_ER_IRQHandler
                0x08000a38                EXTI0_IRQHandler
                0x08000a38                I2C2_EV_IRQHandler
                0x08000a38                DMA1_Stream2_IRQHandler
                0x08000a38                CAN1_RX0_IRQHandler
                0x08000a38                FPU_IRQHandler
                0x08000a38                OTG_HS_WKUP_IRQHandler
                0x08000a38                UsageFault_Handler
                0x08000a38                CAN2_SCE_IRQHandler
                0x08000a38                DMA2_Stream2_IRQHandler
                0x08000a38                SPI1_IRQHandler
                0x08000a38                TIM6_DAC_IRQHandler
                0x08000a38                TIM1_BRK_TIM9_IRQHandler
                0x08000a38                DCMI_IRQHandler
                0x08000a38                CAN2_RX0_IRQHandler
                0x08000a38                DMA2_Stream3_IRQHandler
                0x08000a38                SAI2_IRQHandler
                0x08000a38                USART6_IRQHandler
                0x08000a38                USART3_IRQHandler
                0x08000a38                CAN1_RX1_IRQHandler
                0x08000a38                UART5_IRQHandler
                0x08000a38                DMA2_Stream0_IRQHandler
                0x08000a38                TIM4_IRQHandler
                0x08000a38                QUADSPI_IRQHandler
                0x08000a38                I2C1_EV_IRQHandler
                0x08000a38                DMA1_Stream6_IRQHandler
                0x08000a38                DMA1_Stream1_IRQHandler
                0x08000a38                UART4_IRQHandler
                0x08000a38                TIM3_IRQHandler
                0x08000a38                RCC_IRQHandler
                0x08000a38                TIM8_BRK_TIM12_IRQHandler
                0x08000a38                Default_Handler
                0x08000a38                CEC_IRQHandler
                0x08000a38                EXTI15_10_IRQHandler
                0x08000a38                ADC_IRQHandler
                0x08000a38                DMA1_Stream7_IRQHandler
                0x08000a38                TIM7_IRQHandler
                0x08000a38                CAN2_TX_IRQHandler
                0x08000a38                TIM5_IRQHandler
                0x08000a38                DMA2_Stream7_IRQHandler
                0x08000a38                I2C3_EV_IRQHandler
                0x08000a38                EXTI9_5_IRQHandler
                0x08000a38                RTC_WKUP_IRQHandler
                0x08000a38                SPDIF_RX_IRQHandler
                0x08000a38                SPI2_IRQHandler
                0x08000a38                OTG_HS_EP1_IN_IRQHandler
                0x08000a38                MemManage_Handler
                0x08000a38                DMA1_Stream0_IRQHandler
                0x08000a38                CAN1_TX_IRQHandler
                0x08000a38                SVC_Handler
                0x08000a38                FMPI2C1_ER_IRQHandler
                0x08000a38                EXTI4_IRQHandler
                0x08000a38                OTG_HS_EP1_OUT_IRQHandler
                0x08000a38                WWDG_IRQHandler
                0x08000a38                TIM2_IRQHandler
                0x08000a38                OTG_FS_WKUP_IRQHandler
                0x08000a38                TIM1_TRG_COM_TIM11_IRQHandler
                0x08000a38                OTG_HS_IRQHandler
                0x08000a38                EXTI1_IRQHandler
                0x08000a38                I2C2_ER_IRQHandler
                0x08000a38                DMA2_Stream1_IRQHandler
                0x08000a38                CAN1_SCE_IRQHandler
                0x08000a38                FLASH_IRQHandler
                0x08000a38                DMA2_Stream4_IRQHandler
                0x08000a38                BusFault_Handler
                0x08000a38                USART1_IRQHandler
                0x08000a38                OTG_FS_IRQHandler
                0x08000a38                SPI3_IRQHandler
                0x08000a38                DMA1_Stream4_IRQHandler
                0x08000a38                I2C1_ER_IRQHandler
                0x08000a38                FMC_IRQHandler
                0x08000a38                DMA2_Stream6_IRQHandler
                0x08000a38                SAI1_IRQHandler
                0x08000a38                DMA1_Stream3_IRQHandler
 *fill*         0x08000a3a        0x2 
 .text.HAL_Init
                0x08000a3c       0x44 ./Drivers/STM32F4xx_HAL_Driver/Src/stm32f4xx_hal.o
                0x08000a3c                HAL_Init
 .text.HAL_MspInit
                0x08000a80        0xe ./Drivers/STM32F4xx_HAL_Driver/Src/stm32f4xx_hal.o
                0x08000a80                HAL_MspInit
 *fill*         0x08000a8e        0x2 
 .text.HAL_InitTick
                0x08000a90       0x60 ./Drivers/STM32F4xx_HAL_Driver/Src/stm32f4xx_hal.o
                0x08000a90                HAL_InitTick
 .text.HAL_GetTick
                0x08000af0       0x18 ./Drivers/STM32F4xx_HAL_Driver/Src/stm32f4xx_hal.o
                0x08000af0                HAL_GetTick
 .text.__NVIC_SetPriorityGrouping
                0x08000b08       0x48 ./Drivers/STM32F4xx_HAL_Driver/Src/stm32f4xx_hal_cortex.o
 .text.__NVIC_GetPriorityGrouping
                0x08000b50       0x1c ./Drivers/STM32F4xx_HAL_Driver/Src/stm32f4xx_hal_cortex.o
 .text.__NVIC_SetPriority
                0x08000b6c       0x54 ./Drivers/STM32F4xx_HAL_Driver/Src/stm32f4xx_hal_cortex.o
 .text.NVIC_EncodePriority
                0x08000bc0       0x66 ./Drivers/STM32F4xx_HAL_Driver/Src/stm32f4xx_hal_cortex.o
 *fill*         0x08000c26        0x2 
 .text.SysTick_Config
                0x08000c28       0x44 ./Drivers/STM32F4xx_HAL_Driver/Src/stm32f4xx_hal_cortex.o
 .text.HAL_NVIC_SetPriorityGrouping
                0x08000c6c       0x16 ./Drivers/STM32F4xx_HAL_Driver/Src/stm32f4xx_hal_cortex.o
                0x08000c6c                HAL_NVIC_SetPriorityGrouping
 .text.HAL_NVIC_SetPriority
                0x08000c82       0x38 ./Drivers/STM32F4xx_HAL_Driver/Src/stm32f4xx_hal_cortex.o
                0x08000c82                HAL_NVIC_SetPriority
 .text.HAL_SYSTICK_Config
                0x08000cba       0x18 ./Drivers/STM32F4xx_HAL_Driver/Src/stm32f4xx_hal_cortex.o
                0x08000cba                HAL_SYSTICK_Config
 *fill*         0x08000cd2        0x2 
 .text.HAL_RCC_ClockConfig
                0x08000cd4      0x1cc ./Drivers/STM32F4xx_HAL_Driver/Src/stm32f4xx_hal_rcc.o
                0x08000cd4                HAL_RCC_ClockConfig
 .text.HAL_RCC_GetHCLKFreq
                0x08000ea0       0x18 ./Drivers/STM32F4xx_HAL_Driver/Src/stm32f4xx_hal_rcc.o
                0x08000ea0                HAL_RCC_GetHCLKFreq
 .text.HAL_RCC_GetPCLK1Freq
                0x08000eb8       0x28 ./Drivers/STM32F4xx_HAL_Driver/Src/stm32f4xx_hal_rcc.o
                0x08000eb8                HAL_RCC_GetPCLK1Freq
 .text.HAL_RCC_GetPCLK2Freq
                0x08000ee0       0x28 ./Drivers/STM32F4xx_HAL_Driver/Src/stm32f4xx_hal_rcc.o
                0x08000ee0                HAL_RCC_GetPCLK2Freq
 .text.HAL_RCC_GetSysClockFreq
                0x08000f08      0x354 ./Drivers/STM32F4xx_HAL_Driver/Src/stm32f4xx_hal_rcc_ex.o
                0x08000f08                HAL_RCC_GetSysClockFreq
 .text.HAL_RCC_OscConfig
                0x0800125c      0x53c ./Drivers/STM32F4xx_HAL_Driver/Src/stm32f4xx_hal_rcc_ex.o
                0x0800125c                HAL_RCC_OscConfig
 .text.HAL_UART_Init
                0x08001798       0xa0 ./Drivers/STM32F4xx_HAL_Driver/Src/stm32f4xx_hal_uart.o
                0x08001798                HAL_UART_Init
 .text.HAL_UART_MspInit
                0x08001838       0x14 ./Drivers/STM32F4xx_HAL_Driver/Src/stm32f4xx_hal_uart.o
                0x08001838                HAL_UART_MspInit
 .text.HAL_UART_Receive_IT
                0x0800184c       0x4a ./Drivers/STM32F4xx_HAL_Driver/Src/stm32f4xx_hal_uart.o
                0x0800184c                HAL_UART_Receive_IT
 .text.UART_Start_Receive_IT
                0x08001896       0x74 ./Drivers/STM32F4xx_HAL_Driver/Src/stm32f4xx_hal_uart.o
                0x08001896                UART_Start_Receive_IT
 *fill*         0x0800190a        0x2 
 .text.UART_SetConfig
                0x0800190c      0x4e8 ./Drivers/STM32F4xx_HAL_Driver/Src/stm32f4xx_hal_uart.o
 .text.memset   0x08001df4       0x10 D:/Apps/STM32CubeIDE/STM32CubeIDE_1.16.1/STM32CubeIDE/plugins/com.st.stm32cube.ide.mcu.externaltools.gnu-tools-for-stm32.12.3.rel1.win32_1.0.200.202406191623/tools/bin/../lib/gcc/arm-none-eabi/12.3.1/../../../../arm-none-eabi/lib/thumb/v7e-m+fp/hard\libc_nano.a(libc_a-memset.o)
                0x08001df4                memset
 .text.__libc_init_array
                0x08001e04       0x48 D:/Apps/STM32CubeIDE/STM32CubeIDE_1.16.1/STM32CubeIDE/plugins/com.st.stm32cube.ide.mcu.externaltools.gnu-tools-for-stm32.12.3.rel1.win32_1.0.200.202406191623/tools/bin/../lib/gcc/arm-none-eabi/12.3.1/../../../../arm-none-eabi/lib/thumb/v7e-m+fp/hard\libc_nano.a(libc_a-init.o)
                0x08001e04                __libc_init_array
 *(.glue_7)
 .glue_7        0x08001e4c        0x0 linker stubs
 *(.glue_7t)
 .glue_7t       0x08001e4c        0x0 linker stubs
 *(.eh_frame)
 .eh_frame      0x08001e4c        0x0 D:/Apps/STM32CubeIDE/STM32CubeIDE_1.16.1/STM32CubeIDE/plugins/com.st.stm32cube.ide.mcu.externaltools.gnu-tools-for-stm32.12.3.rel1.win32_1.0.200.202406191623/tools/bin/../lib/gcc/arm-none-eabi/12.3.1/thumb/v7e-m+fp/hard/crtbegin.o
 *(.init)
 .init          0x08001e4c        0x4 D:/Apps/STM32CubeIDE/STM32CubeIDE_1.16.1/STM32CubeIDE/plugins/com.st.stm32cube.ide.mcu.externaltools.gnu-tools-for-stm32.12.3.rel1.win32_1.0.200.202406191623/tools/bin/../lib/gcc/arm-none-eabi/12.3.1/thumb/v7e-m+fp/hard/crti.o
                0x08001e4c                _init
 .init          0x08001e50        0x8 D:/Apps/STM32CubeIDE/STM32CubeIDE_1.16.1/STM32CubeIDE/plugins/com.st.stm32cube.ide.mcu.externaltools.gnu-tools-for-stm32.12.3.rel1.win32_1.0.200.202406191623/tools/bin/../lib/gcc/arm-none-eabi/12.3.1/thumb/v7e-m+fp/hard/crtn.o
 *(.fini)
 .fini          0x08001e58        0x4 D:/Apps/STM32CubeIDE/STM32CubeIDE_1.16.1/STM32CubeIDE/plugins/com.st.stm32cube.ide.mcu.externaltools.gnu-tools-for-stm32.12.3.rel1.win32_1.0.200.202406191623/tools/bin/../lib/gcc/arm-none-eabi/12.3.1/thumb/v7e-m+fp/hard/crti.o
                0x08001e58                _fini
 .fini          0x08001e5c        0x8 D:/Apps/STM32CubeIDE/STM32CubeIDE_1.16.1/STM32CubeIDE/plugins/com.st.stm32cube.ide.mcu.externaltools.gnu-tools-for-stm32.12.3.rel1.win32_1.0.200.202406191623/tools/bin/../lib/gcc/arm-none-eabi/12.3.1/thumb/v7e-m+fp/hard/crtn.o
                0x08001e64                        . = ALIGN (0x4)
                0x08001e64                        _etext = .

.vfp11_veneer   0x08001e64        0x0
 .vfp11_veneer  0x08001e64        0x0 linker stubs

.v4_bx          0x08001e64        0x0
 .v4_bx         0x08001e64        0x0 linker stubs

.iplt           0x08001e64        0x0
 .iplt          0x08001e64        0x0 D:/Apps/STM32CubeIDE/STM32CubeIDE_1.16.1/STM32CubeIDE/plugins/com.st.stm32cube.ide.mcu.externaltools.gnu-tools-for-stm32.12.3.rel1.win32_1.0.200.202406191623/tools/bin/../lib/gcc/arm-none-eabi/12.3.1/thumb/v7e-m+fp/hard/crtbegin.o

.rodata         0x08001e64       0x18
                0x08001e64                        . = ALIGN (0x4)
 *(.rodata)
 *(.rodata*)
 .rodata.AHBPrescTable
                0x08001e64       0x10 ./Core/Src/system_stm32f4xx.o
                0x08001e64                AHBPrescTable
 .rodata.APBPrescTable
                0x08001e74        0x8 ./Core/Src/system_stm32f4xx.o
                0x08001e74                APBPrescTable
                0x08001e7c                        . = ALIGN (0x4)

.ARM.extab      0x08001e7c        0x0
                0x08001e7c                        . = ALIGN (0x4)
 *(.ARM.extab* .gnu.linkonce.armextab.*)
                0x08001e7c                        . = ALIGN (0x4)

.ARM            0x08001e7c        0x8
                0x08001e7c                        . = ALIGN (0x4)
                0x08001e7c                        __exidx_start = .
 *(.ARM.exidx*)
 .ARM.exidx     0x08001e7c        0x8 D:/Apps/STM32CubeIDE/STM32CubeIDE_1.16.1/STM32CubeIDE/plugins/com.st.stm32cube.ide.mcu.externaltools.gnu-tools-for-stm32.12.3.rel1.win32_1.0.200.202406191623/tools/bin/../lib/gcc/arm-none-eabi/12.3.1/thumb/v7e-m+fp/hard\libgcc.a(_udivmoddi4.o)
                0x08001e84                        __exidx_end = .
                0x08001e84                        . = ALIGN (0x4)

.preinit_array  0x08001e84        0x0
                0x08001e84                        . = ALIGN (0x4)
                0x08001e84                        PROVIDE (__preinit_array_start = .)
 *(.preinit_array*)
                0x08001e84                        PROVIDE (__preinit_array_end = .)
                0x08001e84                        . = ALIGN (0x4)

.init_array     0x08001e84        0x4
                0x08001e84                        . = ALIGN (0x4)
                0x08001e84                        PROVIDE (__init_array_start = .)
 *(SORT_BY_NAME(.init_array.*))
 *(.init_array*)
 .init_array    0x08001e84        0x4 D:/Apps/STM32CubeIDE/STM32CubeIDE_1.16.1/STM32CubeIDE/plugins/com.st.stm32cube.ide.mcu.externaltools.gnu-tools-for-stm32.12.3.rel1.win32_1.0.200.202406191623/tools/bin/../lib/gcc/arm-none-eabi/12.3.1/thumb/v7e-m+fp/hard/crtbegin.o
                0x08001e88                        PROVIDE (__init_array_end = .)
                0x08001e88                        . = ALIGN (0x4)

.fini_array     0x08001e88        0x4
                0x08001e88                        . = ALIGN (0x4)
                [!provide]                        PROVIDE (__fini_array_start = .)
 *(SORT_BY_NAME(.fini_array.*))
 *(.fini_array*)
 .fini_array    0x08001e88        0x4 D:/Apps/STM32CubeIDE/STM32CubeIDE_1.16.1/STM32CubeIDE/plugins/com.st.stm32cube.ide.mcu.externaltools.gnu-tools-for-stm32.12.3.rel1.win32_1.0.200.202406191623/tools/bin/../lib/gcc/arm-none-eabi/12.3.1/thumb/v7e-m+fp/hard/crtbegin.o
                [!provide]                        PROVIDE (__fini_array_end = .)
                0x08001e8c                        . = ALIGN (0x4)
                0x08001e8c                        _sidata = LOADADDR (.data)

.rel.dyn        0x08001e8c        0x0
 .rel.iplt      0x08001e8c        0x0 D:/Apps/STM32CubeIDE/STM32CubeIDE_1.16.1/STM32CubeIDE/plugins/com.st.stm32cube.ide.mcu.externaltools.gnu-tools-for-stm32.12.3.rel1.win32_1.0.200.202406191623/tools/bin/../lib/gcc/arm-none-eabi/12.3.1/thumb/v7e-m+fp/hard/crtbegin.o

.data           0x20000000        0xc load address 0x08001e8c
                0x20000000                        . = ALIGN (0x4)
                0x20000000                        _sdata = .
 *(.data)
 *(.data*)
 .data.SystemCoreClock
                0x20000000        0x4 ./Core/Src/system_stm32f4xx.o
                0x20000000                SystemCoreClock
 .data.uwTickPrio
                0x20000004        0x4 ./Drivers/STM32F4xx_HAL_Driver/Src/stm32f4xx_hal.o
                0x20000004                uwTickPrio
 .data.uwTickFreq
                0x20000008        0x1 ./Drivers/STM32F4xx_HAL_Driver/Src/stm32f4xx_hal.o
                0x20000008                uwTickFreq
 *(.RamFunc)
 *(.RamFunc*)
                0x2000000c                        . = ALIGN (0x4)
 *fill*         0x20000009        0x3 
                0x2000000c                        _edata = .

.igot.plt       0x2000000c        0x0 load address 0x08001e98
 .igot.plt      0x2000000c        0x0 D:/Apps/STM32CubeIDE/STM32CubeIDE_1.16.1/STM32CubeIDE/plugins/com.st.stm32cube.ide.mcu.externaltools.gnu-tools-for-stm32.12.3.rel1.win32_1.0.200.202406191623/tools/bin/../lib/gcc/arm-none-eabi/12.3.1/thumb/v7e-m+fp/hard/crtbegin.o
                0x2000000c                        . = ALIGN (0x4)

.bss            0x2000000c       0xb4 load address 0x08001e98
                0x2000000c                        _sbss = .
                0x2000000c                        __bss_start__ = _sbss
 *(.bss)
 .bss           0x2000000c       0x1c D:/Apps/STM32CubeIDE/STM32CubeIDE_1.16.1/STM32CubeIDE/plugins/com.st.stm32cube.ide.mcu.externaltools.gnu-tools-for-stm32.12.3.rel1.win32_1.0.200.202406191623/tools/bin/../lib/gcc/arm-none-eabi/12.3.1/thumb/v7e-m+fp/hard/crtbegin.o
 *(.bss*)
 .bss.gps_uart  0x20000028        0x4 ./Core/Src/Neo_6m.o
 .bss.rx_byte   0x2000002c        0x1 ./Core/Src/Neo_6m.o
 *fill*         0x2000002d        0x3 
 .bss.huart1    0x20000030       0x48 ./Core/Src/main.o
                0x20000030                huart1
 .bss.rx_buffer
                0x20000078       0x40 ./Core/Src/uart2.o
                0x20000078                rx_buffer
 .bss.rx_head   0x200000b8        0x1 ./Core/Src/uart2.o
                0x200000b8                rx_head
 *fill*         0x200000b9        0x3 
 .bss.uwTick    0x200000bc        0x4 ./Drivers/STM32F4xx_HAL_Driver/Src/stm32f4xx_hal.o
                0x200000bc                uwTick
 *(COMMON)
                0x200000c0                        . = ALIGN (0x4)
                0x200000c0                        _ebss = .
                0x200000c0                        __bss_end__ = _ebss

._user_heap_stack
                0x200000c0      0x600 load address 0x08001e98
                0x200000c0                        . = ALIGN (0x8)
                [!provide]                        PROVIDE (end = .)
                0x200000c0                        PROVIDE (_end = .)
                0x200002c0                        . = (. + _Min_Heap_Size)
 *fill*         0x200000c0      0x200 
                0x200006c0                        . = (. + _Min_Stack_Size)
 *fill*         0x200002c0      0x400 
                0x200006c0                        . = ALIGN (0x8)

/DISCARD/
 libc.a(*)
 libm.a(*)
 libgcc.a(*)

.ARM.attributes
                0x00000000       0x30
 *(.ARM.attributes)
 .ARM.attributes
                0x00000000       0x22 D:/Apps/STM32CubeIDE/STM32CubeIDE_1.16.1/STM32CubeIDE/plugins/com.st.stm32cube.ide.mcu.externaltools.gnu-tools-for-stm32.12.3.rel1.win32_1.0.200.202406191623/tools/bin/../lib/gcc/arm-none-eabi/12.3.1/thumb/v7e-m+fp/hard/crti.o
 .ARM.attributes
                0x00000022       0x34 D:/Apps/STM32CubeIDE/STM32CubeIDE_1.16.1/STM32CubeIDE/plugins/com.st.stm32cube.ide.mcu.externaltools.gnu-tools-for-stm32.12.3.rel1.win32_1.0.200.202406191623/tools/bin/../lib/gcc/arm-none-eabi/12.3.1/thumb/v7e-m+fp/hard/crtbegin.o
 .ARM.attributes
                0x00000056       0x34 ./Core/Src/Neo_6m.o
 .ARM.attributes
                0x0000008a       0x34 ./Core/Src/hc-sr04.o
 .ARM.attributes
                0x000000be       0x34 ./Core/Src/i2c1.o
 .ARM.attributes
                0x000000f2       0x34 ./Core/Src/main.o
 .ARM.attributes
                0x00000126       0x34 ./Core/Src/system_stm32f4xx.o
 .ARM.attributes
                0x0000015a       0x34 ./Core/Src/tim2.o
 .ARM.attributes
                0x0000018e       0x34 ./Core/Src/uart2.o
 .ARM.attributes
                0x000001c2       0x21 ./Core/Startup/startup_stm32f446retx.o
 .ARM.attributes
                0x000001e3       0x34 ./Drivers/STM32F4xx_HAL_Driver/Src/stm32f4xx_hal.o
 .ARM.attributes
                0x00000217       0x34 ./Drivers/STM32F4xx_HAL_Driver/Src/stm32f4xx_hal_cortex.o
 .ARM.attributes
                0x0000024b       0x34 ./Drivers/STM32F4xx_HAL_Driver/Src/stm32f4xx_hal_rcc.o
 .ARM.attributes
                0x0000027f       0x34 ./Drivers/STM32F4xx_HAL_Driver/Src/stm32f4xx_hal_rcc_ex.o
 .ARM.attributes
                0x000002b3       0x34 ./Drivers/STM32F4xx_HAL_Driver/Src/stm32f4xx_hal_uart.o
 .ARM.attributes
                0x000002e7       0x34 D:/Apps/STM32CubeIDE/STM32CubeIDE_1.16.1/STM32CubeIDE/plugins/com.st.stm32cube.ide.mcu.externaltools.gnu-tools-for-stm32.12.3.rel1.win32_1.0.200.202406191623/tools/bin/../lib/gcc/arm-none-eabi/12.3.1/../../../../arm-none-eabi/lib/thumb/v7e-m+fp/hard\libc_nano.a(libc_a-memset.o)
 .ARM.attributes
                0x0000031b       0x34 D:/Apps/STM32CubeIDE/STM32CubeIDE_1.16.1/STM32CubeIDE/plugins/com.st.stm32cube.ide.mcu.externaltools.gnu-tools-for-stm32.12.3.rel1.win32_1.0.200.202406191623/tools/bin/../lib/gcc/arm-none-eabi/12.3.1/../../../../arm-none-eabi/lib/thumb/v7e-m+fp/hard\libc_nano.a(libc_a-init.o)
 .ARM.attributes
                0x0000034f       0x22 D:/Apps/STM32CubeIDE/STM32CubeIDE_1.16.1/STM32CubeIDE/plugins/com.st.stm32cube.ide.mcu.externaltools.gnu-tools-for-stm32.12.3.rel1.win32_1.0.200.202406191623/tools/bin/../lib/gcc/arm-none-eabi/12.3.1/thumb/v7e-m+fp/hard\libgcc.a(_aeabi_uldivmod.o)
 .ARM.attributes
                0x00000371       0x34 D:/Apps/STM32CubeIDE/STM32CubeIDE_1.16.1/STM32CubeIDE/plugins/com.st.stm32cube.ide.mcu.externaltools.gnu-tools-for-stm32.12.3.rel1.win32_1.0.200.202406191623/tools/bin/../lib/gcc/arm-none-eabi/12.3.1/thumb/v7e-m+fp/hard\libgcc.a(_udivmoddi4.o)
 .ARM.attributes
                0x000003a5       0x22 D:/Apps/STM32CubeIDE/STM32CubeIDE_1.16.1/STM32CubeIDE/plugins/com.st.stm32cube.ide.mcu.externaltools.gnu-tools-for-stm32.12.3.rel1.win32_1.0.200.202406191623/tools/bin/../lib/gcc/arm-none-eabi/12.3.1/thumb/v7e-m+fp/hard\libgcc.a(_dvmd_tls.o)
 .ARM.attributes
                0x000003c7       0x22 D:/Apps/STM32CubeIDE/STM32CubeIDE_1.16.1/STM32CubeIDE/plugins/com.st.stm32cube.ide.mcu.externaltools.gnu-tools-for-stm32.12.3.rel1.win32_1.0.200.202406191623/tools/bin/../lib/gcc/arm-none-eabi/12.3.1/thumb/v7e-m+fp/hard/crtn.o
OUTPUT(road-surface-monitor.elf elf32-littlearm)
LOAD linker stubs
LOAD D:/Apps/STM32CubeIDE/STM32CubeIDE_1.16.1/STM32CubeIDE/plugins/com.st.stm32cube.ide.mcu.externaltools.gnu-tools-for-stm32.12.3.rel1.win32_1.0.200.202406191623/tools/bin/../lib/gcc/arm-none-eabi/12.3.1/../../../../arm-none-eabi/lib/thumb/v7e-m+fp/hard\libc.a
LOAD D:/Apps/STM32CubeIDE/STM32CubeIDE_1.16.1/STM32CubeIDE/plugins/com.st.stm32cube.ide.mcu.externaltools.gnu-tools-for-stm32.12.3.rel1.win32_1.0.200.202406191623/tools/bin/../lib/gcc/arm-none-eabi/12.3.1/../../../../arm-none-eabi/lib/thumb/v7e-m+fp/hard\libm.a
LOAD D:/Apps/STM32CubeIDE/STM32CubeIDE_1.16.1/STM32CubeIDE/plugins/com.st.stm32cube.ide.mcu.externaltools.gnu-tools-for-stm32.12.3.rel1.win32_1.0.200.202406191623/tools/bin/../lib/gcc/arm-none-eabi/12.3.1/thumb/v7e-m+fp/hard\libgcc.a

.debug_info     0x00000000     0x859a
 .debug_info    0x00000000      0x95b ./Core/Src/Neo_6m.o
 .debug_info    0x0000095b      0x385 ./Core/Src/hc-sr04.o
 .debug_info    0x00000ce0      0x48d ./Core/Src/i2c1.o
 .debug_info    0x0000116d      0xa5e ./Core/Src/main.o
 .debug_info    0x00001bcb      0x54a ./Core/Src/system_stm32f4xx.o
 .debug_info    0x00002115      0x408 ./Core/Src/tim2.o
 .debug_info    0x0000251d      0x75b ./Core/Src/uart2.o
 .debug_info    0x00002c78       0x30 ./Core/Startup/startup_stm32f446retx.o
 .debug_info    0x00002ca8      0x99a ./Drivers/STM32F4xx_HAL_Driver/Src/stm32f4xx_hal.o
 .debug_info    0x00003642      0xdaa ./Drivers/STM32F4xx_HAL_Driver/Src/stm32f4xx_hal_cortex.o
 .debug_info    0x000043ec      0x8ff ./Drivers/STM32F4xx_HAL_Driver/Src/stm32f4xx_hal_rcc.o
 .debug_info    0x00004ceb      0x960 ./Drivers/STM32F4xx_HAL_Driver/Src/stm32f4xx_hal_rcc_ex.o
 .debug_info    0x0000564b     0x2f4f ./Drivers/STM32F4xx_HAL_Driver/Src/stm32f4xx_hal_uart.o

.debug_abbrev   0x00000000     0x181f
 .debug_abbrev  0x00000000      0x228 ./Core/Src/Neo_6m.o
 .debug_abbrev  0x00000228      0x126 ./Core/Src/hc-sr04.o
 .debug_abbrev  0x0000034e      0x12e ./Core/Src/i2c1.o
 .debug_abbrev  0x0000047c      0x259 ./Core/Src/main.o
 .debug_abbrev  0x000006d5      0x11a ./Core/Src/system_stm32f4xx.o
 .debug_abbrev  0x000007ef      0x131 ./Core/Src/tim2.o
 .debug_abbrev  0x00000920      0x1d4 ./Core/Src/uart2.o
 .debug_abbrev  0x00000af4       0x24 ./Core/Startup/startup_stm32f446retx.o
 .debug_abbrev  0x00000b18      0x214 ./Drivers/STM32F4xx_HAL_Driver/Src/stm32f4xx_hal.o
 .debug_abbrev  0x00000d2c      0x31d ./Drivers/STM32F4xx_HAL_Driver/Src/stm32f4xx_hal_cortex.o
 .debug_abbrev  0x00001049      0x2b7 ./Drivers/STM32F4xx_HAL_Driver/Src/stm32f4xx_hal_rcc.o
 .debug_abbrev  0x00001300      0x211 ./Drivers/STM32F4xx_HAL_Driver/Src/stm32f4xx_hal_rcc_ex.o
 .debug_abbrev  0x00001511      0x30e ./Drivers/STM32F4xx_HAL_Driver/Src/stm32f4xx_hal_uart.o

.debug_aranges  0x00000000      0x6f8
 .debug_aranges
                0x00000000       0x48 ./Core/Src/Neo_6m.o
 .debug_aranges
                0x00000048       0x28 ./Core/Src/hc-sr04.o
 .debug_aranges
                0x00000070       0x38 ./Core/Src/i2c1.o
 .debug_aranges
                0x000000a8       0x40 ./Core/Src/main.o
 .debug_aranges
                0x000000e8       0x28 ./Core/Src/system_stm32f4xx.o
 .debug_aranges
                0x00000110       0x40 ./Core/Src/tim2.o
 .debug_aranges
                0x00000150       0x58 ./Core/Src/uart2.o
 .debug_aranges
                0x000001a8       0x28 ./Core/Startup/startup_stm32f446retx.o
 .debug_aranges
                0x000001d0       0xf0 ./Drivers/STM32F4xx_HAL_Driver/Src/stm32f4xx_hal.o
 .debug_aranges
                0x000002c0      0x130 ./Drivers/STM32F4xx_HAL_Driver/Src/stm32f4xx_hal_cortex.o
 .debug_aranges
                0x000003f0       0x88 ./Drivers/STM32F4xx_HAL_Driver/Src/stm32f4xx_hal_rcc.o
 .debug_aranges
                0x00000478       0x78 ./Drivers/STM32F4xx_HAL_Driver/Src/stm32f4xx_hal_rcc_ex.o
 .debug_aranges
                0x000004f0      0x208 ./Drivers/STM32F4xx_HAL_Driver/Src/stm32f4xx_hal_uart.o

.debug_rnglists
                0x00000000      0x551
 .debug_rnglists
                0x00000000       0x34 ./Core/Src/Neo_6m.o
 .debug_rnglists
                0x00000034       0x1b ./Core/Src/hc-sr04.o
 .debug_rnglists
                0x0000004f       0x29 ./Core/Src/i2c1.o
 .debug_rnglists
                0x00000078       0x2c ./Core/Src/main.o
 .debug_rnglists
                0x000000a4       0x1a ./Core/Src/system_stm32f4xx.o
 .debug_rnglists
                0x000000be       0x2b ./Core/Src/tim2.o
 .debug_rnglists
                0x000000e9       0x40 ./Core/Src/uart2.o
 .debug_rnglists
                0x00000129       0x19 ./Core/Startup/startup_stm32f446retx.o
 .debug_rnglists
                0x00000142       0xaf ./Drivers/STM32F4xx_HAL_Driver/Src/stm32f4xx_hal.o
 .debug_rnglists
                0x000001f1       0xe0 ./Drivers/STM32F4xx_HAL_Driver/Src/stm32f4xx_hal_cortex.o
 .debug_rnglists
                0x000002d1       0x66 ./Drivers/STM32F4xx_HAL_Driver/Src/stm32f4xx_hal_rcc.o
 .debug_rnglists
                0x00000337       0x5e ./Drivers/STM32F4xx_HAL_Driver/Src/stm32f4xx_hal_rcc_ex.o
 .debug_rnglists
                0x00000395      0x1bc ./Drivers/STM32F4xx_HAL_Driver/Src/stm32f4xx_hal_uart.o

.debug_macro    0x00000000    0x20fee
 .debug_macro   0x00000000      0x312 ./Core/Src/Neo_6m.o
 .debug_macro   0x00000312      0xab4 ./Core/Src/Neo_6m.o
 .debug_macro   0x00000dc6      0x295 ./Core/Src/Neo_6m.o
 .debug_macro   0x0000105b       0x2e ./Core/Src/Neo_6m.o
 .debug_macro   0x00001089       0x28 ./Core/Src/Neo_6m.o
 .debug_macro   0x000010b1       0x22 ./Core/Src/Neo_6m.o
 .debug_macro   0x000010d3       0x8e ./Core/Src/Neo_6m.o
 .debug_macro   0x00001161       0x51 ./Core/Src/Neo_6m.o
 .debug_macro   0x000011b2      0x103 ./Core/Src/Neo_6m.o
 .debug_macro   0x000012b5       0x6a ./Core/Src/Neo_6m.o
 .debug_macro   0x0000131f      0x1df ./Core/Src/Neo_6m.o
 .debug_macro   0x000014fe       0x1c ./Core/Src/Neo_6m.o
 .debug_macro   0x0000151a       0x22 ./Core/Src/Neo_6m.o
 .debug_macro   0x0000153c       0xfb ./Core/Src/Neo_6m.o
 .debug_macro   0x00001637     0x1011 ./Core/Src/Neo_6m.o
 .debug_macro   0x00002648      0x11f ./Core/Src/Neo_6m.o
 .debug_macro   0x00002767    0x1675e ./Core/Src/Neo_6m.o
 .debug_macro   0x00018ec5       0x6d ./Core/Src/Neo_6m.o
 .debug_macro   0x00018f32     0x3693 ./Core/Src/Neo_6m.o
 .debug_macro   0x0001c5c5      0x189 ./Core/Src/Neo_6m.o
 .debug_macro   0x0001c74e       0x5c ./Core/Src/Neo_6m.o
 .debug_macro   0x0001c7aa      0xca5 ./Core/Src/Neo_6m.o
 .debug_macro   0x0001d44f      0x9e9 ./Core/Src/Neo_6m.o
 .debug_macro   0x0001de38      0x115 ./Core/Src/Neo_6m.o
 .debug_macro   0x0001df4d      0x1a0 ./Core/Src/Neo_6m.o
 .debug_macro   0x0001e0ed       0xa5 ./Core/Src/Neo_6m.o
 .debug_macro   0x0001e192      0x16d ./Core/Src/Neo_6m.o
 .debug_macro   0x0001e2ff      0x287 ./Core/Src/Neo_6m.o
 .debug_macro   0x0001e586       0x5f ./Core/Src/Neo_6m.o
 .debug_macro   0x0001e5e5      0x236 ./Core/Src/Neo_6m.o
 .debug_macro   0x0001e81b      0x132 ./Core/Src/Neo_6m.o
 .debug_macro   0x0001e94d      0x29c ./Core/Src/Neo_6m.o
 .debug_macro   0x0001ebe9       0x2e ./Core/Src/Neo_6m.o
 .debug_macro   0x0001ec17      0x127 ./Core/Src/Neo_6m.o
 .debug_macro   0x0001ed3e       0xe8 ./Core/Src/Neo_6m.o
 .debug_macro   0x0001ee26       0x89 ./Core/Src/Neo_6m.o
 .debug_macro   0x0001eeaf      0x2aa ./Core/Src/Neo_6m.o
 .debug_macro   0x0001f159      0x126 ./Core/Src/Neo_6m.o
 .debug_macro   0x0001f27f       0x22 ./Core/Src/Neo_6m.o
 .debug_macro   0x0001f2a1       0x10 ./Core/Src/Neo_6m.o
 .debug_macro   0x0001f2b1       0x61 ./Core/Src/Neo_6m.o
 .debug_macro   0x0001f312       0x2a ./Core/Src/Neo_6m.o
 .debug_macro   0x0001f33c       0x43 ./Core/Src/Neo_6m.o
 .debug_macro   0x0001f37f       0x34 ./Core/Src/Neo_6m.o
 .debug_macro   0x0001f3b3       0x16 ./Core/Src/Neo_6m.o
 .debug_macro   0x0001f3c9       0x43 ./Core/Src/Neo_6m.o
 .debug_macro   0x0001f40c       0x34 ./Core/Src/Neo_6m.o
 .debug_macro   0x0001f440       0x10 ./Core/Src/Neo_6m.o
 .debug_macro   0x0001f450       0x58 ./Core/Src/Neo_6m.o
 .debug_macro   0x0001f4a8       0x8e ./Core/Src/Neo_6m.o
 .debug_macro   0x0001f536       0x1c ./Core/Src/Neo_6m.o
 .debug_macro   0x0001f552      0x177 ./Core/Src/Neo_6m.o
 .debug_macro   0x0001f6c9      0x369 ./Core/Src/Neo_6m.o
 .debug_macro   0x0001fa32       0x10 ./Core/Src/Neo_6m.o
 .debug_macro   0x0001fa42       0x35 ./Core/Src/Neo_6m.o
 .debug_macro   0x0001fa77       0x20 ./Core/Src/Neo_6m.o
 .debug_macro   0x0001fa97       0x16 ./Core/Src/Neo_6m.o
 .debug_macro   0x0001faad       0x16 ./Core/Src/Neo_6m.o
 .debug_macro   0x0001fac3       0x29 ./Core/Src/Neo_6m.o
 .debug_macro   0x0001faec       0x1c ./Core/Src/Neo_6m.o
 .debug_macro   0x0001fb08       0x10 ./Core/Src/Neo_6m.o
 .debug_macro   0x0001fb18       0x1c ./Core/Src/Neo_6m.o
 .debug_macro   0x0001fb34       0x16 ./Core/Src/Neo_6m.o
 .debug_macro   0x0001fb4a      0x146 ./Core/Src/Neo_6m.o
 .debug_macro   0x0001fc90      0x1d8 ./Core/Src/hc-sr04.o
 .debug_macro   0x0001fe68      0x1d8 ./Core/Src/i2c1.o
 .debug_macro   0x00020040      0x21c ./Core/Src/main.o
 .debug_macro   0x0002025c      0x1ba ./Core/Src/system_stm32f4xx.o
 .debug_macro   0x00020416       0xdd ./Core/Src/tim2.o
 .debug_macro   0x000204f3      0x1d4 ./Core/Src/uart2.o
 .debug_macro   0x000206c7      0x21a ./Drivers/STM32F4xx_HAL_Driver/Src/stm32f4xx_hal.o
 .debug_macro   0x000208e1      0x1ba ./Drivers/STM32F4xx_HAL_Driver/Src/stm32f4xx_hal_cortex.o
 .debug_macro   0x00020a9b      0x1de ./Drivers/STM32F4xx_HAL_Driver/Src/stm32f4xx_hal_rcc.o
 .debug_macro   0x00020c79      0x1ba ./Drivers/STM32F4xx_HAL_Driver/Src/stm32f4xx_hal_rcc_ex.o
 .debug_macro   0x00020e33      0x1bb ./Drivers/STM32F4xx_HAL_Driver/Src/stm32f4xx_hal_uart.o

.debug_line     0x00000000     0xafd8
 .debug_line    0x00000000      0xbc6 ./Core/Src/Neo_6m.o
 .debug_line    0x00000bc6      0x96d ./Core/Src/hc-sr04.o
 .debug_line    0x00001533      0xc0d ./Core/Src/i2c1.o
 .debug_line    0x00002140      0x9cb ./Core/Src/main.o
 .debug_line    0x00002b0b      0x917 ./Core/Src/system_stm32f4xx.o
 .debug_line    0x00003422      0x718 ./Core/Src/tim2.o
 .debug_line    0x00003b3a      0xacb ./Core/Src/uart2.o
 .debug_line    0x00004605       0x7a ./Core/Startup/startup_stm32f446retx.o
 .debug_line    0x0000467f      0xb8f ./Drivers/STM32F4xx_HAL_Driver/Src/stm32f4xx_hal.o
 .debug_line    0x0000520e      0xe81 ./Drivers/STM32F4xx_HAL_Driver/Src/stm32f4xx_hal_cortex.o
 .debug_line    0x0000608f      0xf24 ./Drivers/STM32F4xx_HAL_Driver/Src/stm32f4xx_hal_rcc.o
 .debug_line    0x00006fb3     0x1593 ./Drivers/STM32F4xx_HAL_Driver/Src/stm32f4xx_hal_rcc_ex.o
 .debug_line    0x00008546     0x2a92 ./Drivers/STM32F4xx_HAL_Driver/Src/stm32f4xx_hal_uart.o

.debug_str      0x00000000    0xc826f
 .debug_str     0x00000000    0xc610a ./Core/Src/Neo_6m.o
                              0xc642e (size before relaxing)
 .debug_str     0x000c610a      0x1ed ./Core/Src/hc-sr04.o
                              0xc26bf (size before relaxing)
 .debug_str     0x000c62f7       0xb5 ./Core/Src/i2c1.o
                              0xc26fc (size before relaxing)
 .debug_str     0x000c63ac      0x1ef ./Core/Src/main.o
                              0xc2d7a (size before relaxing)
 .debug_str     0x000c659b       0xdb ./Core/Src/system_stm32f4xx.o
                              0xc26d5 (size before relaxing)
 .debug_str     0x000c6676       0x40 ./Core/Src/tim2.o
                              0x8aba3 (size before relaxing)
 .debug_str     0x000c66b6       0xd3 ./Core/Src/uart2.o
                              0xc277d (size before relaxing)
 .debug_str     0x000c6789       0x44 ./Core/Startup/startup_stm32f446retx.o
                                 0x70 (size before relaxing)
 .debug_str     0x000c67cd      0xb57 ./Drivers/STM32F4xx_HAL_Driver/Src/stm32f4xx_hal.o
                              0xc329a (size before relaxing)
 .debug_str     0x000c7324      0x360 ./Drivers/STM32F4xx_HAL_Driver/Src/stm32f4xx_hal_cortex.o
                              0xc2ff1 (size before relaxing)
 .debug_str     0x000c7684      0x277 ./Drivers/STM32F4xx_HAL_Driver/Src/stm32f4xx_hal_rcc.o
                              0xc2b0e (size before relaxing)
 .debug_str     0x000c78fb      0x324 ./Drivers/STM32F4xx_HAL_Driver/Src/stm32f4xx_hal_rcc_ex.o
                              0xc2b41 (size before relaxing)
 .debug_str     0x000c7c1f      0x650 ./Drivers/STM32F4xx_HAL_Driver/Src/stm32f4xx_hal_uart.o
                              0xc30c5 (size before relaxing)

.comment        0x00000000       0x43
 .comment       0x00000000       0x43 ./Core/Src/Neo_6m.o
                                 0x44 (size before relaxing)
 .comment       0x00000043       0x44 ./Core/Src/hc-sr04.o
 .comment       0x00000043       0x44 ./Core/Src/i2c1.o
 .comment       0x00000043       0x44 ./Core/Src/main.o
 .comment       0x00000043       0x44 ./Core/Src/system_stm32f4xx.o
 .comment       0x00000043       0x44 ./Core/Src/tim2.o
 .comment       0x00000043       0x44 ./Core/Src/uart2.o
 .comment       0x00000043       0x44 ./Drivers/STM32F4xx_HAL_Driver/Src/stm32f4xx_hal.o
 .comment       0x00000043       0x44 ./Drivers/STM32F4xx_HAL_Driver/Src/stm32f4xx_hal_cortex.o
 .comment       0x00000043       0x44 ./Drivers/STM32F4xx_HAL_Driver/Src/stm32f4xx_hal_rcc.o
 .comment       0x00000043       0x44 ./Drivers/STM32F4xx_HAL_Driver/Src/stm32f4xx_hal_rcc_ex.o
 .comment       0x00000043       0x44 ./Drivers/STM32F4xx_HAL_Driver/Src/stm32f4xx_hal_uart.o

.debug_frame    0x00000000     0x1b38
 .debug_frame   0x00000000       0xe4 ./Core/Src/Neo_6m.o
 .debug_frame   0x000000e4       0x54 ./Core/Src/hc-sr04.o
 .debug_frame   0x00000138       0xb0 ./Core/Src/i2c1.o
 .debug_frame   0x000001e8       0xac ./Core/Src/main.o
 .debug_frame   0x00000294       0x58 ./Core/Src/system_stm32f4xx.o
 .debug_frame   0x000002ec       0xb8 ./Core/Src/tim2.o
 .debug_frame   0x000003a4      0x13c ./Core/Src/uart2.o
 .debug_frame   0x000004e0      0x374 ./Drivers/STM32F4xx_HAL_Driver/Src/stm32f4xx_hal.o
 .debug_frame   0x00000854      0x508 ./Drivers/STM32F4xx_HAL_Driver/Src/stm32f4xx_hal_cortex.o
 .debug_frame   0x00000d5c      0x1f4 ./Drivers/STM32F4xx_HAL_Driver/Src/stm32f4xx_hal_rcc.o
 .debug_frame   0x00000f50      0x1e8 ./Drivers/STM32F4xx_HAL_Driver/Src/stm32f4xx_hal_rcc_ex.o
 .debug_frame   0x00001138      0x954 ./Drivers/STM32F4xx_HAL_Driver/Src/stm32f4xx_hal_uart.o
 .debug_frame   0x00001a8c       0x20 D:/Apps/STM32CubeIDE/STM32CubeIDE_1.16.1/STM32CubeIDE/plugins/com.st.stm32cube.ide.mcu.externaltools.gnu-tools-for-stm32.12.3.rel1.win32_1.0.200.202406191623/tools/bin/../lib/gcc/arm-none-eabi/12.3.1/../../../../arm-none-eabi/lib/thumb/v7e-m+fp/hard\libc_nano.a(libc_a-memset.o)
 .debug_frame   0x00001aac       0x2c D:/Apps/STM32CubeIDE/STM32CubeIDE_1.16.1/STM32CubeIDE/plugins/com.st.stm32cube.ide.mcu.externaltools.gnu-tools-for-stm32.12.3.rel1.win32_1.0.200.202406191623/tools/bin/../lib/gcc/arm-none-eabi/12.3.1/../../../../arm-none-eabi/lib/thumb/v7e-m+fp/hard\libc_nano.a(libc_a-init.o)
 .debug_frame   0x00001ad8       0x2c D:/Apps/STM32CubeIDE/STM32CubeIDE_1.16.1/STM32CubeIDE/plugins/com.st.stm32cube.ide.mcu.externaltools.gnu-tools-for-stm32.12.3.rel1.win32_1.0.200.202406191623/tools/bin/../lib/gcc/arm-none-eabi/12.3.1/thumb/v7e-m+fp/hard\libgcc.a(_aeabi_uldivmod.o)
 .debug_frame   0x00001b04       0x34 D:/Apps/STM32CubeIDE/STM32CubeIDE_1.16.1/STM32CubeIDE/plugins/com.st.stm32cube.ide.mcu.externaltools.gnu-tools-for-stm32.12.3.rel1.win32_1.0.200.202406191623/tools/bin/../lib/gcc/arm-none-eabi/12.3.1/thumb/v7e-m+fp/hard\libgcc.a(_udivmoddi4.o)

.debug_line_str
                0x00000000       0x54
 .debug_line_str
                0x00000000       0x54 ./Core/Startup/startup_stm32f446retx.o
