Archive member included to satisfy reference by file (symbol)

D:/Apps/STM32CubeIDE/STM32CubeIDE_1.16.1/STM32CubeIDE/plugins/com.st.stm32cube.ide.mcu.externaltools.gnu-tools-for-stm32.12.3.rel1.win32_1.0.200.202406191623/tools/bin/../lib/gcc/arm-none-eabi/12.3.1/../../../../arm-none-eabi/lib/thumb/v7e-m+fp/hard\libc_nano.a(libc_a-atoi.o)
                              ./Core/Src/NEO_6M.o (atoi)
D:/Apps/STM32CubeIDE/STM32CubeIDE_1.16.1/STM32CubeIDE/plugins/com.st.stm32cube.ide.mcu.externaltools.gnu-tools-for-stm32.12.3.rel1.win32_1.0.200.202406191623/tools/bin/../lib/gcc/arm-none-eabi/12.3.1/../../../../arm-none-eabi/lib/thumb/v7e-m+fp/hard\libc_nano.a(libc_a-exit.o)
                              D:/Apps/STM32CubeIDE/STM32CubeIDE_1.16.1/STM32CubeIDE/plugins/com.st.stm32cube.ide.mcu.externaltools.gnu-tools-for-stm32.12.3.rel1.win32_1.0.200.202406191623/tools/bin/../lib/gcc/arm-none-eabi/12.3.1/../../../../arm-none-eabi/lib/thumb/v7e-m+fp/hard/crt0.o (exit)
D:/Apps/STM32CubeIDE/STM32CubeIDE_1.16.1/STM32CubeIDE/plugins/com.st.stm32cube.ide.mcu.externaltools.gnu-tools-for-stm32.12.3.rel1.win32_1.0.200.202406191623/tools/bin/../lib/gcc/arm-none-eabi/12.3.1/../../../../arm-none-eabi/lib/thumb/v7e-m+fp/hard\libc_nano.a(libc_a-strtol.o)
                              D:/Apps/STM32CubeIDE/STM32CubeIDE_1.16.1/STM32CubeIDE/plugins/com.st.stm32cube.ide.mcu.externaltools.gnu-tools-for-stm32.12.3.rel1.win32_1.0.200.202406191623/tools/bin/../lib/gcc/arm-none-eabi/12.3.1/../../../../arm-none-eabi/lib/thumb/v7e-m+fp/hard\libc_nano.a(libc_a-atoi.o) (_strtol_r)
D:/Apps/STM32CubeIDE/STM32CubeIDE_1.16.1/STM32CubeIDE/plugins/com.st.stm32cube.ide.mcu.externaltools.gnu-tools-for-stm32.12.3.rel1.win32_1.0.200.202406191623/tools/bin/../lib/gcc/arm-none-eabi/12.3.1/../../../../arm-none-eabi/lib/thumb/v7e-m+fp/hard\libc_nano.a(libc_a-ctype_.o)
                              D:/Apps/STM32CubeIDE/STM32CubeIDE_1.16.1/STM32CubeIDE/plugins/com.st.stm32cube.ide.mcu.externaltools.gnu-tools-for-stm32.12.3.rel1.win32_1.0.200.202406191623/tools/bin/../lib/gcc/arm-none-eabi/12.3.1/../../../../arm-none-eabi/lib/thumb/v7e-m+fp/hard\libc_nano.a(libc_a-strtol.o) (_ctype_)
D:/Apps/STM32CubeIDE/STM32CubeIDE_1.16.1/STM32CubeIDE/plugins/com.st.stm32cube.ide.mcu.externaltools.gnu-tools-for-stm32.12.3.rel1.win32_1.0.200.202406191623/tools/bin/../lib/gcc/arm-none-eabi/12.3.1/../../../../arm-none-eabi/lib/thumb/v7e-m+fp/hard\libc_nano.a(libc_a-findfp.o)
                              D:/Apps/STM32CubeIDE/STM32CubeIDE_1.16.1/STM32CubeIDE/plugins/com.st.stm32cube.ide.mcu.externaltools.gnu-tools-for-stm32.12.3.rel1.win32_1.0.200.202406191623/tools/bin/../lib/gcc/arm-none-eabi/12.3.1/../../../../arm-none-eabi/lib/thumb/v7e-m+fp/hard\libc_nano.a(libc_a-exit.o) (__stdio_exit_handler)
D:/Apps/STM32CubeIDE/STM32CubeIDE_1.16.1/STM32CubeIDE/plugins/com.st.stm32cube.ide.mcu.externaltools.gnu-tools-for-stm32.12.3.rel1.win32_1.0.200.202406191623/tools/bin/../lib/gcc/arm-none-eabi/12.3.1/../../../../arm-none-eabi/lib/thumb/v7e-m+fp/hard\libc_nano.a(libc_a-fwalk.o)
                              D:/Apps/STM32CubeIDE/STM32CubeIDE_1.16.1/STM32CubeIDE/plugins/com.st.stm32cube.ide.mcu.externaltools.gnu-tools-for-stm32.12.3.rel1.win32_1.0.200.202406191623/tools/bin/../lib/gcc/arm-none-eabi/12.3.1/../../../../arm-none-eabi/lib/thumb/v7e-m+fp/hard\libc_nano.a(libc_a-findfp.o) (_fwalk_sglue)
D:/Apps/STM32CubeIDE/STM32CubeIDE_1.16.1/STM32CubeIDE/plugins/com.st.stm32cube.ide.mcu.externaltools.gnu-tools-for-stm32.12.3.rel1.win32_1.0.200.202406191623/tools/bin/../lib/gcc/arm-none-eabi/12.3.1/../../../../arm-none-eabi/lib/thumb/v7e-m+fp/hard\libc_nano.a(libc_a-stdio.o)
                              D:/Apps/STM32CubeIDE/STM32CubeIDE_1.16.1/STM32CubeIDE/plugins/com.st.stm32cube.ide.mcu.externaltools.gnu-tools-for-stm32.12.3.rel1.win32_1.0.200.202406191623/tools/bin/../lib/gcc/arm-none-eabi/12.3.1/../../../../arm-none-eabi/lib/thumb/v7e-m+fp/hard\libc_nano.a(libc_a-findfp.o) (__sread)
D:/Apps/STM32CubeIDE/STM32CubeIDE_1.16.1/STM32CubeIDE/plugins/com.st.stm32cube.ide.mcu.externaltools.gnu-tools-for-stm32.12.3.rel1.win32_1.0.200.202406191623/tools/bin/../lib/gcc/arm-none-eabi/12.3.1/../../../../arm-none-eabi/lib/thumb/v7e-m+fp/hard\libc_nano.a(libc_a-memset.o)
                              D:/Apps/STM32CubeIDE/STM32CubeIDE_1.16.1/STM32CubeIDE/plugins/com.st.stm32cube.ide.mcu.externaltools.gnu-tools-for-stm32.12.3.rel1.win32_1.0.200.202406191623/tools/bin/../lib/gcc/arm-none-eabi/12.3.1/../../../../arm-none-eabi/lib/thumb/v7e-m+fp/hard/crt0.o (memset)
D:/Apps/STM32CubeIDE/STM32CubeIDE_1.16.1/STM32CubeIDE/plugins/com.st.stm32cube.ide.mcu.externaltools.gnu-tools-for-stm32.12.3.rel1.win32_1.0.200.202406191623/tools/bin/../lib/gcc/arm-none-eabi/12.3.1/../../../../arm-none-eabi/lib/thumb/v7e-m+fp/hard\libc_nano.a(libc_a-strncmp.o)
                              ./Core/Src/NEO_6M.o (strncmp)
[...]
Memory Configuration

Name             Origin             Length             Attributes
RAM              0x20000000         0x00020000         xrw
FLASH            0x08000000         0x00080000         xr
*default*        0x00000000         0xffffffff

Linker script and memory map

LOAD D:/Apps/STM32CubeIDE/STM32CubeIDE_1.16.1/STM32CubeIDE/plugins/com.st.stm32cube.ide.mcu.externaltools.gnu-tools-for-stm32.12.3.rel1.win32_1.0.200.202406191623/tools/bin/../lib/gcc/arm-none-eabi/12.3.1/thumb/v7e-m+fp/hard/crti.o
LOAD D:/Apps/STM32CubeIDE/STM32CubeIDE_1.16.1/STM32CubeIDE/plugins/com.st.stm32cube.ide.mcu.externaltools.gnu-tools-for-stm32.12.3.rel1.win32_1.0.200.202406191623/tools/bin/../lib/gcc/arm-none-eabi/12.3.1/thumb/v7e-m+fp/hard/crtbegin.o
LOAD D:/Apps/STM32CubeIDE/STM32CubeIDE_1.16.1/STM32CubeIDE/plugins/com.st.stm32cube.ide.mcu.externaltools.gnu-tools-for-stm32.12.3.rel1.win32_1.0.200.202406191623/tools/bin/../lib/gcc/arm-none-eabi/12.3.1/../../../../arm-none-eabi/lib/thumb/v7e-m+fp/hard/crt0.o
LOAD ./Core/Src/NEO_6M.o
LOAD ./Core/Src/esp32_comms.o
LOAD ./Core/Src/hc-sr04.o
LOAD ./Core/Src/i2c1.o
LOAD ./Core/Src/lsm6ds3.o
LOAD ./Core/Src/main.o
LOAD ./Core/Src/stm32f4xx_hal_msp.o
LOAD ./Core/Src/stm32f4xx_it.o
LOAD ./Core/Src/syscalls.o
LOAD ./Core/Src/sysmem.o
LOAD ./Core/Src/system_stm32f4xx.o
LOAD ./Core/Src/tim5.o
LOAD ./Core/Src/uart1.o
LOAD ./Core/Src/uart2.o
LOAD ./Core/Src/uart3.o
LOAD ./Core/Startup/startup_stm32f446retx.o
LOAD ./Drivers/STM32F4xx_HAL_Driver/Src/stm32f4xx_hal.o
LOAD ./Drivers/STM32F4xx_HAL_Driver/Src/stm32f4xx_hal_cortex.o
LOAD ./Drivers/STM32F4xx_HAL_Driver/Src/stm32f4xx_hal_dma.o
LOAD ./Drivers/STM32F4xx_HAL_Driver/Src/stm32f4xx_hal_dma_ex.o
LOAD ./Drivers/STM32F4xx_HAL_Driver/Src/stm32f4xx_hal_exti.o
LOAD ./Drivers/STM32F4xx_HAL_Driver/Src/stm32f4xx_hal_flash.o
LOAD ./Drivers/STM32F4xx_HAL_Driver/Src/stm32f4xx_hal_flash_ex.o
LOAD ./Drivers/STM32F4xx_HAL_Driver/Src/stm32f4xx_hal_flash_ramfunc.o
LOAD ./Drivers/STM32F4xx_HAL_Driver/Src/stm32f4xx_hal_gpio.o
LOAD ./Drivers/STM32F4xx_HAL_Driver/Src/stm32f4xx_hal_pwr.o
LOAD ./Drivers/STM32F4xx_HAL_Driver/Src/stm32f4xx_hal_pwr_ex.o
LOAD ./Drivers/STM32F4xx_HAL_Driver/Src/stm32f4xx_hal_rcc.o
LOAD ./Drivers/STM32F4xx_HAL_Driver/Src/stm32f4xx_hal_rcc_ex.o
START GROUP
LOAD D:/Apps/STM32CubeIDE/STM32CubeIDE_1.16.1/STM32CubeIDE/plugins/com.st.stm32cube.ide.mcu.externaltools.gnu-tools-for-stm32.12.3.rel1.win32_1.0.200.202406191623/tools/bin/../lib/gcc/arm-none-eabi/12.3.1/../../../../arm-none-eabi/lib/thumb/v7e-m+fp/hard\libc_nano.a
LOAD D:/Apps/STM32CubeIDE/STM32CubeIDE_1.16.1/STM32CubeIDE/plugins/com.st.stm32cube.ide.mcu.externaltools.gnu-tools-for-stm32.12.3.rel1.win32_1.0.200.202406191623/tools/bin/../lib/gcc/arm-none-eabi/12.3.1/../../../../arm-none-eabi/lib/thumb/v7e-m+fp/hard\libm.a
END GROUP
START GROUP
LOAD D:/Apps/STM32CubeIDE/STM32CubeIDE_1.16.1/STM32CubeIDE/plugins/com.st.stm32cube.ide.mcu.externaltools.gnu-tools-for-stm32.12.3.rel1.win32_1.0.200.202406191623/tools/bin/../lib/gcc/arm-none-eabi/12.3.1/thumb/v7e-m+fp/hard\libgcc.a
LOAD D:/Apps/STM32CubeIDE/STM32CubeIDE_1.16.1/STM32CubeIDE/plugins/com.st.stm32cube.ide.mcu.externaltools.gnu-tools-for-stm32.12.3.rel1.win32_1.0.200.202406191623/tools/bin/../lib/gcc/arm-none-eabi/12.3.1/../../../../arm-none-eabi/lib/thumb/v7e-m+fp/hard\libc_nano.a
END GROUP
START GROUP
LOAD D:/Apps/STM32CubeIDE/STM32CubeIDE_1.16.1/STM32CubeIDE/plugins/com.st.stm32cube.ide.mcu.externaltools.gnu-tools-for-stm32.12.3.rel1.win32_1.0.200.202406191623/tools/bin/../lib/gcc/arm-none-eabi/12.3.1/thumb/v7e-m+fp/hard\libgcc.a
LOAD D:/Apps/STM32CubeIDE/STM32CubeIDE_1.16.1/STM32CubeIDE/plugins/com.st.stm32cube.ide.mcu.externaltools.gnu-tools-for-stm32.12.3.rel1.win32_1.0.200.202406191623/tools/bin/../lib/gcc/arm-none-eabi/12.3.1/../../../../arm-none-eabi/lib/thumb/v7e-m+fp/hard\libc_nano.a
LOAD D:/Apps/STM32CubeIDE/STM32CubeIDE_1.16.1/STM32CubeIDE/plugins/com.st.stm32cube.ide.mcu.externaltools.gnu-tools-for-stm32.12.3.rel1.win32_1.0.200.202406191623/tools/bin/../lib/gcc/arm-none-eabi/12.3.1/../../../../arm-none-eabi/lib/thumb/v7e-m+fp/hard\libnosys.a
END GROUP
START GROUP
LOAD D:/Apps/STM32CubeIDE/STM32CubeIDE_1.16.1/STM32CubeIDE/plugins/com.st.stm32cube.ide.mcu.externaltools.gnu-tools-for-stm32.12.3.rel1.win32_1.0.200.202406191623/tools/bin/../lib/gcc/arm-none-eabi/12.3.1/thumb/v7e-m+fp/hard\libgcc.a
LOAD D:/Apps/STM32CubeIDE/STM32CubeIDE_1.16.1/STM32CubeIDE/plugins/com.st.stm32cube.ide.mcu.externaltools.gnu-tools-for-stm32.12.3.rel1.win32_1.0.200.202406191623/tools/bin/../lib/gcc/arm-none-eabi/12.3.1/../../../../arm-none-eabi/lib/thumb/v7e-m+fp/hard\libc_nano.a
LOAD D:/Apps/STM32CubeIDE/STM32CubeIDE_1.16.1/STM32CubeIDE/plugins/com.st.stm32cube.ide.mcu.externaltools.gnu-tools-for-stm32.12.3.rel1.win32_1.0.200.202406191623/tools/bin/../lib/gcc/arm-none-eabi/12.3.1/../../../../arm-none-eabi/lib/thumb/v7e-m+fp/hard\libnosys.a
END GROUP
LOAD D:/Apps/STM32CubeIDE/STM32CubeIDE_1.16.1/STM32CubeIDE/plugins/com.st.stm32cube.ide.mcu.externaltools.gnu-tools-for-stm32.12.3.rel1.win32_1.0.200.202406191623/tools/bin/../lib/gcc/arm-none-eabi/12.3.1/thumb/v7e-m+fp/hard/crtend.o
LOAD D:/Apps/STM32CubeIDE/STM32CubeIDE_1.16.1/STM32CubeIDE/plugins/com.st.stm32cube.ide.mcu.externaltools.gnu-tools-for-stm32.12.3.rel1.win32_1.0.200.202406191623/tools/bin/../lib/gcc/arm-none-eabi/12.3.1/thumb/v7e-m+fp/hard/crtn.o
                0x20020000                        _estack = (ORIGIN (RAM) + LENGTH (RAM))
                0x00000200                        _Min_Heap_Size = 0x200
                0x00000400                        _Min_Stack_Size = 0x400

.isr_vector     0x08000000      0x1c4
                0x08000000                        . = ALIGN (0x4)
 *(.isr_vector)
 .isr_vector    0x08000000      0x1c4 ./Core/Startup/startup_stm32f446retx.o
                0x08000000                g_pfnVectors
                0x080001c4                        . = ALIGN (0x4)

.text           0x080001d0     0x2e28
                0x080001d0                        . = ALIGN (0x4)
 *(.text)
 .text          0x080001d0       0x40 D:/Apps/STM32CubeIDE/STM32CubeIDE_1.16.1/STM32CubeIDE/plugins/com.st.stm32cube.ide.mcu.externaltools.gnu-tools-for-stm32.12.3.rel1.win32_1.0.200.202406191623/tools/bin/../lib/gcc/arm-none-eabi/12.3.1/thumb/v7e-m+fp/hard/crtbegin.o
 .text          0x08000210       0xa0 D:/Apps/STM32CubeIDE/STM32CubeIDE_1.16.1/STM32CubeIDE/plugins/com.st.stm32cube.ide.mcu.externaltools.gnu-tools-for-stm32.12.3.rel1.win32_1.0.200.202406191623/tools/bin/../lib/gcc/arm-none-eabi/12.3.1/../../../../arm-none-eabi/lib/thumb/v7e-m+fp/hard\libc_nano.a(libc_a-memchr.o)
                0x08000210                memchr
 *(.text*)
 .text.GPS_Init
                0x080002b0       0x18 ./Core/Src/NEO_6M.o
                0x080002b0                GPS_Init
 .text.USART1_IRQHandler
                0x080002c8       0x98 ./Core/Src/NEO_6M.o
                0x080002c8                USART1_IRQHandler
 .text.GPS_Process
                0x08000360       0xc4 ./Core/Src/NEO_6M.o
                0x08000360                GPS_Process
 .text.GPS_ParseLine
                0x08000424      0x13c ./Core/Src/NEO_6M.o
 .text.GPS_GetDataCopy
                0x08000560       0x24 ./Core/Src/NEO_6M.o
                0x08000560                GPS_GetDataCopy
 .text.GPS_IsDataUpdated
                0x08000584       0x18 ./Core/Src/NEO_6M.o
                0x08000584                GPS_IsDataUpdated
 .text.GPS_ClearDataUpdatedFlag
                0x0800059c       0x18 ./Core/Src/NEO_6M.o
                0x0800059c                GPS_ClearDataUpdatedFlag
 .text.u32_to_str
                0x080005b4       0xb0 ./Core/Src/esp32_comms.o
 .text.i16_to_str
                0x08000664       0x64 ./Core/Src/esp32_comms.o
 .text.ESP32_SendPacket
                0x080006c8      0x120 ./Core/Src/esp32_comms.o
                0x080006c8                ESP32_SendPacket
 .text.HCSR04_Init
                0x080007e8       0xb4 ./Core/Src/hc-sr04.o
                0x080007e8                HCSR04_Init
 .text.HCSR04_Start
                0x0800089c       0x8c ./Core/Src/hc-sr04.o
                0x0800089c                HCSR04_Start
 .text.HCSR04_ISR_CaptureDone
                0x08000928       0x6c ./Core/Src/hc-sr04.o
                0x08000928                HCSR04_ISR_CaptureDone
 .text.HCSR04_IsDone
                0x08000994       0x18 ./Core/Src/hc-sr04.o
                0x08000994                HCSR04_IsDone
 .text.HCSR04_GetLastCm
                0x080009ac       0x18 ./Core/Src/hc-sr04.o
                0x080009ac                HCSR04_GetLastCm
 .text.I2C1_Init
                0x080009c4      0x10c ./Core/Src/i2c1.o
                0x080009c4                I2C1_Init
 .text.I2C1_ReadRegister
                0x08000ad0       0xec ./Core/Src/i2c1.o
                0x08000ad0                I2C1_ReadRegister
 .text.I2C1_WriteByte
                0x08000bbc       0x98 ./Core/Src/i2c1.o
                0x08000bbc                I2C1_WriteByte
 .text.LSM6DS3_Init
                0x08000c54       0x50 ./Core/Src/lsm6ds3.o
                0x08000c54                LSM6DS3_Init
 .text.LSM6DS3_WHOAMI
                0x08000ca4       0x28 ./Core/Src/lsm6ds3.o
                0x08000ca4                LSM6DS3_WHOAMI
 .text.imu_read_accel_xyz
                0x08000ccc       0x92 ./Core/Src/lsm6ds3.o
                0x08000ccc                imu_read_accel_xyz
 *fill*         0x08000d5e        0x2 
 .text.imu_update_gravity_estimate
                0x08000d60      0x124 ./Core/Src/lsm6ds3.o
                0x08000d60                imu_update_gravity_estimate
 .text.imu_settle_gravity
                0x08000e84       0xd0 ./Core/Src/lsm6ds3.o
                0x08000e84                imu_settle_gravity
 .text.imu_get_vertical_dynamic_lsb
                0x08000f54      0x174 ./Core/Src/lsm6ds3.o
                0x08000f54                imu_get_vertical_dynamic_lsb
 .text.imu_vertical_shock
                0x080010c8       0x40 ./Core/Src/lsm6ds3.o
                0x080010c8                imu_vertical_shock
 .text.main     0x08001108      0x260 ./Core/Src/main.o
                0x08001108                main
 .text.NMI_Handler
                0x08001368        0x8 ./Core/Src/stm32f4xx_it.o
                0x08001368                NMI_Handler
 .text.HardFault_Handler
                0x08001370       0x14 ./Core/Src/stm32f4xx_it.o
                0x08001370                HardFault_Handler
 .text.MemManage_Handler
                0x08001384       0x14 ./Core/Src/stm32f4xx_it.o
                0x08001384                MemManage_Handler
 .text.BusFault_Handler
                0x08001398       0x14 ./Core/Src/stm32f4xx_it.o
                0x08001398                BusFault_Handler
 .text.UsageFault_Handler
                0x080013ac       0x14 ./Core/Src/stm32f4xx_it.o
                0x080013ac                UsageFault_Handler
 .text.SVC_Handler
                0x080013c0        0xe ./Core/Src/stm32f4xx_it.o
                0x080013c0                SVC_Handler
 .text.DebugMon_Handler
                0x080013ce        0xe ./Core/Src/stm32f4xx_it.o
                0x080013ce                DebugMon_Handler
 .text.PendSV_Handler
                0x080013dc        0xe ./Core/Src/stm32f4xx_it.o
                0x080013dc                PendSV_Handler
 .text.SysTick_Handler
                0x080013ea        0xc ./Core/Src/stm32f4xx_it.o
                0x080013ea                SysTick_Handler
 .text._getpid  0x080013f6       0x10 ./Core/Src/syscalls.o
                0x080013f6                _getpid
 .text._kill    0x08001406       0x20 ./Core/Src/syscalls.o
                0x08001406                _kill
 .text._exit    0x08001426       0x16 ./Core/Src/syscalls.o
                0x08001426                _exit
 .text._read    0x0800143c       0x3a ./Core/Src/syscalls.o
                0x0800143c                _read
 .text._write   0x08001476       0x38 ./Core/Src/syscalls.o
                0x08001476                _write
 .text._close   0x080014ae       0x18 ./Core/Src/syscalls.o
                0x080014ae                _close
 .text._fstat   0x080014c6       0x20 ./Core/Src/syscalls.o
                0x080014c6                _fstat
 .text._isatty  0x080014e6       0x16 ./Core/Src/syscalls.o
                0x080014e6                _isatty
 .text._lseek   0x080014fc       0x1a ./Core/Src/syscalls.o
                0x080014fc                _lseek
 *fill*         0x08001516        0x2 
 .text._sbrk    0x08001518       0x6c ./Core/Src/sysmem.o
                0x08001518                _sbrk
 .text.SystemInit
                0x08001584       0x24 ./Core/Src/system_stm32f4xx.o
                0x08001584                SystemInit
 .text.__NVIC_EnableIRQ
                0x080015a8       0x3c ./Core/Src/tim5.o
 .text.__NVIC_ClearPendingIRQ
                0x080015e4       0x3c ./Core/Src/tim5.o
 .text.__NVIC_SetPriority
                0x08001620       0x54 ./Core/Src/tim5.o
 .text.TIM5_Init
                0x08001674      0x114 ./Core/Src/tim5.o
                0x08001674                TIM5_Init
 .text.TIM5_GetMicros
                0x08001788       0x18 ./Core/Src/tim5.o
                0x08001788                TIM5_GetMicros
 .text.TIM5_IRQHandler
                0x080017a0       0xd4 ./Core/Src/tim5.o
                0x080017a0                TIM5_IRQHandler
 .text.__NVIC_EnableIRQ
                0x08001874       0x3c ./Core/Src/uart1.o
 .text.__NVIC_SetPriority
                0x080018b0       0x54 ./Core/Src/uart1.o
 .text.UART1_Init
                0x08001904       0xa0 ./Core/Src/uart1.o
                0x08001904                UART1_Init
 .text.UART2_Init
                0x080019a4       0xbc ./Core/Src/uart2.o
                0x080019a4                UART2_Init
 .text.UART2_SendChar
                0x08001a60       0x30 ./Core/Src/uart2.o
                0x08001a60                UART2_SendChar
 .text.UART2_SendString
                0x08001a90       0x2c ./Core/Src/uart2.o
                0x08001a90                UART2_SendString
 .text.USART2_IRQHandler
                0x08001abc       0x5c ./Core/Src/uart2.o
                0x08001abc                USART2_IRQHandler
 .text.uart_print_uint
                0x08001b18       0xc4 ./Core/Src/uart2.o
                0x08001b18                uart_print_uint
 .text.uart_print_int
                0x08001bdc       0xe8 ./Core/Src/uart2.o
                0x08001bdc                uart_print_int
 .text.UART3_Init
                0x08001cc4       0x94 ./Core/Src/uart3.o
                0x08001cc4                UART3_Init
 .text.UART3_SendChar
                0x08001d58       0x30 ./Core/Src/uart3.o
                0x08001d58                UART3_SendChar
 .text.UART3_SendString
                0x08001d88       0x2a ./Core/Src/uart3.o
                0x08001d88                UART3_SendString
 *fill*         0x08001db2        0x2 
 .text.Reset_Handler
                0x08001db4       0x50 ./Core/Startup/startup_stm32f446retx.o
                0x08001db4                Reset_Handler
 .text.Default_Handler
                0x08001e04        0x2 ./Core/Startup/startup_stm32f446retx.o
                0x08001e04                RTC_Alarm_IRQHandler
                0x08001e04                EXTI2_IRQHandler
                0x08001e04                TIM8_CC_IRQHandler
                0x08001e04                FMPI2C1_EV_IRQHandler
                0x08001e04                SPI4_IRQHandler
                0x08001e04                TIM1_CC_IRQHandler
                0x08001e04                DMA2_Stream5_IRQHandler
                0x08001e04                DMA1_Stream5_IRQHandler
                0x08001e04                PVD_IRQHandler
                0x08001e04                SDIO_IRQHandler
                0x08001e04                TAMP_STAMP_IRQHandler
                0x08001e04                CAN2_RX1_IRQHandler
                0x08001e04                EXTI3_IRQHandler
                0x08001e04                TIM8_TRG_COM_TIM14_IRQHandler
                0x08001e04                TIM1_UP_TIM10_IRQHandler
                0x08001e04                TIM8_UP_TIM13_IRQHandler
                0x08001e04                I2C3_ER_IRQHandler
                0x08001e04                EXTI0_IRQHandler
                0x08001e04                I2C2_EV_IRQHandler
                0x08001e04                DMA1_Stream2_IRQHandler
                0x08001e04                CAN1_RX0_IRQHandler
                0x08001e04                FPU_IRQHandler
                0x08001e04                OTG_HS_WKUP_IRQHandler
                0x08001e04                CAN2_SCE_IRQHandler
                0x08001e04                DMA2_Stream2_IRQHandler
                0x08001e04                SPI1_IRQHandler
                0x08001e04                TIM6_DAC_IRQHandler
                0x08001e04                TIM1_BRK_TIM9_IRQHandler
                0x08001e04                DCMI_IRQHandler
                0x08001e04                CAN2_RX0_IRQHandler
                0x08001e04                DMA2_Stream3_IRQHandler
                0x08001e04                SAI2_IRQHandler
                0x08001e04                USART6_IRQHandler
                0x08001e04                USART3_IRQHandler
                0x08001e04                CAN1_RX1_IRQHandler
                0x08001e04                UART5_IRQHandler
                0x08001e04                DMA2_Stream0_IRQHandler
                0x08001e04                TIM4_IRQHandler
                0x08001e04                QUADSPI_IRQHandler
                0x08001e04                I2C1_EV_IRQHandler
                0x08001e04                DMA1_Stream6_IRQHandler
                0x08001e04                DMA1_Stream1_IRQHandler
                0x08001e04                UART4_IRQHandler
                0x08001e04                TIM3_IRQHandler
                0x08001e04                RCC_IRQHandler
                0x08001e04                TIM8_BRK_TIM12_IRQHandler
                0x08001e04                Default_Handler
                0x08001e04                CEC_IRQHandler
                0x08001e04                EXTI15_10_IRQHandler
                0x08001e04                ADC_IRQHandler
                0x08001e04                DMA1_Stream7_IRQHandler
                0x08001e04                TIM7_IRQHandler
                0x08001e04                CAN2_TX_IRQHandler
                0x08001e04                DMA2_Stream7_IRQHandler
                0x08001e04                I2C3_EV_IRQHandler
                0x08001e04                EXTI9_5_IRQHandler
                0x08001e04                RTC_WKUP_IRQHandler
                0x08001e04                SPDIF_RX_IRQHandler
                0x08001e04                SPI2_IRQHandler
                0x08001e04                OTG_HS_EP1_IN_IRQHandler
                0x08001e04                DMA1_Stream0_IRQHandler
                0x08001e04                CAN1_TX_IRQHandler
                0x08001e04                FMPI2C1_ER_IRQHandler
                0x08001e04                EXTI4_IRQHandler
                0x08001e04                OTG_HS_EP1_OUT_IRQHandler
                0x08001e04                WWDG_IRQHandler
                0x08001e04                TIM2_IRQHandler
                0x08001e04                OTG_FS_WKUP_IRQHandler
                0x08001e04                TIM1_TRG_COM_TIM11_IRQHandler
                0x08001e04                OTG_HS_IRQHandler
                0x08001e04                EXTI1_IRQHandler
                0x08001e04                I2C2_ER_IRQHandler
                0x08001e04                DMA2_Stream1_IRQHandler
                0x08001e04                CAN1_SCE_IRQHandler
                0x08001e04                FLASH_IRQHandler
                0x08001e04                DMA2_Stream4_IRQHandler
                0x08001e04                OTG_FS_IRQHandler
                0x08001e04                SPI3_IRQHandler
                0x08001e04                DMA1_Stream4_IRQHandler
                0x08001e04                I2C1_ER_IRQHandler
                0x08001e04                FMC_IRQHandler
                0x08001e04                DMA2_Stream6_IRQHandler
                0x08001e04                SAI1_IRQHandler
                0x08001e04                DMA1_Stream3_IRQHandler
 *fill*         0x08001e06        0x2 
 .text.HAL_IncTick
                0x08001e08       0x28 ./Drivers/STM32F4xx_HAL_Driver/Src/stm32f4xx_hal.o
                0x08001e08                HAL_IncTick
 .text.atoi     0x08001e30        0x8 D:/Apps/STM32CubeIDE/STM32CubeIDE_1.16.1/STM32CubeIDE/plugins/com.st.stm32cube.ide.mcu.externaltools.gnu-tools-for-stm32.12.3.rel1.win32_1.0.200.202406191623/tools/bin/../lib/gcc/arm-none-eabi/12.3.1/../../../../arm-none-eabi/lib/thumb/v7e-m+fp/hard\libc_nano.a(libc_a-atoi.o)
                0x08001e30                atoi
 .text._strtol_l.constprop.0
                0x08001e38       0xf4 D:/Apps/STM32CubeIDE/STM32CubeIDE_1.16.1/STM32CubeIDE/plugins/com.st.stm32cube.ide.mcu.externaltools.gnu-tools-for-stm32.12.3.rel1.win32_1.0.200.202406191623/tools/bin/../lib/gcc/arm-none-eabi/12.3.1/../../../../arm-none-eabi/lib/thumb/v7e-m+fp/hard\libc_nano.a(libc_a-strtol.o)
 .text.strtol   0x08001f2c       0x14 D:/Apps/STM32CubeIDE/STM32CubeIDE_1.16.1/STM32CubeIDE/plugins/com.st.stm32cube.ide.mcu.externaltools.gnu-tools-for-stm32.12.3.rel1.win32_1.0.200.202406191623/tools/bin/../lib/gcc/arm-none-eabi/12.3.1/../../../../arm-none-eabi/lib/thumb/v7e-m+fp/hard\libc_nano.a(libc_a-strtol.o)
                0x08001f2c                strtol
 .text.std      0x08001f40       0x6c D:/Apps/STM32CubeIDE/STM32CubeIDE_1.16.1/STM32CubeIDE/plugins/com.st.stm32cube.ide.mcu.externaltools.gnu-tools-for-stm32.12.3.rel1.win32_1.0.200.202406191623/tools/bin/../lib/gcc/arm-none-eabi/12.3.1/../../../../arm-none-eabi/lib/thumb/v7e-m+fp/hard\libc_nano.a(libc_a-findfp.o)
 .text.stdio_exit_handler
                0x08001fac       0x18 D:/Apps/STM32CubeIDE/STM32CubeIDE_1.16.1/STM32CubeIDE/plugins/com.st.stm32cube.ide.mcu.externaltools.gnu-tools-for-stm32.12.3.rel1.win32_1.0.200.202406191623/tools/bin/../lib/gcc/arm-none-eabi/12.3.1/../../../../arm-none-eabi/lib/thumb/v7e-m+fp/hard\libc_nano.a(libc_a-findfp.o)
 .text.cleanup_stdio
                0x08001fc4       0x40 D:/Apps/STM32CubeIDE/STM32CubeIDE_1.16.1/STM32CubeIDE/plugins/com.st.stm32cube.ide.mcu.externaltools.gnu-tools-for-stm32.12.3.rel1.win32_1.0.200.202406191623/tools/bin/../lib/gcc/arm-none-eabi/12.3.1/../../../../arm-none-eabi/lib/thumb/v7e-m+fp/hard\libc_nano.a(libc_a-findfp.o)
 .text.global_stdio_init.part.0
                0x08002004       0x3c D:/Apps/STM32CubeIDE/STM32CubeIDE_1.16.1/STM32CubeIDE/plugins/com.st.stm32cube.ide.mcu.externaltools.gnu-tools-for-stm32.12.3.rel1.win32_1.0.200.202406191623/tools/bin/../lib/gcc/arm-none-eabi/12.3.1/../../../../arm-none-eabi/lib/thumb/v7e-m+fp/hard\libc_nano.a(libc_a-findfp.o)
 .text.__sfp_lock_acquire
                0x08002040        0xc D:/Apps/STM32CubeIDE/STM32CubeIDE_1.16.1/STM32CubeIDE/plugins/com.st.stm32cube.ide.mcu.externaltools.gnu-tools-for-stm32.12.3.rel1.win32_1.0.200.202406191623/tools/bin/../lib/gcc/arm-none-eabi/12.3.1/../../../../arm-none-eabi/lib/thumb/v7e-m+fp/hard\libc_nano.a(libc_a-findfp.o)
                0x08002040                __sfp_lock_acquire
 .text.__sfp_lock_release
                0x0800204c        0xc D:/Apps/STM32CubeIDE/STM32CubeIDE_1.16.1/STM32CubeIDE/plugins/com.st.stm32cube.ide.mcu.externaltools.gnu-tools-for-stm32.12.3.rel1.win32_1.0.200.202406191623/tools/bin/../lib/gcc/arm-none-eabi/12.3.1/../../../../arm-none-eabi/lib/thumb/v7e-m+fp/hard\libc_nano.a(libc_a-findfp.o)
                0x0800204c                __sfp_lock_release
 .text.__sinit  0x08002058       0x30 D:/Apps/STM32CubeIDE/STM32CubeIDE_1.16.1/STM32CubeIDE/plugins/com.st.stm32cube.ide.mcu.externaltools.gnu-tools-for-stm32.12.3.rel1.win32_1.0.200.202406191623/tools/bin/../lib/gcc/arm-none-eabi/12.3.1/../../../../arm-none-eabi/lib/thumb/v7e-m+fp/hard\libc_nano.a(libc_a-findfp.o)
                0x08002058                __sinit
 .text._fwalk_sglue
                0x08002088       0x3c D:/Apps/STM32CubeIDE/STM32CubeIDE_1.16.1/STM32CubeIDE/plugins/com.st.stm32cube.ide.mcu.externaltools.gnu-tools-for-stm32.12.3.rel1.win32_1.0.200.202406191623/tools/bin/../lib/gcc/arm-none-eabi/12.3.1/../../../../arm-none-eabi/lib/thumb/v7e-m+fp/hard\libc_nano.a(libc_a-fwalk.o)
                0x08002088                _fwalk_sglue
 .text.__sread  0x080020c4       0x22 D:/Apps/STM32CubeIDE/STM32CubeIDE_1.16.1/STM32CubeIDE/plugins/com.st.stm32cube.ide.mcu.externaltools.gnu-tools-for-stm32.12.3.rel1.win32_1.0.200.202406191623/tools/bin/../lib/gcc/arm-none-eabi/12.3.1/../../../../arm-none-eabi/lib/thumb/v7e-m+fp/hard\libc_nano.a(libc_a-stdio.o)
                0x080020c4                __sread
 .text.__swrite
                0x080020e6       0x38 D:/Apps/STM32CubeIDE/STM32CubeIDE_1.16.1/STM32CubeIDE/plugins/com.st.stm32cube.ide.mcu.externaltools.gnu-tools-for-stm32.12.3.rel1.win32_1.0.200.202406191623/tools/bin/../lib/gcc/arm-none-eabi/12.3.1/../../../../arm-none-eabi/lib/thumb/v7e-m+fp/hard\libc_nano.a(libc_a-stdio.o)
                0x080020e6                __swrite
 .text.__sseek  0x0800211e       0x24 D:/Apps/STM32CubeIDE/STM32CubeIDE_1.16.1/STM32CubeIDE/plugins/com.st.stm32cube.ide.mcu.externaltools.gnu-tools-for-stm32.12.3.rel1.win32_1.0.200.202406191623/tools/bin/../lib/gcc/arm-none-eabi/12.3.1/../../../../arm-none-eabi/lib/thumb/v7e-m+fp/hard\libc_nano.a(libc_a-stdio.o)
                0x0800211e                __sseek
 .text.__sclose
                0x08002142        0x8 D:/Apps/STM32CubeIDE/STM32CubeIDE_1.16.1/STM32CubeIDE/plugins/com.st.stm32cube.ide.mcu.externaltools.gnu-tools-for-stm32.12.3.rel1.win32_1.0.200.202406191623/tools/bin/../lib/gcc/arm-none-eabi/12.3.1/../../../../arm-none-eabi/lib/thumb/v7e-m+fp/hard\libc_nano.a(libc_a-stdio.o)
                0x08002142                __sclose
 .text.memset   0x0800214a       0x10 D:/Apps/STM32CubeIDE/STM32CubeIDE_1.16.1/STM32CubeIDE/plugins/com.st.stm32cube.ide.mcu.externaltools.gnu-tools-for-stm32.12.3.rel1.win32_1.0.200.202406191623/tools/bin/../lib/gcc/arm-none-eabi/12.3.1/../../../../arm-none-eabi/lib/thumb/v7e-m+fp/hard\libc_nano.a(libc_a-memset.o)
                0x0800214a                memset
 .text.strncmp  0x0800215a       0x24 D:/Apps/STM32CubeIDE/STM32CubeIDE_1.16.1/STM32CubeIDE/plugins/com.st.stm32cube.ide.mcu.externaltools.gnu-tools-for-stm32.12.3.rel1.win32_1.0.200.202406191623/tools/bin/../lib/gcc/arm-none-eabi/12.3.1/../../../../arm-none-eabi/lib/thumb/v7e-m+fp/hard\libc_nano.a(libc_a-strncmp.o)
                0x0800215a                strncmp
 .text.strncpy  0x0800217e       0x26 D:/Apps/STM32CubeIDE/STM32CubeIDE_1.16.1/STM32CubeIDE/plugins/com.st.stm32cube.ide.mcu.externaltools.gnu-tools-for-stm32.12.3.rel1.win32_1.0.200.202406191623/tools/bin/../lib/gcc/arm-none-eabi/12.3.1/../../../../arm-none-eabi/lib/thumb/v7e-m+fp/hard\libc_nano.a(libc_a-strncpy.o)
                0x0800217e                strncpy
 .text.strtok   0x080021a4       0x68 D:/Apps/STM32CubeIDE/STM32CubeIDE_1.16.1/STM32CubeIDE/plugins/com.st.stm32cube.ide.mcu.externaltools.gnu-tools-for-stm32.12.3.rel1.win32_1.0.200.202406191623/tools/bin/../lib/gcc/arm-none-eabi/12.3.1/../../../../arm-none-eabi/lib/thumb/v7e-m+fp/hard\libc_nano.a(libc_a-strtok.o)
                0x080021a4                strtok
 .text.__strtok_r
                0x0800220c       0x50 D:/Apps/STM32CubeIDE/STM32CubeIDE_1.16.1/STM32CubeIDE/plugins/com.st.stm32cube.ide.mcu.externaltools.gnu-tools-for-stm32.12.3.rel1.win32_1.0.200.202406191623/tools/bin/../lib/gcc/arm-none-eabi/12.3.1/../../../../arm-none-eabi/lib/thumb/v7e-m+fp/hard\libc_nano.a(libc_a-strtok_r.o)
                0x0800220c                __strtok_r
 .text._close_r
                0x0800225c       0x20 D:/Apps/STM32CubeIDE/STM32CubeIDE_1.16.1/STM32CubeIDE/plugins/com.st.stm32cube.ide.mcu.externaltools.gnu-tools-for-stm32.12.3.rel1.win32_1.0.200.202406191623/tools/bin/../lib/gcc/arm-none-eabi/12.3.1/../../../../arm-none-eabi/lib/thumb/v7e-m+fp/hard\libc_nano.a(libc_a-closer.o)
                0x0800225c                _close_r
 .text._lseek_r
                0x0800227c       0x24 D:/Apps/STM32CubeIDE/STM32CubeIDE_1.16.1/STM32CubeIDE/plugins/com.st.stm32cube.ide.mcu.externaltools.gnu-tools-for-stm32.12.3.rel1.win32_1.0.200.202406191623/tools/bin/../lib/gcc/arm-none-eabi/12.3.1/../../../../arm-none-eabi/lib/thumb/v7e-m+fp/hard\libc_nano.a(libc_a-lseekr.o)
                0x0800227c                _lseek_r
 .text._read_r  0x080022a0       0x24 D:/Apps/STM32CubeIDE/STM32CubeIDE_1.16.1/STM32CubeIDE/plugins/com.st.stm32cube.ide.mcu.externaltools.gnu-tools-for-stm32.12.3.rel1.win32_1.0.200.202406191623/tools/bin/../lib/gcc/arm-none-eabi/12.3.1/../../../../arm-none-eabi/lib/thumb/v7e-m+fp/hard\libc_nano.a(libc_a-readr.o)
                0x080022a0                _read_r
 .text._write_r
                0x080022c4       0x24 D:/Apps/STM32CubeIDE/STM32CubeIDE_1.16.1/STM32CubeIDE/plugins/com.st.stm32cube.ide.mcu.externaltools.gnu-tools-for-stm32.12.3.rel1.win32_1.0.200.202406191623/tools/bin/../lib/gcc/arm-none-eabi/12.3.1/../../../../arm-none-eabi/lib/thumb/v7e-m+fp/hard\libc_nano.a(libc_a-writer.o)
                0x080022c4                _write_r
 .text.__errno  0x080022e8        0xc D:/Apps/STM32CubeIDE/STM32CubeIDE_1.16.1/STM32CubeIDE/plugins/com.st.stm32cube.ide.mcu.externaltools.gnu-tools-for-stm32.12.3.rel1.win32_1.0.200.202406191623/tools/bin/../lib/gcc/arm-none-eabi/12.3.1/../../../../arm-none-eabi/lib/thumb/v7e-m+fp/hard\libc_nano.a(libc_a-errno.o)
                0x080022e8                __errno
 .text.__libc_init_array
                0x080022f4       0x48 D:/Apps/STM32CubeIDE/STM32CubeIDE_1.16.1/STM32CubeIDE/plugins/com.st.stm32cube.ide.mcu.externaltools.gnu-tools-for-stm32.12.3.rel1.win32_1.0.200.202406191623/tools/bin/../lib/gcc/arm-none-eabi/12.3.1/../../../../arm-none-eabi/lib/thumb/v7e-m+fp/hard\libc_nano.a(libc_a-init.o)
                0x080022f4                __libc_init_array
 .text.__retarget_lock_init_recursive
                0x0800233c        0x2 D:/Apps/STM32CubeIDE/STM32CubeIDE_1.16.1/STM32CubeIDE/plugins/com.st.stm32cube.ide.mcu.externaltools.gnu-tools-for-stm32.12.3.rel1.win32_1.0.200.202406191623/tools/bin/../lib/gcc/arm-none-eabi/12.3.1/../../../../arm-none-eabi/lib/thumb/v7e-m+fp/hard\libc_nano.a(libc_a-lock.o)
                0x0800233c                __retarget_lock_init_recursive
 .text.__retarget_lock_acquire_recursive
                0x0800233e        0x2 D:/Apps/STM32CubeIDE/STM32CubeIDE_1.16.1/STM32CubeIDE/plugins/com.st.stm32cube.ide.mcu.externaltools.gnu-tools-for-stm32.12.3.rel1.win32_1.0.200.202406191623/tools/bin/../lib/gcc/arm-none-eabi/12.3.1/../../../../arm-none-eabi/lib/thumb/v7e-m+fp/hard\libc_nano.a(libc_a-lock.o)
                0x0800233e                __retarget_lock_acquire_recursive
 .text.__retarget_lock_release_recursive
                0x08002340        0x2 D:/Apps/STM32CubeIDE/STM32CubeIDE_1.16.1/STM32CubeIDE/plugins/com.st.stm32cube.ide.mcu.externaltools.gnu-tools-for-stm32.12.3.rel1.win32_1.0.200.202406191623/tools/bin/../lib/gcc/arm-none-eabi/12.3.1/../../../../arm-none-eabi/lib/thumb/v7e-m+fp/hard\libc_nano.a(libc_a-lock.o)
                0x08002340                __retarget_lock_release_recursive
 .text.memcpy   0x08002342       0x1c D:/Apps/STM32CubeIDE/STM32CubeIDE_1.16.1/STM32CubeIDE/plugins/com.st.stm32cube.ide.mcu.externaltools.gnu-tools-for-stm32.12.3.rel1.win32_1.0.200.202406191623/tools/bin/../lib/gcc/arm-none-eabi/12.3.1/../../../../arm-none-eabi/lib/thumb/v7e-m+fp/hard\libc_nano.a(libc_a-memcpy-stub.o)
                0x08002342                memcpy
 *fill*         0x0800235e        0x2 
 .text.__assert_func
                0x08002360       0x3c D:/Apps/STM32CubeIDE/STM32CubeIDE_1.16.1/STM32CubeIDE/plugins/com.st.stm32cube.ide.mcu.externaltools.gnu-tools-for-stm32.12.3.rel1.win32_1.0.200.202406191623/tools/bin/../lib/gcc/arm-none-eabi/12.3.1/../../../../arm-none-eabi/lib/thumb/v7e-m+fp/hard\libc_nano.a(libc_a-assert.o)
                0x08002360                __assert_func
 .text._free_r  0x0800239c       0x94 D:/Apps/STM32CubeIDE/STM32CubeIDE_1.16.1/STM32CubeIDE/plugins/com.st.stm32cube.ide.mcu.externaltools.gnu-tools-for-stm32.12.3.rel1.win32_1.0.200.202406191623/tools/bin/../lib/gcc/arm-none-eabi/12.3.1/../../../../arm-none-eabi/lib/thumb/v7e-m+fp/hard\libc_nano.a(libc_a-freer.o)
                0x0800239c                _free_r
 .text.malloc   0x08002430       0x10 D:/Apps/STM32CubeIDE/STM32CubeIDE_1.16.1/STM32CubeIDE/plugins/com.st.stm32cube.ide.mcu.externaltools.gnu-tools-for-stm32.12.3.rel1.win32_1.0.200.202406191623/tools/bin/../lib/gcc/arm-none-eabi/12.3.1/../../../../arm-none-eabi/lib/thumb/v7e-m+fp/hard\libc_nano.a(libc_a-malloc.o)
                0x08002430                malloc
 .text.sbrk_aligned
                0x08002440       0x44 D:/Apps/STM32CubeIDE/STM32CubeIDE_1.16.1/STM32CubeIDE/plugins/com.st.stm32cube.ide.mcu.externaltools.gnu-tools-for-stm32.12.3.rel1.win32_1.0.200.202406191623/tools/bin/../lib/gcc/arm-none-eabi/12.3.1/../../../../arm-none-eabi/lib/thumb/v7e-m+fp/hard\libc_nano.a(libc_a-mallocr.o)
 .text._malloc_r
                0x08002484      0x100 D:/Apps/STM32CubeIDE/STM32CubeIDE_1.16.1/STM32CubeIDE/plugins/com.st.stm32cube.ide.mcu.externaltools.gnu-tools-for-stm32.12.3.rel1.win32_1.0.200.202406191623/tools/bin/../lib/gcc/arm-none-eabi/12.3.1/../../../../arm-none-eabi/lib/thumb/v7e-m+fp/hard\libc_nano.a(libc_a-mallocr.o)
                0x08002484                _malloc_r
 .text.__malloc_lock
                0x08002584        0xc D:/Apps/STM32CubeIDE/STM32CubeIDE_1.16.1/STM32CubeIDE/plugins/com.st.stm32cube.ide.mcu.externaltools.gnu-tools-for-stm32.12.3.rel1.win32_1.0.200.202406191623/tools/bin/../lib/gcc/arm-none-eabi/12.3.1/../../../../arm-none-eabi/lib/thumb/v7e-m+fp/hard\libc_nano.a(libc_a-mlock.o)
                0x08002584                __malloc_lock
 .text.__malloc_unlock
                0x08002590        0xc D:/Apps/STM32CubeIDE/STM32CubeIDE_1.16.1/STM32CubeIDE/plugins/com.st.stm32cube.ide.mcu.externaltools.gnu-tools-for-stm32.12.3.rel1.win32_1.0.200.202406191623/tools/bin/../lib/gcc/arm-none-eabi/12.3.1/../../../../arm-none-eabi/lib/thumb/v7e-m+fp/hard\libc_nano.a(libc_a-mlock.o)
                0x08002590                __malloc_unlock
 .text.__sflush_r
                0x0800259c      0x108 D:/Apps/STM32CubeIDE/STM32CubeIDE_1.16.1/STM32CubeIDE/plugins/com.st.stm32cube.ide.mcu.externaltools.gnu-tools-for-stm32.12.3.rel1.win32_1.0.200.202406191623/tools/bin/../lib/gcc/arm-none-eabi/12.3.1/../../../../arm-none-eabi/lib/thumb/v7e-m+fp/hard\libc_nano.a(libc_a-fflush.o)
                0x0800259c                __sflush_r
 .text._fflush_r
                0x080026a4       0x50 D:/Apps/STM32CubeIDE/STM32CubeIDE_1.16.1/STM32CubeIDE/plugins/com.st.stm32cube.ide.mcu.externaltools.gnu-tools-for-stm32.12.3.rel1.win32_1.0.200.202406191623/tools/bin/../lib/gcc/arm-none-eabi/12.3.1/../../../../arm-none-eabi/lib/thumb/v7e-m+fp/hard\libc_nano.a(libc_a-fflush.o)
                0x080026a4                _fflush_r
 .text.fprintf  0x080026f4       0x24 D:/Apps/STM32CubeIDE/STM32CubeIDE_1.16.1/STM32CubeIDE/plugins/com.st.stm32cube.ide.mcu.externaltools.gnu-tools-for-stm32.12.3.rel1.win32_1.0.200.202406191623/tools/bin/../lib/gcc/arm-none-eabi/12.3.1/../../../../arm-none-eabi/lib/thumb/v7e-m+fp/hard\libc_nano.a(libc_a-fprintf.o)
                0x080026f4                fiprintf
                0x080026f4                fprintf
 .text._sbrk_r  0x08002718       0x20 D:/Apps/STM32CubeIDE/STM32CubeIDE_1.16.1/STM32CubeIDE/plugins/com.st.stm32cube.ide.mcu.externaltools.gnu-tools-for-stm32.12.3.rel1.win32_1.0.200.202406191623/tools/bin/../lib/gcc/arm-none-eabi/12.3.1/../../../../arm-none-eabi/lib/thumb/v7e-m+fp/hard\libc_nano.a(libc_a-sbrkr.o)
                0x08002718                _sbrk_r
 .text.abort    0x08002738        0xe D:/Apps/STM32CubeIDE/STM32CubeIDE_1.16.1/STM32CubeIDE/plugins/com.st.stm32cube.ide.mcu.externaltools.gnu-tools-for-stm32.12.3.rel1.win32_1.0.200.202406191623/tools/bin/../lib/gcc/arm-none-eabi/12.3.1/../../../../arm-none-eabi/lib/thumb/v7e-m+fp/hard\libc_nano.a(libc_a-abort.o)
                0x08002738                abort
 .text.__sfputc_r
                0x08002746       0x2e D:/Apps/STM32CubeIDE/STM32CubeIDE_1.16.1/STM32CubeIDE/plugins/com.st.stm32cube.ide.mcu.externaltools.gnu-tools-for-stm32.12.3.rel1.win32_1.0.200.202406191623/tools/bin/../lib/gcc/arm-none-eabi/12.3.1/../../../../arm-none-eabi/lib/thumb/v7e-m+fp/hard\libc_nano.a(libc_a-nano-vfprintf.o)
 .text.__sfputs_r
                0x08002774       0x24 D:/Apps/STM32CubeIDE/STM32CubeIDE_1.16.1/STM32CubeIDE/plugins/com.st.stm32cube.ide.mcu.externaltools.gnu-tools-for-stm32.12.3.rel1.win32_1.0.200.202406191623/tools/bin/../lib/gcc/arm-none-eabi/12.3.1/../../../../arm-none-eabi/lib/thumb/v7e-m+fp/hard\libc_nano.a(libc_a-nano-vfprintf.o)
                0x08002774                __sfputs_r
 .text._vfprintf_r
                0x08002798      0x230 D:/Apps/STM32CubeIDE/STM32CubeIDE_1.16.1/STM32CubeIDE/plugins/com.st.stm32cube.ide.mcu.externaltools.gnu-tools-for-stm32.12.3.rel1.win32_1.0.200.202406191623/tools/bin/../lib/gcc/arm-none-eabi/12.3.1/../../../../arm-none-eabi/lib/thumb/v7e-m+fp/hard\libc_nano.a(libc_a-nano-vfprintf.o)
                0x08002798                _vfprintf_r
                0x08002798                _vfiprintf_r
 .text._printf_common
                0x080029c8       0xda D:/Apps/STM32CubeIDE/STM32CubeIDE_1.16.1/STM32CubeIDE/plugins/com.st.stm32cube.ide.mcu.externaltools.gnu-tools-for-stm32.12.3.rel1.win32_1.0.200.202406191623/tools/bin/../lib/gcc/arm-none-eabi/12.3.1/../../../../arm-none-eabi/lib/thumb/v7e-m+fp/hard\libc_nano.a(libc_a-nano-vfprintf_i.o)
                0x080029c8                _printf_common
 *fill*         0x08002aa2        0x2 
 .text._printf_i
                0x08002aa4      0x240 D:/Apps/STM32CubeIDE/STM32CubeIDE_1.16.1/STM32CubeIDE/plugins/com.st.stm32cube.ide.mcu.externaltools.gnu-tools-for-stm32.12.3.rel1.win32_1.0.200.202406191623/tools/bin/../lib/gcc/arm-none-eabi/12.3.1/../../../../arm-none-eabi/lib/thumb/v7e-m+fp/hard\libc_nano.a(libc_a-nano-vfprintf_i.o)
                0x08002aa4                _printf_i
 .text.__swbuf_r
                0x08002ce4       0x7c D:/Apps/STM32CubeIDE/STM32CubeIDE_1.16.1/STM32CubeIDE/plugins/com.st.stm32cube.ide.mcu.externaltools.gnu-tools-for-stm32.12.3.rel1.win32_1.0.200.202406191623/tools/bin/../lib/gcc/arm-none-eabi/12.3.1/../../../../arm-none-eabi/lib/thumb/v7e-m+fp/hard\libc_nano.a(libc_a-wbuf.o)
                0x08002ce4                __swbuf_r
 .text.__swsetup_r
                0x08002d60       0xac D:/Apps/STM32CubeIDE/STM32CubeIDE_1.16.1/STM32CubeIDE/plugins/com.st.stm32cube.ide.mcu.externaltools.gnu-tools-for-stm32.12.3.rel1.win32_1.0.200.202406191623/tools/bin/../lib/gcc/arm-none-eabi/12.3.1/../../../../arm-none-eabi/lib/thumb/v7e-m+fp/hard\libc_nano.a(libc_a-wsetup.o)
                0x08002d60                __swsetup_r
 .text._raise_r
                0x08002e0c       0x50 D:/Apps/STM32CubeIDE/STM32CubeIDE_1.16.1/STM32CubeIDE/plugins/com.st.stm32cube.ide.mcu.externaltools.gnu-tools-for-stm32.12.3.rel1.win32_1.0.200.202406191623/tools/bin/../lib/gcc/arm-none-eabi/12.3.1/../../../../arm-none-eabi/lib/thumb/v7e-m+fp/hard\libc_nano.a(libc_a-signal.o)
                0x08002e0c                _raise_r
 .text.raise    0x08002e5c       0x10 D:/Apps/STM32CubeIDE/STM32CubeIDE_1.16.1/STM32CubeIDE/plugins/com.st.stm32cube.ide.mcu.externaltools.gnu-tools-for-stm32.12.3.rel1.win32_1.0.200.202406191623/tools/bin/../lib/gcc/arm-none-eabi/12.3.1/../../../../arm-none-eabi/lib/thumb/v7e-m+fp/hard\libc_nano.a(libc_a-signal.o)
                0x08002e5c                raise
 .text._kill_r  0x08002e6c       0x24 D:/Apps/STM32CubeIDE/STM32CubeIDE_1.16.1/STM32CubeIDE/plugins/com.st.stm32cube.ide.mcu.externaltools.gnu-tools-for-stm32.12.3.rel1.win32_1.0.200.202406191623/tools/bin/../lib/gcc/arm-none-eabi/12.3.1/../../../../arm-none-eabi/lib/thumb/v7e-m+fp/hard\libc_nano.a(libc_a-signalr.o)
                0x08002e6c                _kill_r
 .text._getpid_r
                0x08002e90        0x4 D:/Apps/STM32CubeIDE/STM32CubeIDE_1.16.1/STM32CubeIDE/plugins/com.st.stm32cube.ide.mcu.externaltools.gnu-tools-for-stm32.12.3.rel1.win32_1.0.200.202406191623/tools/bin/../lib/gcc/arm-none-eabi/12.3.1/../../../../arm-none-eabi/lib/thumb/v7e-m+fp/hard\libc_nano.a(libc_a-signalr.o)
                0x08002e90                _getpid_r
 .text.__swhatbuf_r
                0x08002e94       0x4c D:/Apps/STM32CubeIDE/STM32CubeIDE_1.16.1/STM32CubeIDE/plugins/com.st.stm32cube.ide.mcu.externaltools.gnu-tools-for-stm32.12.3.rel1.win32_1.0.200.202406191623/tools/bin/../lib/gcc/arm-none-eabi/12.3.1/../../../../arm-none-eabi/lib/thumb/v7e-m+fp/hard\libc_nano.a(libc_a-makebuf.o)
                0x08002e94                __swhatbuf_r
 .text.__smakebuf_r
                0x08002ee0       0x78 D:/Apps/STM32CubeIDE/STM32CubeIDE_1.16.1/STM32CubeIDE/plugins/com.st.stm32cube.ide.mcu.externaltools.gnu-tools-for-stm32.12.3.rel1.win32_1.0.200.202406191623/tools/bin/../lib/gcc/arm-none-eabi/12.3.1/../../../../arm-none-eabi/lib/thumb/v7e-m+fp/hard\libc_nano.a(libc_a-makebuf.o)
                0x08002ee0                __smakebuf_r
 .text._fstat_r
                0x08002f58       0x24 D:/Apps/STM32CubeIDE/STM32CubeIDE_1.16.1/STM32CubeIDE/plugins/com.st.stm32cube.ide.mcu.externaltools.gnu-tools-for-stm32.12.3.rel1.win32_1.0.200.202406191623/tools/bin/../lib/gcc/arm-none-eabi/12.3.1/../../../../arm-none-eabi/lib/thumb/v7e-m+fp/hard\libc_nano.a(libc_a-fstatr.o)
                0x08002f58                _fstat_r
 .text._isatty_r
                0x08002f7c       0x20 D:/Apps/STM32CubeIDE/STM32CubeIDE_1.16.1/STM32CubeIDE/plugins/com.st.stm32cube.ide.mcu.externaltools.gnu-tools-for-stm32.12.3.rel1.win32_1.0.200.202406191623/tools/bin/../lib/gcc/arm-none-eabi/12.3.1/../../../../arm-none-eabi/lib/thumb/v7e-m+fp/hard\libc_nano.a(libc_a-isattyr.o)
                0x08002f7c                _isatty_r
 .text.sqrtf    0x08002f9c       0x3c D:/Apps/STM32CubeIDE/STM32CubeIDE_1.16.1/STM32CubeIDE/plugins/com.st.stm32cube.ide.mcu.externaltools.gnu-tools-for-stm32.12.3.rel1.win32_1.0.200.202406191623/tools/bin/../lib/gcc/arm-none-eabi/12.3.1/../../../../arm-none-eabi/lib/thumb/v7e-m+fp/hard\libm.a(libm_a-wf_sqrt.o)
                0x08002f9c                sqrtf
 .text.__ieee754_sqrtf
                0x08002fd8        0x6 D:/Apps/STM32CubeIDE/STM32CubeIDE_1.16.1/STM32CubeIDE/plugins/com.st.stm32cube.ide.mcu.externaltools.gnu-tools-for-stm32.12.3.rel1.win32_1.0.200.202406191623/tools/bin/../lib/gcc/arm-none-eabi/12.3.1/../../../../arm-none-eabi/lib/thumb/v7e-m+fp/hard\libm.a(libm_a-ef_sqrt.o)
                0x08002fd8                __ieee754_sqrtf
 *(.glue_7)
 .glue_7        0x08002fde        0x0 linker stubs
 *(.glue_7t)
 .glue_7t       0x08002fde        0x0 linker stubs
 *(.eh_frame)
 *fill*         0x08002fde        0x2 
 .eh_frame      0x08002fe0        0x0 D:/Apps/STM32CubeIDE/STM32CubeIDE_1.16.1/STM32CubeIDE/plugins/com.st.stm32cube.ide.mcu.externaltools.gnu-tools-for-stm32.12.3.rel1.win32_1.0.200.202406191623/tools/bin/../lib/gcc/arm-none-eabi/12.3.1/thumb/v7e-m+fp/hard/crtbegin.o
 *(.init)
 .init          0x08002fe0        0x4 D:/Apps/STM32CubeIDE/STM32CubeIDE_1.16.1/STM32CubeIDE/plugins/com.st.stm32cube.ide.mcu.externaltools.gnu-tools-for-stm32.12.3.rel1.win32_1.0.200.202406191623/tools/bin/../lib/gcc/arm-none-eabi/12.3.1/thumb/v7e-m+fp/hard/crti.o
                0x08002fe0                _init
 .init          0x08002fe4        0x8 D:/Apps/STM32CubeIDE/STM32CubeIDE_1.16.1/STM32CubeIDE/plugins/com.st.stm32cube.ide.mcu.externaltools.gnu-tools-for-stm32.12.3.rel1.win32_1.0.200.202406191623/tools/bin/../lib/gcc/arm-none-eabi/12.3.1/thumb/v7e-m+fp/hard/crtn.o
 *(.fini)
 .fini          0x08002fec        0x4 D:/Apps/STM32CubeIDE/STM32CubeIDE_1.16.1/STM32CubeIDE/plugins/com.st.stm32cube.ide.mcu.externaltools.gnu-tools-for-stm32.12.3.rel1.win32_1.0.200.202406191623/tools/bin/../lib/gcc/arm-none-eabi/12.3.1/thumb/v7e-m+fp/hard/crti.o
                0x08002fec                _fini
 .fini          0x08002ff0        0x8 D:/Apps/STM32CubeIDE/STM32CubeIDE_1.16.1/STM32CubeIDE/plugins/com.st.stm32cube.ide.mcu.externaltools.gnu-tools-for-stm32.12.3.rel1.win32_1.0.200.202406191623/tools/bin/../lib/gcc/arm-none-eabi/12.3.1/thumb/v7e-m+fp/hard/crtn.o
                0x08002ff8                        . = ALIGN (0x4)
                0x08002ff8                        _etext = .

.vfp11_veneer   0x08002ff8        0x0
 .vfp11_veneer  0x08002ff8        0x0 linker stubs

.v4_bx          0x08002ff8        0x0
 .v4_bx         0x08002ff8        0x0 linker stubs

.iplt           0x08002ff8        0x0
 .iplt          0x08002ff8        0x0 D:/Apps/STM32CubeIDE/STM32CubeIDE_1.16.1/STM32CubeIDE/plugins/com.st.stm32cube.ide.mcu.externaltools.gnu-tools-for-stm32.12.3.rel1.win32_1.0.200.202406191623/tools/bin/../lib/gcc/arm-none-eabi/12.3.1/thumb/v7e-m+fp/hard/crtbegin.o

.rodata         0x08002ff8      0x33c
                0x08002ff8                        . = ALIGN (0x4)
 *(.rodata)
 .rodata        0x08002ff8       0x1e ./Core/Src/NEO_6M.o
 *fill*         0x08003016        0x2 
 .rodata        0x08003018        0xb ./Core/Src/esp32_comms.o
 *fill*         0x08003023        0x1 
 .rodata        0x08003024       0x47 ./Core/Src/lsm6ds3.o
 *fill*         0x0800306b        0x1 
 .rodata        0x0800306c       0xa1 ./Core/Src/main.o
 *fill*         0x0800310d        0x3 
 .rodata        0x08003110       0x3e ./Core/Src/stm32f4xx_it.o
 *fill*         0x0800314e        0x2 
 .rodata        0x08003150        0x3 ./Core/Src/uart2.o
 *(.rodata*)
 .rodata._ctype_
                0x08003153      0x101 D:/Apps/STM32CubeIDE/STM32CubeIDE_1.16.1/STM32CubeIDE/plugins/com.st.stm32cube.ide.mcu.externaltools.gnu-tools-for-stm32.12.3.rel1.win32_1.0.200.202406191623/tools/bin/../lib/gcc/arm-none-eabi/12.3.1/../../../../arm-none-eabi/lib/thumb/v7e-m+fp/hard\libc_nano.a(libc_a-ctype_.o)
                0x08003153                _ctype_
 .rodata.strtok.str1.1
                0x08003254       0x71 D:/Apps/STM32CubeIDE/STM32CubeIDE_1.16.1/STM32CubeIDE/plugins/com.st.stm32cube.ide.mcu.externaltools.gnu-tools-for-stm32.12.3.rel1.win32_1.0.200.202406191623/tools/bin/../lib/gcc/arm-none-eabi/12.3.1/../../../../arm-none-eabi/lib/thumb/v7e-m+fp/hard\libc_nano.a(libc_a-strtok.o)
 .rodata.__assert_func.str1.1
                0x080032c5       0x3c D:/Apps/STM32CubeIDE/STM32CubeIDE_1.16.1/STM32CubeIDE/plugins/com.st.stm32cube.ide.mcu.externaltools.gnu-tools-for-stm32.12.3.rel1.win32_1.0.200.202406191623/tools/bin/../lib/gcc/arm-none-eabi/12.3.1/../../../../arm-none-eabi/lib/thumb/v7e-m+fp/hard\libc_nano.a(libc_a-assert.o)
                                 0x3d (size before relaxing)
 .rodata._vfprintf_r.str1.1
                0x08003301       0x11 D:/Apps/STM32CubeIDE/STM32CubeIDE_1.16.1/STM32CubeIDE/plugins/com.st.stm32cube.ide.mcu.externaltools.gnu-tools-for-stm32.12.3.rel1.win32_1.0.200.202406191623/tools/bin/../lib/gcc/arm-none-eabi/12.3.1/../../../../arm-none-eabi/lib/thumb/v7e-m+fp/hard\libc_nano.a(libc_a-nano-vfprintf.o)
 .rodata._printf_i.str1.1
                0x08003312       0x22 D:/Apps/STM32CubeIDE/STM32CubeIDE_1.16.1/STM32CubeIDE/plugins/com.st.stm32cube.ide.mcu.externaltools.gnu-tools-for-stm32.12.3.rel1.win32_1.0.200.202406191623/tools/bin/../lib/gcc/arm-none-eabi/12.3.1/../../../../arm-none-eabi/lib/thumb/v7e-m+fp/hard\libc_nano.a(libc_a-nano-vfprintf_i.o)
                0x08003334                        . = ALIGN (0x4)

.ARM.extab      0x08003334        0x0
                0x08003334                        . = ALIGN (0x4)
 *(.ARM.extab* .gnu.linkonce.armextab.*)
                0x08003334                        . = ALIGN (0x4)

.ARM            0x08003334        0x8
                0x08003334                        . = ALIGN (0x4)
                0x08003334                        __exidx_start = .
 *(.ARM.exidx*)
 .ARM.exidx     0x08003334        0x8 D:/Apps/STM32CubeIDE/STM32CubeIDE_1.16.1/STM32CubeIDE/plugins/com.st.stm32cube.ide.mcu.externaltools.gnu-tools-for-stm32.12.3.rel1.win32_1.0.200.202406191623/tools/bin/../lib/gcc/arm-none-eabi/12.3.1/../../../../arm-none-eabi/lib/thumb/v7e-m+fp/hard\libc_nano.a(libc_a-memchr.o)
                0x0800333c                        __exidx_end = .
                0x0800333c                        . = ALIGN (0x4)

.preinit_array  0x0800333c        0x0
                0x0800333c                        . = ALIGN (0x4)
                0x0800333c                        PROVIDE (__preinit_array_start = .)
 *(.preinit_array*)
                0x0800333c                        PROVIDE (__preinit_array_end = .)
                0x0800333c                        . = ALIGN (0x4)

.init_array     0x0800333c        0x4
                0x0800333c                        . = ALIGN (0x4)
                0x0800333c                        PROVIDE (__init_array_start = .)
 *(SORT_BY_NAME(.init_array.*))
 *(.init_array*)
 .init_array    0x0800333c        0x4 D:/Apps/STM32CubeIDE/STM32CubeIDE_1.16.1/STM32CubeIDE/plugins/com.st.stm32cube.ide.mcu.externaltools.gnu-tools-for-stm32.12.3.rel1.win32_1.0.200.202406191623/tools/bin/../lib/gcc/arm-none-eabi/12.3.1/thumb/v7e-m+fp/hard/crtbegin.o
                0x08003340                        PROVIDE (__init_array_end = .)
                0x08003340                        . = ALIGN (0x4)

.fini_array     0x08003340        0x4
                0x08003340                        . = ALIGN (0x4)
                [!provide]                        PROVIDE (__fini_array_start = .)
 *(SORT_BY_NAME(.fini_array.*))
 *(.fini_array*)
 .fini_array    0x08003340        0x4 D:/Apps/STM32CubeIDE/STM32CubeIDE_1.16.1/STM32CubeIDE/plugins/com.st.stm32cube.ide.mcu.externaltools.gnu-tools-for-stm32.12.3.rel1.win32_1.0.200.202406191623/tools/bin/../lib/gcc/arm-none-eabi/12.3.1/thumb/v7e-m+fp/hard/crtbegin.o
                [!provide]                        PROVIDE (__fini_array_end = .)
                0x08003344                        . = ALIGN (0x4)
                0x08003344                        _sidata = LOADADDR (.data)

.rel.dyn        0x08003344        0x0
 .rel.iplt      0x08003344        0x0 D:/Apps/STM32CubeIDE/STM32CubeIDE_1.16.1/STM32CubeIDE/plugins/com.st.stm32cube.ide.mcu.externaltools.gnu-tools-for-stm32.12.3.rel1.win32_1.0.200.202406191623/tools/bin/../lib/gcc/arm-none-eabi/12.3.1/thumb/v7e-m+fp/hard/crtbegin.o

.data           0x20000000       0x68 load address 0x08003344
                0x20000000                        . = ALIGN (0x4)
                0x20000000                        _sdata = .
 *(.data)
 *(.data*)
 .data.alpha_g  0x20000000        0x4 ./Core/Src/lsm6ds3.o
 .data.alpha_dyn
                0x20000004        0x4 ./Core/Src/lsm6ds3.o
 .data.uwTickFreq
                0x20000008        0x1 ./Drivers/STM32F4xx_HAL_Driver/Src/stm32f4xx_hal.o
                0x20000008                uwTickFreq
 *fill*         0x20000009        0x3 
 .data.__sglue  0x2000000c        0xc D:/Apps/STM32CubeIDE/STM32CubeIDE_1.16.1/STM32CubeIDE/plugins/com.st.stm32cube.ide.mcu.externaltools.gnu-tools-for-stm32.12.3.rel1.win32_1.0.200.202406191623/tools/bin/../lib/gcc/arm-none-eabi/12.3.1/../../../../arm-none-eabi/lib/thumb/v7e-m+fp/hard\libc_nano.a(libc_a-findfp.o)
                0x2000000c                __sglue
 .data._impure_ptr
                0x20000018        0x4 D:/Apps/STM32CubeIDE/STM32CubeIDE_1.16.1/STM32CubeIDE/plugins/com.st.stm32cube.ide.mcu.externaltools.gnu-tools-for-stm32.12.3.rel1.win32_1.0.200.202406191623/tools/bin/../lib/gcc/arm-none-eabi/12.3.1/../../../../arm-none-eabi/lib/thumb/v7e-m+fp/hard\libc_nano.a(libc_a-impure.o)
                0x20000018                _impure_ptr
 .data._impure_data
                0x2000001c       0x4c D:/Apps/STM32CubeIDE/STM32CubeIDE_1.16.1/STM32CubeIDE/plugins/com.st.stm32cube.ide.mcu.externaltools.gnu-tools-for-stm32.12.3.rel1.win32_1.0.200.202406191623/tools/bin/../lib/gcc/arm-none-eabi/12.3.1/../../../../arm-none-eabi/lib/thumb/v7e-m+fp/hard\libc_nano.a(libc_a-impure.o)
                0x2000001c                _impure_data
 *(.RamFunc)
 *(.RamFunc*)
                0x20000068                        . = ALIGN (0x4)
                0x20000068                        _edata = .

.igot.plt       0x20000068        0x0 load address 0x080033ac
 .igot.plt      0x20000068        0x0 D:/Apps/STM32CubeIDE/STM32CubeIDE_1.16.1/STM32CubeIDE/plugins/com.st.stm32cube.ide.mcu.externaltools.gnu-tools-for-stm32.12.3.rel1.win32_1.0.200.202406191623/tools/bin/../lib/gcc/arm-none-eabi/12.3.1/thumb/v7e-m+fp/hard/crtbegin.o
                0x20000068                        . = ALIGN (0x4)

.bss            0x20000068      0x428 load address 0x080033ac
                0x20000068                        _sbss = .
                0x20000068                        __bss_start__ = _sbss
 *(.bss)
 .bss           0x20000068       0x1c D:/Apps/STM32CubeIDE/STM32CubeIDE_1.16.1/STM32CubeIDE/plugins/com.st.stm32cube.ide.mcu.externaltools.gnu-tools-for-stm32.12.3.rel1.win32_1.0.200.202406191623/tools/bin/../lib/gcc/arm-none-eabi/12.3.1/thumb/v7e-m+fp/hard/crtbegin.o
 *(.bss*)
 .bss.rx_buffer
                0x20000084      0x100 ./Core/Src/NEO_6M.o
 .bss.rx_head   0x20000184        0x2 ./Core/Src/NEO_6M.o
 .bss.rx_tail   0x20000186        0x2 ./Core/Src/NEO_6M.o
 .bss.line_buffer
                0x20000188       0x80 ./Core/Src/NEO_6M.o
 .bss.line_index
                0x20000208        0x2 ./Core/Src/NEO_6M.o
 *fill*         0x2000020a        0x2 
 .bss.gps_data  0x2000020c       0x44 ./Core/Src/NEO_6M.o
 .bss.gps_data_updated
                0x20000250        0x1 ./Core/Src/NEO_6M.o
 *fill*         0x20000251        0x3 
 .bss.gps_overflow_count
                0x20000254        0x4 ./Core/Src/NEO_6M.o
 .bss.gps_rx_byte_count
                0x20000258        0x4 ./Core/Src/NEO_6M.o
 .bss.hcsr04_busy
                0x2000025c        0x1 ./Core/Src/hc-sr04.o
                0x2000025c                hcsr04_busy
 .bss.hcsr04_done
                0x2000025d        0x1 ./Core/Src/hc-sr04.o
                0x2000025d                hcsr04_done
 .bss.hcsr04_last_cm
                0x2000025e        0x2 ./Core/Src/hc-sr04.o
                0x2000025e                hcsr04_last_cm
 .bss.g_x       0x20000260        0x4 ./Core/Src/lsm6ds3.o
 .bss.g_y       0x20000264        0x4 ./Core/Src/lsm6ds3.o
 .bss.g_z       0x20000268        0x4 ./Core/Src/lsm6ds3.o
 .bss.a_vert_filt
                0x2000026c        0x4 ./Core/Src/lsm6ds3.o
 .bss.gps_data  0x20000270       0x44 ./Core/Src/main.o
 .bss.last_shock_us
                0x200002b4        0x4 ./Core/Src/main.o
 .bss.last_event_us
                0x200002b8        0x4 ./Core/Src/main.o
 .bss.send_pending
                0x200002bc        0x1 ./Core/Src/main.o
 *fill*         0x200002bd        0x3 
 .bss.pkt       0x200002c0       0x28 ./Core/Src/main.o
 .bss.__sbrk_heap_end
                0x200002e8        0x4 ./Core/Src/sysmem.o
 .bss.edge_count
                0x200002ec        0x1 ./Core/Src/tim5.o
                0x200002ec                edge_count
 *fill*         0x200002ed        0x3 
 .bss.echo_start
                0x200002f0        0x4 ./Core/Src/tim5.o
                0x200002f0                echo_start
 .bss.echo_width
                0x200002f4        0x4 ./Core/Src/tim5.o
                0x200002f4                echo_width
 .bss.echo_state
                0x200002f8        0x1 ./Core/Src/tim5.o
                0x200002f8                echo_state
 *fill*         0x200002f9        0x3 
 .bss.rx_buffer
                0x200002fc       0x40 ./Core/Src/uart2.o
                0x200002fc                rx_buffer
 .bss.rx_head   0x2000033c        0x1 ./Core/Src/uart2.o
                0x2000033c                rx_head
 *fill*         0x2000033d        0x3 
 .bss.uwTick    0x20000340        0x4 ./Drivers/STM32F4xx_HAL_Driver/Src/stm32f4xx_hal.o
                0x20000340                uwTick
 .bss.__sf      0x20000344      0x138 D:/Apps/STM32CubeIDE/STM32CubeIDE_1.16.1/STM32CubeIDE/plugins/com.st.stm32cube.ide.mcu.externaltools.gnu-tools-for-stm32.12.3.rel1.win32_1.0.200.202406191623/tools/bin/../lib/gcc/arm-none-eabi/12.3.1/../../../../arm-none-eabi/lib/thumb/v7e-m+fp/hard\libc_nano.a(libc_a-findfp.o)
                0x20000344                __sf
 .bss.__stdio_exit_handler
                0x2000047c        0x4 D:/Apps/STM32CubeIDE/STM32CubeIDE_1.16.1/STM32CubeIDE/plugins/com.st.stm32cube.ide.mcu.externaltools.gnu-tools-for-stm32.12.3.rel1.win32_1.0.200.202406191623/tools/bin/../lib/gcc/arm-none-eabi/12.3.1/../../../../arm-none-eabi/lib/thumb/v7e-m+fp/hard\libc_nano.a(libc_a-findfp.o)
                0x2000047c                __stdio_exit_handler
 .bss.errno     0x20000480        0x4 D:/Apps/STM32CubeIDE/STM32CubeIDE_1.16.1/STM32CubeIDE/plugins/com.st.stm32cube.ide.mcu.externaltools.gnu-tools-for-stm32.12.3.rel1.win32_1.0.200.202406191623/tools/bin/../lib/gcc/arm-none-eabi/12.3.1/../../../../arm-none-eabi/lib/thumb/v7e-m+fp/hard\libc_nano.a(libc_a-reent.o)
                0x20000480                errno
 .bss.__lock___malloc_recursive_mutex
                0x20000484        0x1 D:/Apps/STM32CubeIDE/STM32CubeIDE_1.16.1/STM32CubeIDE/plugins/com.st.stm32cube.ide.mcu.externaltools.gnu-tools-for-stm32.12.3.rel1.win32_1.0.200.202406191623/tools/bin/../lib/gcc/arm-none-eabi/12.3.1/../../../../arm-none-eabi/lib/thumb/v7e-m+fp/hard\libc_nano.a(libc_a-lock.o)
                0x20000484                __lock___malloc_recursive_mutex
 .bss.__lock___sfp_recursive_mutex
                0x20000485        0x1 D:/Apps/STM32CubeIDE/STM32CubeIDE_1.16.1/STM32CubeIDE/plugins/com.st.stm32cube.ide.mcu.externaltools.gnu-tools-for-stm32.12.3.rel1.win32_1.0.200.202406191623/tools/bin/../lib/gcc/arm-none-eabi/12.3.1/../../../../arm-none-eabi/lib/thumb/v7e-m+fp/hard\libc_nano.a(libc_a-lock.o)
                0x20000485                __lock___sfp_recursive_mutex
 *fill*         0x20000486        0x2 
 .bss.__malloc_sbrk_start
                0x20000488        0x4 D:/Apps/STM32CubeIDE/STM32CubeIDE_1.16.1/STM32CubeIDE/plugins/com.st.stm32cube.ide.mcu.externaltools.gnu-tools-for-stm32.12.3.rel1.win32_1.0.200.202406191623/tools/bin/../lib/gcc/arm-none-eabi/12.3.1/../../../../arm-none-eabi/lib/thumb/v7e-m+fp/hard\libc_nano.a(libc_a-mallocr.o)
                0x20000488                __malloc_sbrk_start
 .bss.__malloc_free_list
                0x2000048c        0x4 D:/Apps/STM32CubeIDE/STM32CubeIDE_1.16.1/STM32CubeIDE/plugins/com.st.stm32cube.ide.mcu.externaltools.gnu-tools-for-stm32.12.3.rel1.win32_1.0.200.202406191623/tools/bin/../lib/gcc/arm-none-eabi/12.3.1/../../../../arm-none-eabi/lib/thumb/v7e-m+fp/hard\libc_nano.a(libc_a-mallocr.o)
                0x2000048c                __malloc_free_list
 *(COMMON)
                0x20000490                        . = ALIGN (0x4)
                0x20000490                        _ebss = .
                0x20000490                        __bss_end__ = _ebss

._user_heap_stack
                0x20000490      0x600 load address 0x080033ac
                0x20000490                        . = ALIGN (0x8)
                [!provide]                        PROVIDE (end = .)
                0x20000490                        PROVIDE (_end = .)
                0x20000690                        . = (. + _Min_Heap_Size)
 *fill*         0x20000490      0x200 
                0x20000a90                        . = (. + _Min_Stack_Size)
 *fill*         0x20000690      0x400 
                0x20000a90                        . = ALIGN (0x8)

/DISCARD/
 libc.a(*)
 libm.a(*)
 libgcc.a(*)

.ARM.attributes
                0x00000000       0x30
 *(.ARM.attributes)
 .ARM.attributes
                0x00000000       0x22 D:/Apps/STM32CubeIDE/STM32CubeIDE_1.16.1/STM32CubeIDE/plugins/com.st.stm32cube.ide.mcu.externaltools.gnu-tools-for-stm32.12.3.rel1.win32_1.0.200.202406191623/tools/bin/../lib/gcc/arm-none-eabi/12.3.1/thumb/v7e-m+fp/hard/crti.o
 .ARM.attributes
                0x00000022       0x34 D:/Apps/STM32CubeIDE/STM32CubeIDE_1.16.1/STM32CubeIDE/plugins/com.st.stm32cube.ide.mcu.externaltools.gnu-tools-for-stm32.12.3.rel1.win32_1.0.200.202406191623/tools/bin/../lib/gcc/arm-none-eabi/12.3.1/thumb/v7e-m+fp/hard/crtbegin.o
 .ARM.attributes
                0x00000056       0x34 ./Core/Src/NEO_6M.o
 .ARM.attributes
                0x0000008a       0x34 ./Core/Src/esp32_comms.o
 .ARM.attributes
                0x000000be       0x34 ./Core/Src/hc-sr04.o
 .ARM.attributes
                0x000000f2       0x34 ./Core/Src/i2c1.o
 .ARM.attributes
                0x00000126       0x34 ./Core/Src/lsm6ds3.o
 .ARM.attributes
                0x0000015a       0x34 ./Core/Src/main.o
 .ARM.attributes
                0x0000018e       0x34 ./Core/Src/stm32f4xx_it.o
 .ARM.attributes
                0x000001c2       0x34 ./Core/Src/syscalls.o
 .ARM.attributes
                0x000001f6       0x34 ./Core/Src/sysmem.o
 .ARM.attributes
                0x0000022a       0x34 ./Core/Src/system_stm32f4xx.o
 .ARM.attributes
                0x0000025e       0x34 ./Core/Src/tim5.o
 .ARM.attributes
                0x00000292       0x34 ./Core/Src/uart1.o
 .ARM.attributes
                0x000002c6       0x34 ./Core/Src/uart2.o
 .ARM.attributes
                0x000002fa       0x34 ./Core/Src/uart3.o
 .ARM.attributes
                0x0000032e       0x21 ./Core/Startup/startup_stm32f446retx.o
 .ARM.attributes
                0x0000034f       0x34 ./Drivers/STM32F4xx_HAL_Driver/Src/stm32f4xx_hal.o
 .ARM.attributes
                0x00000383       0x34 D:/Apps/STM32CubeIDE/STM32CubeIDE_1.16.1/STM32CubeIDE/plugins/com.st.stm32cube.ide.mcu.externaltools.gnu-tools-for-stm32.12.3.rel1.win32_1.0.200.202406191623/tools/bin/../lib/gcc/arm-none-eabi/12.3.1/../../../../arm-none-eabi/lib/thumb/v7e-m+fp/hard\libc_nano.a(libc_a-atoi.o)
 .ARM.attributes
                0x000003b7       0x34 D:/Apps/STM32CubeIDE/STM32CubeIDE_1.16.1/STM32CubeIDE/plugins/com.st.stm32cube.ide.mcu.externaltools.gnu-tools-for-stm32.12.3.rel1.win32_1.0.200.202406191623/tools/bin/../lib/gcc/arm-none-eabi/12.3.1/../../../../arm-none-eabi/lib/thumb/v7e-m+fp/hard\libc_nano.a(libc_a-strtol.o)
 .ARM.attributes
                0x000003eb       0x34 D:/Apps/STM32CubeIDE/STM32CubeIDE_1.16.1/STM32CubeIDE/plugins/com.st.stm32cube.ide.mcu.externaltools.gnu-tools-for-stm32.12.3.rel1.win32_1.0.200.202406191623/tools/bin/../lib/gcc/arm-none-eabi/12.3.1/../../../../arm-none-eabi/lib/thumb/v7e-m+fp/hard\libc_nano.a(libc_a-ctype_.o)
 .ARM.attributes
                0x0000041f       0x34 D:/Apps/STM32CubeIDE/STM32CubeIDE_1.16.1/STM32CubeIDE/plugins/com.st.stm32cube.ide.mcu.externaltools.gnu-tools-for-stm32.12.3.rel1.win32_1.0.200.202406191623/tools/bin/../lib/gcc/arm-none-eabi/12.3.1/../../../../arm-none-eabi/lib/thumb/v7e-m+fp/hard\libc_nano.a(libc_a-findfp.o)
 .ARM.attributes
                0x00000453       0x34 D:/Apps/STM32CubeIDE/STM32CubeIDE_1.16.1/STM32CubeIDE/plugins/com.st.stm32cube.ide.mcu.externaltools.gnu-tools-for-stm32.12.3.rel1.win32_1.0.200.202406191623/tools/bin/../lib/gcc/arm-none-eabi/12.3.1/../../../../arm-none-eabi/lib/thumb/v7e-m+fp/hard\libc_nano.a(libc_a-fwalk.o)
 .ARM.attributes
                0x00000487       0x34 D:/Apps/STM32CubeIDE/STM32CubeIDE_1.16.1/STM32CubeIDE/plugins/com.st.stm32cube.ide.mcu.externaltools.gnu-tools-for-stm32.12.3.rel1.win32_1.0.200.202406191623/tools/bin/../lib/gcc/arm-none-eabi/12.3.1/../../../../arm-none-eabi/lib/thumb/v7e-m+fp/hard\libc_nano.a(libc_a-stdio.o)
 .ARM.attributes
                0x000004bb       0x34 D:/Apps/STM32CubeIDE/STM32CubeIDE_1.16.1/STM32CubeIDE/plugins/com.st.stm32cube.ide.mcu.externaltools.gnu-tools-for-stm32.12.3.rel1.win32_1.0.200.202406191623/tools/bin/../lib/gcc/arm-none-eabi/12.3.1/../../../../arm-none-eabi/lib/thumb/v7e-m+fp/hard\libc_nano.a(libc_a-memset.o)
 .ARM.attributes
                0x000004ef       0x34 D:/Apps/STM32CubeIDE/STM32CubeIDE_1.16.1/STM32CubeIDE/plugins/com.st.stm32cube.ide.mcu.externaltools.gnu-tools-for-stm32.12.3.rel1.win32_1.0.200.202406191623/tools/bin/../lib/gcc/arm-none-eabi/12.3.1/../../../../arm-none-eabi/lib/thumb/v7e-m+fp/hard\libc_nano.a(libc_a-strncmp.o)
 .ARM.attributes
                0x00000523       0x34 D:/Apps/STM32CubeIDE/STM32CubeIDE_1.16.1/STM32CubeIDE/plugins/com.st.stm32cube.ide.mcu.externaltools.gnu-tools-for-stm32.12.3.rel1.win32_1.0.200.202406191623/tools/bin/../lib/gcc/arm-none-eabi/12.3.1/../../../../arm-none-eabi/lib/thumb/v7e-m+fp/hard\libc_nano.a(libc_a-strncpy.o)
 .ARM.attributes
                0x00000557       0x34 D:/Apps/STM32CubeIDE/STM32CubeIDE_1.16.1/STM32CubeIDE/plugins/com.st.stm32cube.ide.mcu.externaltools.gnu-tools-for-stm32.12.3.rel1.win32_1.0.200.202406191623/tools/bin/../lib/gcc/arm-none-eabi/12.3.1/../../../../arm-none-eabi/lib/thumb/v7e-m+fp/hard\libc_nano.a(libc_a-strtok.o)
 .ARM.attributes
                0x0000058b       0x34 D:/Apps/STM32CubeIDE/STM32CubeIDE_1.16.1/STM32CubeIDE/plugins/com.st.stm32cube.ide.mcu.externaltools.gnu-tools-for-stm32.12.3.rel1.win32_1.0.200.202406191623/tools/bin/../lib/gcc/arm-none-eabi/12.3.1/../../../../arm-none-eabi/lib/thumb/v7e-m+fp/hard\libc_nano.a(libc_a-strtok_r.o)
 .ARM.attributes
                0x000005bf       0x34 D:/Apps/STM32CubeIDE/STM32CubeIDE_1.16.1/STM32CubeIDE/plugins/com.st.stm32cube.ide.mcu.externaltools.gnu-tools-for-stm32.12.3.rel1.win32_1.0.200.202406191623/tools/bin/../lib/gcc/arm-none-eabi/12.3.1/../../../../arm-none-eabi/lib/thumb/v7e-m+fp/hard\libc_nano.a(libc_a-closer.o)
 .ARM.attributes
                0x000005f3       0x34 D:/Apps/STM32CubeIDE/STM32CubeIDE_1.16.1/STM32CubeIDE/plugins/com.st.stm32cube.ide.mcu.externaltools.gnu-tools-for-stm32.12.3.rel1.win32_1.0.200.202406191623/tools/bin/../lib/gcc/arm-none-eabi/12.3.1/../../../../arm-none-eabi/lib/thumb/v7e-m+fp/hard\libc_nano.a(libc_a-reent.o)
 .ARM.attributes
                0x00000627       0x34 D:/Apps/STM32CubeIDE/STM32CubeIDE_1.16.1/STM32CubeIDE/plugins/com.st.stm32cube.ide.mcu.externaltools.gnu-tools-for-stm32.12.3.rel1.win32_1.0.200.202406191623/tools/bin/../lib/gcc/arm-none-eabi/12.3.1/../../../../arm-none-eabi/lib/thumb/v7e-m+fp/hard\libc_nano.a(libc_a-impure.o)
 .ARM.attributes
                0x0000065b       0x34 D:/Apps/STM32CubeIDE/STM32CubeIDE_1.16.1/STM32CubeIDE/plugins/com.st.stm32cube.ide.mcu.externaltools.gnu-tools-for-stm32.12.3.rel1.win32_1.0.200.202406191623/tools/bin/../lib/gcc/arm-none-eabi/12.3.1/../../../../arm-none-eabi/lib/thumb/v7e-m+fp/hard\libc_nano.a(libc_a-lseekr.o)
 .ARM.attributes
                0x0000068f       0x34 D:/Apps/STM32CubeIDE/STM32CubeIDE_1.16.1/STM32CubeIDE/plugins/com.st.stm32cube.ide.mcu.externaltools.gnu-tools-for-stm32.12.3.rel1.win32_1.0.200.202406191623/tools/bin/../lib/gcc/arm-none-eabi/12.3.1/../../../../arm-none-eabi/lib/thumb/v7e-m+fp/hard\libc_nano.a(libc_a-readr.o)
 .ARM.attributes
                0x000006c3       0x34 D:/Apps/STM32CubeIDE/STM32CubeIDE_1.16.1/STM32CubeIDE/plugins/com.st.stm32cube.ide.mcu.externaltools.gnu-tools-for-stm32.12.3.rel1.win32_1.0.200.202406191623/tools/bin/../lib/gcc/arm-none-eabi/12.3.1/../../../../arm-none-eabi/lib/thumb/v7e-m+fp/hard\libc_nano.a(libc_a-writer.o)
 .ARM.attributes
                0x000006f7       0x34 D:/Apps/STM32CubeIDE/STM32CubeIDE_1.16.1/STM32CubeIDE/plugins/com.st.stm32cube.ide.mcu.externaltools.gnu-tools-for-stm32.12.3.rel1.win32_1.0.200.202406191623/tools/bin/../lib/gcc/arm-none-eabi/12.3.1/../../../../arm-none-eabi/lib/thumb/v7e-m+fp/hard\libc_nano.a(libc_a-errno.o)
 .ARM.attributes
                0x0000072b       0x34 D:/Apps/STM32CubeIDE/STM32CubeIDE_1.16.1/STM32CubeIDE/plugins/com.st.stm32cube.ide.mcu.externaltools.gnu-tools-for-stm32.12.3.rel1.win32_1.0.200.202406191623/tools/bin/../lib/gcc/arm-none-eabi/12.3.1/../../../../arm-none-eabi/lib/thumb/v7e-m+fp/hard\libc_nano.a(libc_a-init.o)
 .ARM.attributes
                0x0000075f       0x34 D:/Apps/STM32CubeIDE/STM32CubeIDE_1.16.1/STM32CubeIDE/plugins/com.st.stm32cube.ide.mcu.externaltools.gnu-tools-for-stm32.12.3.rel1.win32_1.0.200.202406191623/tools/bin/../lib/gcc/arm-none-eabi/12.3.1/../../../../arm-none-eabi/lib/thumb/v7e-m+fp/hard\libc_nano.a(libc_a-lock.o)
 .ARM.attributes
                0x00000793       0x34 D:/Apps/STM32CubeIDE/STM32CubeIDE_1.16.1/STM32CubeIDE/plugins/com.st.stm32cube.ide.mcu.externaltools.gnu-tools-for-stm32.12.3.rel1.win32_1.0.200.202406191623/tools/bin/../lib/gcc/arm-none-eabi/12.3.1/../../../../arm-none-eabi/lib/thumb/v7e-m+fp/hard\libc_nano.a(libc_a-memcpy-stub.o)
 .ARM.attributes
                0x000007c7       0x34 D:/Apps/STM32CubeIDE/STM32CubeIDE_1.16.1/STM32CubeIDE/plugins/com.st.stm32cube.ide.mcu.externaltools.gnu-tools-for-stm32.12.3.rel1.win32_1.0.200.202406191623/tools/bin/../lib/gcc/arm-none-eabi/12.3.1/../../../../arm-none-eabi/lib/thumb/v7e-m+fp/hard\libc_nano.a(libc_a-assert.o)
 .ARM.attributes
                0x000007fb       0x34 D:/Apps/STM32CubeIDE/STM32CubeIDE_1.16.1/STM32CubeIDE/plugins/com.st.stm32cube.ide.mcu.externaltools.gnu-tools-for-stm32.12.3.rel1.win32_1.0.200.202406191623/tools/bin/../lib/gcc/arm-none-eabi/12.3.1/../../../../arm-none-eabi/lib/thumb/v7e-m+fp/hard\libc_nano.a(libc_a-freer.o)
 .ARM.attributes
                0x0000082f       0x34 D:/Apps/STM32CubeIDE/STM32CubeIDE_1.16.1/STM32CubeIDE/plugins/com.st.stm32cube.ide.mcu.externaltools.gnu-tools-for-stm32.12.3.rel1.win32_1.0.200.202406191623/tools/bin/../lib/gcc/arm-none-eabi/12.3.1/../../../../arm-none-eabi/lib/thumb/v7e-m+fp/hard\libc_nano.a(libc_a-malloc.o)
 .ARM.attributes
                0x00000863       0x34 D:/Apps/STM32CubeIDE/STM32CubeIDE_1.16.1/STM32CubeIDE/plugins/com.st.stm32cube.ide.mcu.externaltools.gnu-tools-for-stm32.12.3.rel1.win32_1.0.200.202406191623/tools/bin/../lib/gcc/arm-none-eabi/12.3.1/../../../../arm-none-eabi/lib/thumb/v7e-m+fp/hard\libc_nano.a(libc_a-mallocr.o)
 .ARM.attributes
                0x00000897       0x34 D:/Apps/STM32CubeIDE/STM32CubeIDE_1.16.1/STM32CubeIDE/plugins/com.st.stm32cube.ide.mcu.externaltools.gnu-tools-for-stm32.12.3.rel1.win32_1.0.200.202406191623/tools/bin/../lib/gcc/arm-none-eabi/12.3.1/../../../../arm-none-eabi/lib/thumb/v7e-m+fp/hard\libc_nano.a(libc_a-mlock.o)
 .ARM.attributes
                0x000008cb       0x34 D:/Apps/STM32CubeIDE/STM32CubeIDE_1.16.1/STM32CubeIDE/plugins/com.st.stm32cube.ide.mcu.externaltools.gnu-tools-for-stm32.12.3.rel1.win32_1.0.200.202406191623/tools/bin/../lib/gcc/arm-none-eabi/12.3.1/../../../../arm-none-eabi/lib/thumb/v7e-m+fp/hard\libc_nano.a(libc_a-fflush.o)
 .ARM.attributes
                0x000008ff       0x34 D:/Apps/STM32CubeIDE/STM32CubeIDE_1.16.1/STM32CubeIDE/plugins/com.st.stm32cube.ide.mcu.externaltools.gnu-tools-for-stm32.12.3.rel1.win32_1.0.200.202406191623/tools/bin/../lib/gcc/arm-none-eabi/12.3.1/../../../../arm-none-eabi/lib/thumb/v7e-m+fp/hard\libc_nano.a(libc_a-fprintf.o)
 .ARM.attributes
                0x00000933       0x34 D:/Apps/STM32CubeIDE/STM32CubeIDE_1.16.1/STM32CubeIDE/plugins/com.st.stm32cube.ide.mcu.externaltools.gnu-tools-for-stm32.12.3.rel1.win32_1.0.200.202406191623/tools/bin/../lib/gcc/arm-none-eabi/12.3.1/../../../../arm-none-eabi/lib/thumb/v7e-m+fp/hard\libc_nano.a(libc_a-sbrkr.o)
 .ARM.attributes
                0x00000967       0x34 D:/Apps/STM32CubeIDE/STM32CubeIDE_1.16.1/STM32CubeIDE/plugins/com.st.stm32cube.ide.mcu.externaltools.gnu-tools-for-stm32.12.3.rel1.win32_1.0.200.202406191623/tools/bin/../lib/gcc/arm-none-eabi/12.3.1/../../../../arm-none-eabi/lib/thumb/v7e-m+fp/hard\libc_nano.a(libc_a-abort.o)
 .ARM.attributes
                0x0000099b       0x34 D:/Apps/STM32CubeIDE/STM32CubeIDE_1.16.1/STM32CubeIDE/plugins/com.st.stm32cube.ide.mcu.externaltools.gnu-tools-for-stm32.12.3.rel1.win32_1.0.200.202406191623/tools/bin/../lib/gcc/arm-none-eabi/12.3.1/../../../../arm-none-eabi/lib/thumb/v7e-m+fp/hard\libc_nano.a(libc_a-nano-vfprintf.o)
 .ARM.attributes
                0x000009cf       0x34 D:/Apps/STM32CubeIDE/STM32CubeIDE_1.16.1/STM32CubeIDE/plugins/com.st.stm32cube.ide.mcu.externaltools.gnu-tools-for-stm32.12.3.rel1.win32_1.0.200.202406191623/tools/bin/../lib/gcc/arm-none-eabi/12.3.1/../../../../arm-none-eabi/lib/thumb/v7e-m+fp/hard\libc_nano.a(libc_a-nano-vfprintf_i.o)
 .ARM.attributes
                0x00000a03       0x34 D:/Apps/STM32CubeIDE/STM32CubeIDE_1.16.1/STM32CubeIDE/plugins/com.st.stm32cube.ide.mcu.externaltools.gnu-tools-for-stm32.12.3.rel1.win32_1.0.200.202406191623/tools/bin/../lib/gcc/arm-none-eabi/12.3.1/../../../../arm-none-eabi/lib/thumb/v7e-m+fp/hard\libc_nano.a(libc_a-wbuf.o)
 .ARM.attributes
                0x00000a37       0x34 D:/Apps/STM32CubeIDE/STM32CubeIDE_1.16.1/STM32CubeIDE/plugins/com.st.stm32cube.ide.mcu.externaltools.gnu-tools-for-stm32.12.3.rel1.win32_1.0.200.202406191623/tools/bin/../lib/gcc/arm-none-eabi/12.3.1/../../../../arm-none-eabi/lib/thumb/v7e-m+fp/hard\libc_nano.a(libc_a-wsetup.o)
 .ARM.attributes
                0x00000a6b       0x34 D:/Apps/STM32CubeIDE/STM32CubeIDE_1.16.1/STM32CubeIDE/plugins/com.st.stm32cube.ide.mcu.externaltools.gnu-tools-for-stm32.12.3.rel1.win32_1.0.200.202406191623/tools/bin/../lib/gcc/arm-none-eabi/12.3.1/../../../../arm-none-eabi/lib/thumb/v7e-m+fp/hard\libc_nano.a(libc_a-signal.o)
 .ARM.attributes
                0x00000a9f       0x34 D:/Apps/STM32CubeIDE/STM32CubeIDE_1.16.1/STM32CubeIDE/plugins/com.st.stm32cube.ide.mcu.externaltools.gnu-tools-for-stm32.12.3.rel1.win32_1.0.200.202406191623/tools/bin/../lib/gcc/arm-none-eabi/12.3.1/../../../../arm-none-eabi/lib/thumb/v7e-m+fp/hard\libc_nano.a(libc_a-signalr.o)
 .ARM.attributes
                0x00000ad3       0x1c D:/Apps/STM32CubeIDE/STM32CubeIDE_1.16.1/STM32CubeIDE/plugins/com.st.stm32cube.ide.mcu.externaltools.gnu-tools-for-stm32.12.3.rel1.win32_1.0.200.202406191623/tools/bin/../lib/gcc/arm-none-eabi/12.3.1/../../../../arm-none-eabi/lib/thumb/v7e-m+fp/hard\libc_nano.a(libc_a-memchr.o)
 .ARM.attributes
                0x00000aef       0x34 D:/Apps/STM32CubeIDE/STM32CubeIDE_1.16.1/STM32CubeIDE/plugins/com.st.stm32cube.ide.mcu.externaltools.gnu-tools-for-stm32.12.3.rel1.win32_1.0.200.202406191623/tools/bin/../lib/gcc/arm-none-eabi/12.3.1/../../../../arm-none-eabi/lib/thumb/v7e-m+fp/hard\libc_nano.a(libc_a-makebuf.o)
 .ARM.attributes
                0x00000b23       0x34 D:/Apps/STM32CubeIDE/STM32CubeIDE_1.16.1/STM32CubeIDE/plugins/com.st.stm32cube.ide.mcu.externaltools.gnu-tools-for-stm32.12.3.rel1.win32_1.0.200.202406191623/tools/bin/../lib/gcc/arm-none-eabi/12.3.1/../../../../arm-none-eabi/lib/thumb/v7e-m+fp/hard\libc_nano.a(libc_a-fstatr.o)
 .ARM.attributes
                0x00000b57       0x34 D:/Apps/STM32CubeIDE/STM32CubeIDE_1.16.1/STM32CubeIDE/plugins/com.st.stm32cube.ide.mcu.externaltools.gnu-tools-for-stm32.12.3.rel1.win32_1.0.200.202406191623/tools/bin/../lib/gcc/arm-none-eabi/12.3.1/../../../../arm-none-eabi/lib/thumb/v7e-m+fp/hard\libc_nano.a(libc_a-isattyr.o)
 .ARM.attributes
                0x00000b8b       0x34 D:/Apps/STM32CubeIDE/STM32CubeIDE_1.16.1/STM32CubeIDE/plugins/com.st.stm32cube.ide.mcu.externaltools.gnu-tools-for-stm32.12.3.rel1.win32_1.0.200.202406191623/tools/bin/../lib/gcc/arm-none-eabi/12.3.1/../../../../arm-none-eabi/lib/thumb/v7e-m+fp/hard\libm.a(libm_a-wf_sqrt.o)
 .ARM.attributes
                0x00000bbf       0x34 D:/Apps/STM32CubeIDE/STM32CubeIDE_1.16.1/STM32CubeIDE/plugins/com.st.stm32cube.ide.mcu.externaltools.gnu-tools-for-stm32.12.3.rel1.win32_1.0.200.202406191623/tools/bin/../lib/gcc/arm-none-eabi/12.3.1/../../../../arm-none-eabi/lib/thumb/v7e-m+fp/hard\libm.a(libm_a-ef_sqrt.o)
 .ARM.attributes
                0x00000bf3       0x22 D:/Apps/STM32CubeIDE/STM32CubeIDE_1.16.1/STM32CubeIDE/plugins/com.st.stm32cube.ide.mcu.externaltools.gnu-tools-for-stm32.12.3.rel1.win32_1.0.200.202406191623/tools/bin/../lib/gcc/arm-none-eabi/12.3.1/thumb/v7e-m+fp/hard/crtn.o
OUTPUT(road_condition_monitor.elf elf32-littlearm)
LOAD linker stubs
LOAD D:/Apps/STM32CubeIDE/STM32CubeIDE_1.16.1/STM32CubeIDE/plugins/com.st.stm32cube.ide.mcu.externaltools.gnu-tools-for-stm32.12.3.rel1.win32_1.0.200.202406191623/tools/bin/../lib/gcc/arm-none-eabi/12.3.1/../../../../arm-none-eabi/lib/thumb/v7e-m+fp/hard\libc.a
LOAD D:/Apps/STM32CubeIDE/STM32CubeIDE_1.16.1/STM32CubeIDE/plugins/com.st.stm32cube.ide.mcu.externaltools.gnu-tools-for-stm32.12.3.rel1.win32_1.0.200.202406191623/tools/bin/../lib/gcc/arm-none-eabi/12.3.1/../../../../arm-none-eabi/lib/thumb/v7e-m+fp/hard\libm.a
LOAD D:/Apps/STM32CubeIDE/STM32CubeIDE_1.16.1/STM32CubeIDE/plugins/com.st.stm32cube.ide.mcu.externaltools.gnu-tools-for-stm32.12.3.rel1.win32_1.0.200.202406191623/tools/bin/../lib/gcc/arm-none-eabi/12.3.1/thumb/v7e-m+fp/hard\libgcc.a

.debug_info     0x00000000     0x52ae
 .debug_info    0x00000000      0x475 ./Core/Src/NEO_6M.o
 .debug_info    0x00000475      0x2d7 ./Core/Src/esp32_comms.o
 .debug_info    0x0000074c      0x3f8 ./Core/Src/hc-sr04.o
 .debug_info    0x00000b44      0x48d ./Core/Src/i2c1.o
 .debug_info    0x00000fd1      0x4cb ./Core/Src/lsm6ds3.o
 .debug_info    0x0000149c      0x647 ./Core/Src/main.o
 .debug_info    0x00001ae3      0x134 ./Core/Src/stm32f4xx_it.o
 .debug_info    0x00001c17      0x6a3 ./Core/Src/syscalls.o
 .debug_info    0x000022ba      0x168 ./Core/Src/sysmem.o
 .debug_info    0x00002422      0x54a ./Core/Src/system_stm32f4xx.o
 .debug_info    0x0000296c      0xae9 ./Core/Src/tim5.o
 .debug_info    0x00003455      0x97e ./Core/Src/uart1.o
 .debug_info    0x00003dd3      0x75b ./Core/Src/uart2.o
 .debug_info    0x0000452e      0x3b6 ./Core/Src/uart3.o
 .debug_info    0x000048e4       0x30 ./Core/Startup/startup_stm32f446retx.o
 .debug_info    0x00004914      0x99a ./Drivers/STM32F4xx_HAL_Driver/Src/stm32f4xx_hal.o

.debug_abbrev   0x00000000     0x14e8
 .debug_abbrev  0x00000000      0x1f4 ./Core/Src/NEO_6M.o
 .debug_abbrev  0x000001f4      0x128 ./Core/Src/esp32_comms.o
 .debug_abbrev  0x0000031c      0x133 ./Core/Src/hc-sr04.o
 .debug_abbrev  0x0000044f      0x12e ./Core/Src/i2c1.o
 .debug_abbrev  0x0000057d      0x182 ./Core/Src/lsm6ds3.o
 .debug_abbrev  0x000006ff      0x181 ./Core/Src/main.o
 .debug_abbrev  0x00000880       0xa1 ./Core/Src/stm32f4xx_it.o
 .debug_abbrev  0x00000921      0x1b6 ./Core/Src/syscalls.o
 .debug_abbrev  0x00000ad7       0xbc ./Core/Src/sysmem.o
 .debug_abbrev  0x00000b93      0x11a ./Core/Src/system_stm32f4xx.o
 .debug_abbrev  0x00000cad      0x1c9 ./Core/Src/tim5.o
 .debug_abbrev  0x00000e76      0x158 ./Core/Src/uart1.o
 .debug_abbrev  0x00000fce      0x1d4 ./Core/Src/uart2.o
 .debug_abbrev  0x000011a2      0x10e ./Core/Src/uart3.o
 .debug_abbrev  0x000012b0       0x24 ./Core/Startup/startup_stm32f446retx.o
 .debug_abbrev  0x000012d4      0x214 ./Drivers/STM32F4xx_HAL_Driver/Src/stm32f4xx_hal.o

.debug_aranges  0x00000000      0x4f0
 .debug_aranges
                0x00000000       0x60 ./Core/Src/NEO_6M.o
 .debug_aranges
                0x00000060       0x30 ./Core/Src/esp32_comms.o
 .debug_aranges
                0x00000090       0x48 ./Core/Src/hc-sr04.o
 .debug_aranges
                0x000000d8       0x38 ./Core/Src/i2c1.o
 .debug_aranges
                0x00000110       0x58 ./Core/Src/lsm6ds3.o
 .debug_aranges
                0x00000168       0x20 ./Core/Src/main.o
 .debug_aranges
                0x00000188       0x60 ./Core/Src/stm32f4xx_it.o
 .debug_aranges
                0x000001e8       0xa8 ./Core/Src/syscalls.o
 .debug_aranges
                0x00000290       0x20 ./Core/Src/sysmem.o
 .debug_aranges
                0x000002b0       0x28 ./Core/Src/system_stm32f4xx.o
 .debug_aranges
                0x000002d8       0x48 ./Core/Src/tim5.o
 .debug_aranges
                0x00000320       0x30 ./Core/Src/uart1.o
 .debug_aranges
                0x00000350       0x58 ./Core/Src/uart2.o
 .debug_aranges
                0x000003a8       0x30 ./Core/Src/uart3.o
 .debug_aranges
                0x000003d8       0x28 ./Core/Startup/startup_stm32f446retx.o
 .debug_aranges
                0x00000400       0xf0 ./Drivers/STM32F4xx_HAL_Driver/Src/stm32f4xx_hal.o

.debug_rnglists
                0x00000000      0x37c
 .debug_rnglists
                0x00000000       0x46 ./Core/Src/NEO_6M.o
 .debug_rnglists
                0x00000046       0x21 ./Core/Src/esp32_comms.o
 .debug_rnglists
                0x00000067       0x33 ./Core/Src/hc-sr04.o
 .debug_rnglists
                0x0000009a       0x29 ./Core/Src/i2c1.o
 .debug_rnglists
                0x000000c3       0x41 ./Core/Src/lsm6ds3.o
 .debug_rnglists
                0x00000104       0x14 ./Core/Src/main.o
 .debug_rnglists
                0x00000118       0x43 ./Core/Src/stm32f4xx_it.o
 .debug_rnglists
                0x0000015b       0x79 ./Core/Src/syscalls.o
 .debug_rnglists
                0x000001d4       0x13 ./Core/Src/sysmem.o
 .debug_rnglists
                0x000001e7       0x1a ./Core/Src/system_stm32f4xx.o
 .debug_rnglists
                0x00000201       0x33 ./Core/Src/tim5.o
 .debug_rnglists
                0x00000234       0x20 ./Core/Src/uart1.o
 .debug_rnglists
                0x00000254       0x40 ./Core/Src/uart2.o
 .debug_rnglists
                0x00000294       0x20 ./Core/Src/uart3.o
 .debug_rnglists
                0x000002b4       0x19 ./Core/Startup/startup_stm32f446retx.o
 .debug_rnglists
                0x000002cd       0xaf ./Drivers/STM32F4xx_HAL_Driver/Src/stm32f4xx_hal.o

.debug_macro    0x00000000    0x220e5
 .debug_macro   0x00000000      0x2d5 ./Core/Src/NEO_6M.o
 .debug_macro   0x000002d5      0xab4 ./Core/Src/NEO_6M.o
 .debug_macro   0x00000d89       0x22 ./Core/Src/NEO_6M.o
 .debug_macro   0x00000dab       0x8e ./Core/Src/NEO_6M.o
 .debug_macro   0x00000e39       0x51 ./Core/Src/NEO_6M.o
 .debug_macro   0x00000e8a      0x103 ./Core/Src/NEO_6M.o
 .debug_macro   0x00000f8d       0x6a ./Core/Src/NEO_6M.o
 .debug_macro   0x00000ff7      0x1df ./Core/Src/NEO_6M.o
 .debug_macro   0x000011d6       0x10 ./Core/Src/NEO_6M.o
 .debug_macro   0x000011e6       0x2e ./Core/Src/NEO_6M.o
 .debug_macro   0x00001214       0x28 ./Core/Src/NEO_6M.o
 .debug_macro   0x0000123c       0x1c ./Core/Src/NEO_6M.o
 .debug_macro   0x00001258       0x22 ./Core/Src/NEO_6M.o
 .debug_macro   0x0000127a       0xfb ./Core/Src/NEO_6M.o
 .debug_macro   0x00001375     0x1011 ./Core/Src/NEO_6M.o
 .debug_macro   0x00002386      0x11f ./Core/Src/NEO_6M.o
 .debug_macro   0x000024a5    0x1675e ./Core/Src/NEO_6M.o
 .debug_macro   0x00018c03       0x6d ./Core/Src/NEO_6M.o
 .debug_macro   0x00018c70      0x28f ./Core/Src/NEO_6M.o
 .debug_macro   0x00018eff     0x3693 ./Core/Src/NEO_6M.o
 .debug_macro   0x0001c592      0x189 ./Core/Src/NEO_6M.o
 .debug_macro   0x0001c71b       0x5c ./Core/Src/NEO_6M.o
 .debug_macro   0x0001c777      0xca5 ./Core/Src/NEO_6M.o
 .debug_macro   0x0001d41c      0x9e9 ./Core/Src/NEO_6M.o
 .debug_macro   0x0001de05      0x115 ./Core/Src/NEO_6M.o
 .debug_macro   0x0001df1a      0x1a0 ./Core/Src/NEO_6M.o
 .debug_macro   0x0001e0ba       0xa5 ./Core/Src/NEO_6M.o
 .debug_macro   0x0001e15f      0x16d ./Core/Src/NEO_6M.o
 .debug_macro   0x0001e2cc      0x287 ./Core/Src/NEO_6M.o
 .debug_macro   0x0001e553       0x5f ./Core/Src/NEO_6M.o
 .debug_macro   0x0001e5b2      0x236 ./Core/Src/NEO_6M.o
 .debug_macro   0x0001e7e8      0x132 ./Core/Src/NEO_6M.o
 .debug_macro   0x0001e91a      0x29c ./Core/Src/NEO_6M.o
 .debug_macro   0x0001ebb6       0x2e ./Core/Src/NEO_6M.o
 .debug_macro   0x0001ebe4      0x127 ./Core/Src/NEO_6M.o
 .debug_macro   0x0001ed0b       0xe8 ./Core/Src/NEO_6M.o
 .debug_macro   0x0001edf3       0x89 ./Core/Src/NEO_6M.o
 .debug_macro   0x0001ee7c      0x126 ./Core/Src/NEO_6M.o
 .debug_macro   0x0001efa2       0x61 ./Core/Src/NEO_6M.o
 .debug_macro   0x0001f003       0x2a ./Core/Src/NEO_6M.o
 .debug_macro   0x0001f02d       0x43 ./Core/Src/NEO_6M.o
 .debug_macro   0x0001f070       0x34 ./Core/Src/NEO_6M.o
 .debug_macro   0x0001f0a4       0x16 ./Core/Src/NEO_6M.o
 .debug_macro   0x0001f0ba       0x43 ./Core/Src/NEO_6M.o
 .debug_macro   0x0001f0fd       0x34 ./Core/Src/NEO_6M.o
 .debug_macro   0x0001f131       0x10 ./Core/Src/NEO_6M.o
 .debug_macro   0x0001f141       0x58 ./Core/Src/NEO_6M.o
 .debug_macro   0x0001f199       0x8e ./Core/Src/NEO_6M.o
 .debug_macro   0x0001f227       0x1c ./Core/Src/NEO_6M.o
 .debug_macro   0x0001f243      0x177 ./Core/Src/NEO_6M.o
 .debug_macro   0x0001f3ba      0x369 ./Core/Src/NEO_6M.o
 .debug_macro   0x0001f723       0x10 ./Core/Src/NEO_6M.o
 .debug_macro   0x0001f733       0x35 ./Core/Src/NEO_6M.o
 .debug_macro   0x0001f768       0x20 ./Core/Src/NEO_6M.o
 .debug_macro   0x0001f788       0x16 ./Core/Src/NEO_6M.o
 .debug_macro   0x0001f79e       0x16 ./Core/Src/NEO_6M.o
 .debug_macro   0x0001f7b4       0x29 ./Core/Src/NEO_6M.o
 .debug_macro   0x0001f7dd       0x81 ./Core/Src/esp32_comms.o
 .debug_macro   0x0001f85e      0x1ce ./Core/Src/hc-sr04.o
 .debug_macro   0x0001fa2c      0x1c4 ./Core/Src/i2c1.o
 .debug_macro   0x0001fbf0      0x2d7 ./Core/Src/lsm6ds3.o
 .debug_macro   0x0001fec7      0x19b ./Core/Src/lsm6ds3.o
 .debug_macro   0x00020062      0x2df ./Core/Src/main.o
 .debug_macro   0x00020341       0x16 ./Core/Src/main.o
 .debug_macro   0x00020357      0x1ce ./Core/Src/stm32f4xx_it.o
 .debug_macro   0x00020525      0x274 ./Core/Src/syscalls.o
 .debug_macro   0x00020799       0x5b ./Core/Src/syscalls.o
 .debug_macro   0x000207f4       0x94 ./Core/Src/syscalls.o
 .debug_macro   0x00020888       0x57 ./Core/Src/syscalls.o
 .debug_macro   0x000208df       0x10 ./Core/Src/syscalls.o
 .debug_macro   0x000208ef       0x10 ./Core/Src/syscalls.o
 .debug_macro   0x000208ff       0x10 ./Core/Src/syscalls.o
 .debug_macro   0x0002090f       0x10 ./Core/Src/syscalls.o
 .debug_macro   0x0002091f       0x1c ./Core/Src/syscalls.o
 .debug_macro   0x0002093b       0x52 ./Core/Src/syscalls.o
 .debug_macro   0x0002098d       0x22 ./Core/Src/syscalls.o
 .debug_macro   0x000209af       0x10 ./Core/Src/syscalls.o
 .debug_macro   0x000209bf       0x52 ./Core/Src/syscalls.o
 .debug_macro   0x00020a11       0xcf ./Core/Src/syscalls.o
 .debug_macro   0x00020ae0       0x1c ./Core/Src/syscalls.o
 .debug_macro   0x00020afc       0x3d ./Core/Src/syscalls.o
 .debug_macro   0x00020b39       0x35 ./Core/Src/syscalls.o
 .debug_macro   0x00020b6e      0x12c ./Core/Src/syscalls.o
 .debug_macro   0x00020c9a       0x10 ./Core/Src/syscalls.o
 .debug_macro   0x00020caa      0x242 ./Core/Src/syscalls.o
 .debug_macro   0x00020eec       0x1c ./Core/Src/syscalls.o
 .debug_macro   0x00020f08       0x10 ./Core/Src/syscalls.o
 .debug_macro   0x00020f18       0x10 ./Core/Src/syscalls.o
 .debug_macro   0x00020f28       0x16 ./Core/Src/syscalls.o
 .debug_macro   0x00020f3e      0x146 ./Core/Src/syscalls.o
 .debug_macro   0x00021084      0x18a ./Core/Src/syscalls.o
 .debug_macro   0x0002120e       0x16 ./Core/Src/syscalls.o
 .debug_macro   0x00021224       0xce ./Core/Src/syscalls.o
 .debug_macro   0x000212f2       0xff ./Core/Src/sysmem.o
 .debug_macro   0x000213f1      0x23c ./Core/Src/sysmem.o
 .debug_macro   0x0002162d      0x1b0 ./Core/Src/system_stm32f4xx.o
 .debug_macro   0x000217dd      0x1c4 ./Core/Src/tim5.o
 .debug_macro   0x000219a1      0x1ba ./Core/Src/uart1.o
 .debug_macro   0x00021b5b      0x1c0 ./Core/Src/uart2.o
 .debug_macro   0x00021d1b      0x1ba ./Core/Src/uart3.o
 .debug_macro   0x00021ed5      0x210 ./Drivers/STM32F4xx_HAL_Driver/Src/stm32f4xx_hal.o

.debug_line     0x00000000     0x9746
 .debug_line    0x00000000      0xbf8 ./Core/Src/NEO_6M.o
 .debug_line    0x00000bf8      0x753 ./Core/Src/esp32_comms.o
 .debug_line    0x0000134b      0x9cc ./Core/Src/hc-sr04.o
 .debug_line    0x00001d17      0xbea ./Core/Src/i2c1.o
 .debug_line    0x00002901      0xbfd ./Core/Src/lsm6ds3.o
 .debug_line    0x000034fe      0xb45 ./Core/Src/main.o
 .debug_line    0x00004043      0x963 ./Core/Src/stm32f4xx_it.o
 .debug_line    0x000049a6      0xa45 ./Core/Src/syscalls.o
 .debug_line    0x000053eb      0x716 ./Core/Src/sysmem.o
 .debug_line    0x00005b01      0x8ff ./Core/Src/system_stm32f4xx.o
 .debug_line    0x00006400      0xa75 ./Core/Src/tim5.o
 .debug_line    0x00006e75      0x93c ./Core/Src/uart1.o
 .debug_line    0x000077b1      0xa8a ./Core/Src/uart2.o
 .debug_line    0x0000823b      0x91a ./Core/Src/uart3.o
 .debug_line    0x00008b55       0x7a ./Core/Startup/startup_stm32f446retx.o
 .debug_line    0x00008bcf      0xb77 ./Drivers/STM32F4xx_HAL_Driver/Src/stm32f4xx_hal.o

.debug_str      0x00000000    0xc7bf5
 .debug_str     0x00000000    0xc38d5 ./Core/Src/NEO_6M.o
                              0xc3b8e (size before relaxing)
 .debug_str     0x000c38d5      0x10b ./Core/Src/esp32_comms.o
                               0x3e59 (size before relaxing)
 .debug_str     0x000c39e0      0x21c ./Core/Src/hc-sr04.o
                              0xc092e (size before relaxing)
 .debug_str     0x000c3bfc       0xad ./Core/Src/i2c1.o
                              0xc08f1 (size before relaxing)
 .debug_str     0x000c3ca9      0x9a5 ./Core/Src/lsm6ds3.o
                              0xc4282 (size before relaxing)
 .debug_str     0x000c464e       0xc3 ./Core/Src/main.o
                              0xc3d08 (size before relaxing)
 .debug_str     0x000c4711       0xd3 ./Core/Src/stm32f4xx_it.o
                              0xc07aa (size before relaxing)
 .debug_str     0x000c47e4     0x25f7 ./Core/Src/syscalls.o
                               0x98a7 (size before relaxing)
 .debug_str     0x000c6ddb       0x6b ./Core/Src/sysmem.o
                               0x60bf (size before relaxing)
 .debug_str     0x000c6e46       0xdb ./Core/Src/system_stm32f4xx.o
                              0xc08d8 (size before relaxing)
 .debug_str     0x000c6f21      0x580 ./Core/Src/tim5.o
                              0xc0f29 (size before relaxing)
 .debug_str     0x000c74a1       0x14 ./Core/Src/uart1.o
                              0xc0e68 (size before relaxing)
 .debug_str     0x000c74b5       0x74 ./Core/Src/uart2.o
                              0xc0972 (size before relaxing)
 .debug_str     0x000c7529       0x14 ./Core/Src/uart3.o
                              0xc087d (size before relaxing)
 .debug_str     0x000c753d       0x44 ./Core/Startup/startup_stm32f446retx.o
                                 0x72 (size before relaxing)
 .debug_str     0x000c7581      0x674 ./Drivers/STM32F4xx_HAL_Driver/Src/stm32f4xx_hal.o
                              0xc149d (size before relaxing)

.comment        0x00000000       0x43
 .comment       0x00000000       0x43 ./Core/Src/NEO_6M.o
                                 0x44 (size before relaxing)
 .comment       0x00000043       0x44 ./Core/Src/esp32_comms.o
 .comment       0x00000043       0x44 ./Core/Src/hc-sr04.o
 .comment       0x00000043       0x44 ./Core/Src/i2c1.o
 .comment       0x00000043       0x44 ./Core/Src/lsm6ds3.o
 .comment       0x00000043       0x44 ./Core/Src/main.o
 .comment       0x00000043       0x44 ./Core/Src/stm32f4xx_it.o
 .comment       0x00000043       0x44 ./Core/Src/syscalls.o
 .comment       0x00000043       0x44 ./Core/Src/sysmem.o
 .comment       0x00000043       0x44 ./Core/Src/system_stm32f4xx.o
 .comment       0x00000043       0x44 ./Core/Src/tim5.o
 .comment       0x00000043       0x44 ./Core/Src/uart1.o
 .comment       0x00000043       0x44 ./Core/Src/uart2.o
 .comment       0x00000043       0x44 ./Core/Src/uart3.o
 .comment       0x00000043       0x44 ./Drivers/STM32F4xx_HAL_Driver/Src/stm32f4xx_hal.o

.debug_frame    0x00000000     0x1ac8
 .debug_frame   0x00000000      0x140 ./Core/Src/NEO_6M.o
 .debug_frame   0x00000140       0x80 ./Core/Src/esp32_comms.o
 .debug_frame   0x000001c0       0xd8 ./Core/Src/hc-sr04.o
 .debug_frame   0x00000298       0xb0 ./Core/Src/i2c1.o
 .debug_frame   0x00000348      0x12c ./Core/Src/lsm6ds3.o
 .debug_frame   0x00000474       0x30 ./Core/Src/main.o
 .debug_frame   0x000004a4      0x114 ./Core/Src/stm32f4xx_it.o
 .debug_frame   0x000005b8      0x2ac ./Core/Src/syscalls.o
 .debug_frame   0x00000864       0x34 ./Core/Src/sysmem.o
 .debug_frame   0x00000898       0x58 ./Core/Src/system_stm32f4xx.o
 .debug_frame   0x000008f0       0xe8 ./Core/Src/tim5.o
 .debug_frame   0x000009d8       0x7c ./Core/Src/uart1.o
 .debug_frame   0x00000a54      0x13c ./Core/Src/uart2.o
 .debug_frame   0x00000b90       0x7c ./Core/Src/uart3.o
 .debug_frame   0x00000c0c      0x374 ./Drivers/STM32F4xx_HAL_Driver/Src/stm32f4xx_hal.o
 .debug_frame   0x00000f80       0x30 D:/Apps/STM32CubeIDE/STM32CubeIDE_1.16.1/STM32CubeIDE/plugins/com.st.stm32cube.ide.mcu.externaltools.gnu-tools-for-stm32.12.3.rel1.win32_1.0.200.202406191623/tools/bin/../lib/gcc/arm-none-eabi/12.3.1/../../../../arm-none-eabi/lib/thumb/v7e-m+fp/hard\libc_nano.a(libc_a-atoi.o)
 .debug_frame   0x00000fb0       0x64 D:/Apps/STM32CubeIDE/STM32CubeIDE_1.16.1/STM32CubeIDE/plugins/com.st.stm32cube.ide.mcu.externaltools.gnu-tools-for-stm32.12.3.rel1.win32_1.0.200.202406191623/tools/bin/../lib/gcc/arm-none-eabi/12.3.1/../../../../arm-none-eabi/lib/thumb/v7e-m+fp/hard\libc_nano.a(libc_a-strtol.o)
 .debug_frame   0x00001014      0x144 D:/Apps/STM32CubeIDE/STM32CubeIDE_1.16.1/STM32CubeIDE/plugins/com.st.stm32cube.ide.mcu.externaltools.gnu-tools-for-stm32.12.3.rel1.win32_1.0.200.202406191623/tools/bin/../lib/gcc/arm-none-eabi/12.3.1/../../../../arm-none-eabi/lib/thumb/v7e-m+fp/hard\libc_nano.a(libc_a-findfp.o)
 .debug_frame   0x00001158       0x34 D:/Apps/STM32CubeIDE/STM32CubeIDE_1.16.1/STM32CubeIDE/plugins/com.st.stm32cube.ide.mcu.externaltools.gnu-tools-for-stm32.12.3.rel1.win32_1.0.200.202406191623/tools/bin/../lib/gcc/arm-none-eabi/12.3.1/../../../../arm-none-eabi/lib/thumb/v7e-m+fp/hard\libc_nano.a(libc_a-fwalk.o)
 .debug_frame   0x0000118c       0x88 D:/Apps/STM32CubeIDE/STM32CubeIDE_1.16.1/STM32CubeIDE/plugins/com.st.stm32cube.ide.mcu.externaltools.gnu-tools-for-stm32.12.3.rel1.win32_1.0.200.202406191623/tools/bin/../lib/gcc/arm-none-eabi/12.3.1/../../../../arm-none-eabi/lib/thumb/v7e-m+fp/hard\libc_nano.a(libc_a-stdio.o)
 .debug_frame   0x00001214       0x20 D:/Apps/STM32CubeIDE/STM32CubeIDE_1.16.1/STM32CubeIDE/plugins/com.st.stm32cube.ide.mcu.externaltools.gnu-tools-for-stm32.12.3.rel1.win32_1.0.200.202406191623/tools/bin/../lib/gcc/arm-none-eabi/12.3.1/../../../../arm-none-eabi/lib/thumb/v7e-m+fp/hard\libc_nano.a(libc_a-memset.o)